02-12 03:07:35.029  1595  1595 I sf_frame_dur: [com.oculus.android_panel_app.AndroidPanelLayer-com.oculus.vrshell-controlbar13#1617,9,0,0,0,0,1,0]
02-12 03:07:35.030 18759 18759 I wm_on_top_resumed_gained_called: [37899142,com.projectm.questxr.QuestNativeActivity,topStateChangedWhenResumed]
02-12 03:07:35.030  1024  1362 I sysui_multi_action: [757,803,799,window_time_4,802,12]
02-12 03:07:35.032  1024  1366 I input_focus: [Focus request 3f7cadf com.projectm.questxr/com.projectm.questxr.QuestNativeActivity,reason=UpdateInputWindows]
02-12 03:07:35.036  3501  3501 I wm_on_paused_called: [265236486,com.oculus.vrshell.FocusPlaceholderActivity,performPause,0]
02-12 03:07:35.038  5570  5570 I wm_on_stop_called: [216208176,com.oculus.panelapp.destinationui.DestinationUiActivity,STOP_ACTIVITY_ITEM,1]
02-12 03:07:35.039  1024  4336 I wm_destroy_activity: [0,265236486,1328,com.oculus.vrshell/.FocusPlaceholderActivity,finish-imm:completePausedLocked]
02-12 03:07:35.044  1024  1876 I input_focus: [Focus entering 3f7cadf com.projectm.questxr/com.projectm.questxr.QuestNativeActivity (server),reason=setFocusedWindow]
02-12 03:07:35.049  3501  3501 I wm_on_stop_called: [265236486,com.oculus.vrshell.FocusPlaceholderActivity,LIFECYCLER_STOP_ACTIVITY,0]
02-12 03:07:35.049  3501  3501 I wm_on_destroy_called: [265236486,com.oculus.vrshell.FocusPlaceholderActivity,performDestroy,0]
02-12 03:07:35.053  1024  2265 I wm_task_removed: [1328,1327,0,removeChild, last child = ActivityRecord{fcf3006 u0 com.oculus.vrshell/.FocusPlaceholderActivity t-1 f}} in Task{67d76c7 #1328 type=standard A=10026:com.oculus.vrshell:-339196040}]
02-12 03:07:35.068  1024  1024 I wm_task_removed: [1327,1327,0,deleteRootTask]
02-12 03:07:35.071  1595  1595 I sf_frame_dur: [com.oculus.systemux/com.oculus.panelapp.destinationui.DestinationUiActivity#1605,34,1,1,2,1,1,2]
02-12 03:07:35.073  1024  1362 I sysui_multi_action: [757,803,799,window_time_4,802,0]
02-12 03:07:35.117 17288 17288 I wm_on_paused_called: [27496211,com.google.android.apps.youtube.vr.activities.YouTubeVrPanel2Activity,performPause,100]
02-12 03:07:35.118  1024  1365 I wm_stop_activity: [0,27496211,com.google.android.apps.youtube.vr.oculus/com.google.android.apps.youtube.vr.activities.YouTubeVrPanel2Activity]
02-12 03:07:35.201 17288 17288 I wm_on_stop_called: [27496211,com.google.android.apps.youtube.vr.activities.YouTubeVrPanel2Activity,STOP_ACTIVITY_ITEM,31]
02-12 03:07:45.061  1024  1372 I am_pss  : [14626,10058,com.oculus.metacam,24615936,18595840,2834432,130478080,0,3,6]
02-12 03:07:47.301  1024  1877 I sysui_multi_action: [757,803,799,key_oculus_down,802,1]
02-12 03:07:47.303  1024  1876 I input_interaction: Interaction with: 3f7cadf com.projectm.questxr/com.projectm.questxr.QuestNativeActivity (server), PointerEventDispatcher0 (server), 
02-12 03:07:47.735  1024  3007 I wm_set_keyguard_occluded: [0,0,0,setOccluded]
02-12 03:07:47.765  1024  2028 I storage_state: [41217664-9172-527a-b3d5-edabb50a7d69,0,0,23029157888,110166224896]
02-12 03:07:47.772  1024  1363 I wm_task_created: 1336
02-12 03:07:47.789  1024  1363 I sysui_multi_action: [757,1659,758,4,759,2,1660,81]
02-12 03:07:47.796  1024  1363 I wm_task_created: 1337
02-12 03:07:47.798  1024  1363 I wm_task_moved: [1337,1336,0,1,2147483647]
02-12 03:07:47.799  1024  1363 I wm_task_moved: [1336,1336,0,1,7]
02-12 03:07:47.800  1024  1363 I wm_focused_root_task: [0,0,1336,3,reuseOrNewTask]
02-12 03:07:47.800  1024  1363 I wm_create_task: [0,1337,1336,0]
02-12 03:07:47.800  1024  1363 I wm_create_activity: [0,38403628,1337,com.oculus.vrshell/.intents.AndroidIntentsRelayActivity,com.oculus.vrshell.intent.action.QUIT_TO_HOME,NULL,NULL,276889856]
02-12 03:07:47.800  1024  1363 I wm_task_moved: [1336,1336,0,1,7]
02-12 03:07:47.800  1024  1363 I wm_task_moved: [1337,1336,0,1,2147483647]
02-12 03:07:47.800  1024  1363 I wm_task_to_front: [0,1337,0]
02-12 03:07:47.800 18759 18759 I wm_on_top_resumed_lost_called: [37899142,com.projectm.questxr.QuestNativeActivity,topStateChangedWhenResumed]
02-12 03:07:47.800  1024  1363 I wm_restart_activity: [0,38403628,1337,com.oculus.vrshell/.intents.AndroidIntentsRelayActivity]
02-12 03:07:47.801  1024  1363 I wm_set_resumed_activity: [0,com.oculus.vrshell/.intents.AndroidIntentsRelayActivity,minimalResumeActivityLocked - onActivityStateChanged]
02-12 03:07:47.807  1024  2265 I wm_finish_activity: [0,38403628,1337,com.oculus.vrshell/.intents.AndroidIntentsRelayActivity,app-request]
02-12 03:07:47.807  1024  2265 I wm_task_moved: [3,3,0,1,7]
02-12 03:07:47.807  1024  2265 I wm_set_resumed_activity: [0,com.projectm.questxr/.QuestNativeActivity,positionChildTaskAt]
02-12 03:07:47.807  1024  2265 I wm_task_moved: [1329,3,0,1,2147483647]
02-12 03:07:47.807  1024  2265 I wm_task_to_front: [0,1329,0]
02-12 03:07:47.807  1024  2265 I wm_focused_root_task: [0,0,3,-1,finish-top adjustFocusToNextFocusableTask]
02-12 03:07:47.808  1024  2265 I wm_pause_activity: [0,38403628,com.oculus.vrshell/.intents.AndroidIntentsRelayActivity,userLeaving=false,finish]
02-12 03:07:47.808  3501  3501 I wm_on_create_called: [38403628,com.oculus.vrshell.intents.AndroidIntentsRelayActivity,performCreate,3]
02-12 03:07:47.809  1024  1365 I sysui_multi_action: [757,1144,758,8,806,com.oculus.vrshell,871,com.oculus.vrshell.intents.AndroidIntentsRelayActivity]
02-12 03:07:47.811 18759 18759 I wm_on_top_resumed_gained_called: [37899142,com.projectm.questxr.QuestNativeActivity,topStateChangedWhenResumed]
02-12 03:07:47.813  1024  4336 I wm_destroy_activity: [0,38403628,1337,com.oculus.vrshell/.intents.AndroidIntentsRelayActivity,finish-imm:completePausedLocked]
02-12 03:07:47.813  3501  3501 I wm_on_destroy_called: [38403628,com.oculus.vrshell.intents.AndroidIntentsRelayActivity,performDestroy,0]
02-12 03:07:47.815  1024  4336 I wm_task_removed: [1337,1336,0,removeChild, last child = ActivityRecord{249fe2c u0 com.oculus.vrshell/.intents.AndroidIntentsRelayActivity t-1 f}} in Task{6fad0f5 #1337 type=standard A=10026:com.oculus.vrshell:1679482699}]
02-12 03:07:47.815  1024  1024 I wm_task_removed: [1336,1336,0,deleteRootTask]
02-12 03:07:47.816  1024  1362 I sysui_multi_action: [757,803,799,window_time_4,802,13]
02-12 03:07:47.816  1024  1362 I sysui_multi_action: [757,803,799,window_time_4,802,0]
02-12 03:07:47.831  1024  4336 I wm_set_keyguard_occluded: [0,0,0,setOccluded]
02-12 03:07:47.834  1024  1363 I wm_task_moved: [1332,1332,0,1,6]
02-12 03:07:47.834  1024  1363 I wm_task_moved: [1333,1332,0,1,2147483647]
02-12 03:07:47.834  1024  1363 I wm_task_to_front: [0,1333,0]
02-12 03:07:47.834  1024  1363 I wm_new_intent: [0,216208176,1333,com.oculus.systemux/com.oculus.panelapp.destinationui.DestinationUiActivity,android.intent.action.MAIN,NULL,NULL,268501248]
02-12 03:07:47.852  1024  3305 I wm_set_keyguard_occluded: [0,0,0,setOccluded]
02-12 03:07:47.854  1024  1363 I wm_task_created: 1338
02-12 03:07:47.869  1024  1363 I sysui_multi_action: [757,1659,758,4,759,1,1660,82]
02-12 03:07:47.875  1024  1363 I wm_task_created: 1339
02-12 03:07:47.877  1024  1363 I wm_task_moved: [1339,1338,0,1,2147483647]
02-12 03:07:47.878  1024  1363 I wm_task_moved: [1338,1338,0,1,7]
02-12 03:07:47.878  1024  1363 I wm_focused_root_task: [0,0,1338,3,reuseOrNewTask]
02-12 03:07:47.878  1024  1363 I wm_create_task: [0,1339,1338,0]
02-12 03:07:47.878  1024  1363 I wm_create_activity: [0,20417841,1339,com.oculus.vrshell/.FocusPlaceholderActivity,NULL,NULL,NULL,276889856]
02-12 03:07:47.878  1024  1363 I wm_task_moved: [1338,1338,0,1,7]
02-12 03:07:47.878  1024  1363 I wm_task_moved: [1339,1338,0,1,2147483647]
02-12 03:07:47.878  1024  1363 I wm_task_to_front: [0,1339,0]
02-12 03:07:47.878  1024  1363 I wm_restart_activity: [0,20417841,1339,com.oculus.vrshell/.FocusPlaceholderActivity]
02-12 03:07:47.879 18759 18759 I wm_on_top_resumed_lost_called: [37899142,com.projectm.questxr.QuestNativeActivity,topStateChangedWhenResumed]
02-12 03:07:47.879  1024  1363 I wm_set_resumed_activity: [0,com.oculus.vrshell/.FocusPlaceholderActivity,minimalResumeActivityLocked - onActivityStateChanged]
02-12 03:07:47.882  1024  1365 I sysui_multi_action: [757,1144,758,9,806,com.oculus.systemux,871,com.oculus.panelapp.destinationui.DestinationUiActivity]
02-12 03:07:47.883  1024  1876 I input_cancel: [PointerEventDispatcher0 (server),reason=input event injection failed]
02-12 03:07:47.902  1024  1412 I sysui_multi_action: [757,1659,758,4,759,2,1660,83]
02-12 03:07:47.923  1024  1363 I sysui_multi_action: [757,1659,758,4,759,2,1660,84]
02-12 03:07:47.932  1024  1365 I wm_resume_activity: [0,216208176,1333,com.oculus.systemux/com.oculus.panelapp.destinationui.DestinationUiActivity]
02-12 03:07:47.932  1024  1365 I wm_resume_activity: [0,27496211,1335,com.google.android.apps.youtube.vr.oculus/com.google.android.apps.youtube.vr.activities.YouTubeVrPanel2Activity]
02-12 03:07:47.934 17288 17288 I wm_on_restart_called: [27496211,com.google.android.apps.youtube.vr.activities.YouTubeVrPanel2Activity,performRestart,1]
02-12 03:07:47.935  5570  5570 I wm_on_restart_called: [216208176,com.oculus.panelapp.destinationui.DestinationUiActivity,performRestart,0]
02-12 03:07:47.937  5570  5570 I wm_on_start_called: [216208176,com.oculus.panelapp.destinationui.DestinationUiActivity,handleStartActivity,3]
02-12 03:07:47.938  5570  5570 I wm_on_resume_called: [216208176,com.oculus.panelapp.destinationui.DestinationUiActivity,RESUME_ACTIVITY,0]
02-12 03:07:47.942  3501  3501 I wm_on_create_called: [20417841,com.oculus.vrshell.FocusPlaceholderActivity,performCreate,4]
02-12 03:07:47.942  3501  3501 I wm_on_start_called: [20417841,com.oculus.vrshell.FocusPlaceholderActivity,handleStartActivity,0]
02-12 03:07:47.943  3501  3501 I wm_on_resume_called: [20417841,com.oculus.vrshell.FocusPlaceholderActivity,RESUME_ACTIVITY,0]
02-12 03:07:47.946 17288 17288 I wm_on_start_called: [27496211,com.google.android.apps.youtube.vr.activities.YouTubeVrPanel2Activity,handleStartActivity,11]
02-12 03:07:47.949  3501  3501 I wm_on_top_resumed_gained_called: [20417841,com.oculus.vrshell.FocusPlaceholderActivity,topStateChangedWhenResumed]
02-12 03:07:47.954 17288 17288 I wm_on_resume_called: [27496211,com.google.android.apps.youtube.vr.activities.YouTubeVrPanel2Activity,RESUME_ACTIVITY,6]
02-12 03:07:47.957  1024  1366 I input_focus: [Focus request 8817499 com.oculus.vrshell/com.oculus.vrshell.FocusPlaceholderActivity,reason=UpdateInputWindows]
02-12 03:07:47.958 17288 17288 I input_focus: [Giving fake focus to com.google.android.apps.youtube.vr.oculus,reason=unity bug workaround]
02-12 03:07:47.962 17288 17288 I input_focus: [Removing fake focus from com.google.android.apps.youtube.vr.oculus,reason=timeout callback]
02-12 03:07:47.971  1024  1362 I wm_activity_launch_time: [0,20417841,com.oculus.vrshell/.FocusPlaceholderActivity,97]
02-12 03:07:47.972  5274  5849 I jank_cuj_events_begin_request: [39,1770894467972081000,2390750559870,2390750559922,]
02-12 03:07:47.975  1024  1876 I input_focus: [Focus leaving 3f7cadf com.projectm.questxr/com.projectm.questxr.QuestNativeActivity (server),reason=Waiting for window because NO_WINDOW]
02-12 03:07:47.975  1024  1876 I input_focus: [Focus entering 8817499 com.oculus.vrshell/com.oculus.vrshell.FocusPlaceholderActivity (server),reason=Window became focusable. Previous reason: NO_WINDOW]
02-12 03:07:48.022  1024  1876 I input_interaction: Interaction with: fd93ca9 com.google.android.apps.youtube.vr.oculus/com.google.android.apps.youtube.vr.activities.YouTubeVrPanel2Activity (server), PointerEventDispatcher0 (server), 
02-12 03:07:48.252  5274  5849 I jank_cuj_events_end_request: [39,1770894468252218000,2391030697450,2391030697502]
02-12 03:07:48.446  1595  1595 I sf_frame_dur: [Splash Screen com.oculus.vrshell#1691,23,1,0,0,0,0,0]
02-12 03:07:48.651  1024  1876 I input_interaction: Interaction with: 64c713a com.oculus.systemux/com.oculus.panelapp.destinationui.DestinationUiActivity (server), PointerEventDispatcher0 (server), 
02-12 03:07:50.031  1024  1365 I wm_task_moved: [1332,1332,0,1,7]
02-12 03:07:50.032  3501  3501 I wm_on_top_resumed_lost_called: [20417841,com.oculus.vrshell.FocusPlaceholderActivity,topStateChangedWhenResumed]
02-12 03:07:50.032  1024  1365 I wm_set_resumed_activity: [0,com.oculus.systemux/com.oculus.panelapp.destinationui.DestinationUiActivity,positionChildTaskAt]
02-12 03:07:50.032  1024  1365 I wm_task_moved: [1333,1332,0,1,2147483647]
02-12 03:07:50.032  1024  1365 I wm_task_to_front: [0,1333,0]
02-12 03:07:50.033  1024  1365 I wm_focused_root_task: [0,0,1332,1338,setFocusedTask]
02-12 03:07:50.033  1024  1365 I wm_set_resumed_activity: [0,com.oculus.systemux/com.oculus.panelapp.destinationui.DestinationUiActivity,setFocusedTask]
02-12 03:07:50.034  1024  1366 I input_focus: [Focus request 64c713a com.oculus.systemux/com.oculus.panelapp.destinationui.DestinationUiActivity,reason=UpdateInputWindows]
02-12 03:07:50.043  5570  5570 I wm_on_top_resumed_gained_called: [216208176,com.oculus.panelapp.destinationui.DestinationUiActivity,topStateChangedWhenResumed]
02-12 03:07:50.045  1024  1876 I input_focus: [Focus leaving 8817499 com.oculus.vrshell/com.oculus.vrshell.FocusPlaceholderActivity (server),reason=setFocusedWindow]
02-12 03:07:50.045  1024  1876 I input_focus: [Focus entering 64c713a com.oculus.systemux/com.oculus.panelapp.destinationui.DestinationUiActivity (server),reason=setFocusedWindow]
02-12 03:07:50.351  1024  1412 I wm_finish_activity: [0,216208176,1333,com.oculus.systemux/com.oculus.panelapp.destinationui.DestinationUiActivity,app-request]
02-12 03:07:50.351  1024  1412 I wm_task_moved: [1338,1338,0,1,7]
02-12 03:07:50.352  1024  1412 I wm_set_resumed_activity: [0,com.oculus.vrshell/.FocusPlaceholderActivity,positionChildTaskAt]
02-12 03:07:50.352  1024  1412 I wm_task_moved: [1339,1338,0,1,2147483647]
02-12 03:07:50.352  1024  1412 I wm_task_to_front: [0,1339,0]
02-12 03:07:50.353  1024  1412 I wm_focused_root_task: [0,0,1338,-1,finish-top adjustFocusToNextFocusableTask]
02-12 03:07:50.353  1024  1412 I wm_pause_activity: [0,216208176,com.oculus.systemux/com.oculus.panelapp.destinationui.DestinationUiActivity,userLeaving=false,finish]
02-12 03:07:50.355  1024  1366 I input_focus: [Focus request 8817499 com.oculus.vrshell/com.oculus.vrshell.FocusPlaceholderActivity,reason=UpdateInputWindows]
02-12 03:07:50.355  5570  5570 I wm_on_top_resumed_lost_called: [216208176,com.oculus.panelapp.destinationui.DestinationUiActivity,topStateChangedWhenResumed]
02-12 03:07:50.355  3501  3501 I wm_on_top_resumed_gained_called: [20417841,com.oculus.vrshell.FocusPlaceholderActivity,topStateChangedWhenResumed]
02-12 03:07:50.355  5570  5570 I wm_on_paused_called: [216208176,com.oculus.panelapp.destinationui.DestinationUiActivity,performPause,0]
02-12 03:07:50.356  1024  4337 I wm_destroy_activity: [0,216208176,1333,com.oculus.systemux/com.oculus.panelapp.destinationui.DestinationUiActivity,finish-imm:completePausedLocked]
02-12 03:07:50.364  1024  1876 I input_focus: [Focus leaving 64c713a com.oculus.systemux/com.oculus.panelapp.destinationui.DestinationUiActivity (server),reason=NO_WINDOW]
02-12 03:07:50.365  1024  1412 I wm_set_keyguard_occluded: [0,0,0,setOccluded]
02-12 03:07:50.365  1024  1876 I input_focus: [Focus entering 8817499 com.oculus.vrshell/com.oculus.vrshell.FocusPlaceholderActivity (server),reason=setFocusedWindow]
02-12 03:07:50.366  1024  1362 I sysui_multi_action: [757,803,799,window_time_4,802,3]
02-12 03:07:50.366  5570  5570 I wm_on_stop_called: [216208176,com.oculus.panelapp.destinationui.DestinationUiActivity,LIFECYCLER_STOP_ACTIVITY,1]
02-12 03:07:50.369  1024  1362 I sysui_multi_action: [757,803,799,window_time_4,802,0]
02-12 03:07:50.373  1024  1363 I wm_task_moved: [2,2,0,1,7]
02-12 03:07:50.373  1024  1363 I wm_task_moved: [1241,2,0,1,2147483647]
02-12 03:07:50.373  1024  1363 I wm_task_to_front: [0,1241,0]
02-12 03:07:50.373  1024  1363 I wm_focused_root_task: [0,0,2,1338,bringingFoundTaskToFront]
02-12 03:07:50.373  3501  3501 I wm_on_top_resumed_lost_called: [20417841,com.oculus.vrshell.FocusPlaceholderActivity,topStateChangedWhenResumed]
02-12 03:07:50.373  1024  1363 I wm_set_resumed_activity: [0,com.oculus.vrshell/.HomeActivity,bringingFoundTaskToFront]
02-12 03:07:50.374  1024  1363 I wm_new_intent: [0,47355202,1241,com.oculus.vrshell/.HomeActivity,android.intent.action.MAIN,NULL,NULL,276889856]
02-12 03:07:50.374  1024  1363 I wm_pause_activity: [0,37899142,com.projectm.questxr/.QuestNativeActivity,userLeaving=true,pauseBackTasks]
02-12 03:07:50.376  1024  1366 I input_focus: [Requesting to set focus to null window,reason=UpdateInputWindows]
02-12 03:07:50.378  5570  5570 I wm_on_destroy_called: [216208176,com.oculus.panelapp.destinationui.DestinationUiActivity,performDestroy,10]
02-12 03:07:50.378 18759 18759 I wm_on_paused_called: [37899142,com.projectm.questxr.QuestNativeActivity,performPause,4]
02-12 03:07:50.379  1024  1412 I wm_set_resumed_activity: [0,com.oculus.vrshell/.HomeActivity,resumeTopActivity - onActivityStateChanged]
02-12 03:07:50.379  1024  1412 I wm_add_to_stopping: [0,37899142,com.projectm.questxr/.QuestNativeActivity,makeInvisible]
02-12 03:07:50.380  1024  1412 I wm_resume_activity: [0,47355202,1241,com.oculus.vrshell/.HomeActivity]
02-12 03:07:50.380  3501  3501 I wm_on_restart_called: [47355202,com.oculus.vrshell.HomeActivity,performRestart,0]
02-12 03:07:50.383  3501  3501 I wm_on_start_called: [47355202,com.oculus.vrshell.HomeActivity,handleStartActivity,2]
02-12 03:07:50.383  3501  3501 I wm_on_resume_called: [47355202,com.oculus.vrshell.HomeActivity,RESUME_ACTIVITY,0]
02-12 03:07:50.383  3501  3501 I wm_on_top_resumed_gained_called: [47355202,com.oculus.vrshell.HomeActivity,topWhenResuming]
02-12 03:07:50.384  1024  1412 I wm_task_removed: [1333,1332,0,removeChild, last child = ActivityRecord{ce31330 u0 com.oculus.systemux/com.oculus.panelapp.destinationui.DestinationUiActivity t-1 f}} in Task{3a7fba9 #1333 type=standard A=10005:com.oculus.systemux:-1716353802}]
02-12 03:07:50.385  1024  1412 I wm_task_removed: [1332,1332,0,removeChild, last child = Task{3a7fba9 #1333 type=standard A=10005:com.oculus.systemux:-1716353802} in Task{73005fc #1332 type=standard}]
02-12 03:07:50.389  1024  1362 I sysui_multi_action: [757,803,799,window_time_4,802,0]
02-12 03:07:50.392  1024  1876 I input_focus: [Focus leaving 8817499 com.oculus.vrshell/com.oculus.vrshell.FocusPlaceholderActivity (server),reason=Waiting for window because NO_WINDOW]
02-12 03:07:50.395  1024  1366 I input_focus: [Focus request 29e672 com.oculus.vrshell/com.oculus.vrshell.HomeActivity,reason=UpdateInputWindows]
02-12 03:07:50.404  1595  1595 I sf_frame_dur: [com.oculus.systemux/com.oculus.panelapp.destinationui.DestinationUiActivity#1704,28,2,1,2,0,1,1]
02-12 03:07:50.407  1024  1876 I input_focus: [Focus entering 29e672 com.oculus.vrshell/com.oculus.vrshell.HomeActivity (server),reason=Window became focusable. Previous reason: NO_WINDOW]
02-12 03:07:50.418  1595  1595 I sf_frame_dur: [com.oculus.vrshell/com.oculus.vrshell.HomeActivity#1539,0,0,0,0,0,0,2]
02-12 03:07:50.419  1024  1365 I wm_stop_activity: [0,37899142,com.projectm.questxr/.QuestNativeActivity]
02-12 03:07:50.430 18759 18759 I wm_on_stop_called: [37899142,com.projectm.questxr.QuestNativeActivity,STOP_ACTIVITY_ITEM,0]
02-12 03:07:50.432  1595  1595 I sf_frame_dur: [com.oculus.android_panel_app.AndroidPanelLayer-com.oculus.vrshell-controlbar13#1716,1,0,0,0,0,0,0]
02-12 03:07:50.441  1024  4332 I wm_set_keyguard_occluded: [0,0,0,setOccluded]
02-12 03:07:50.443  1024  1363 I wm_new_intent: [0,47355202,1241,com.oculus.vrshell/.HomeActivity,android.intent.action.MAIN,NULL,NULL,276889856]
02-12 03:07:50.443  1024  1363 I wm_task_moved: [2,2,0,1,6]
02-12 03:07:50.444  1024  1363 I wm_set_keyguard_occluded: [0,0,0,setOccluded]
02-12 03:07:50.448  1024  4332 I wm_finish_activity: [0,37899142,1329,com.projectm.questxr/.QuestNativeActivity,app-request]
02-12 03:07:50.452  1024  4332 I wm_destroy_activity: [0,37899142,1329,com.projectm.questxr/.QuestNativeActivity,finish-imm:finishIfPossible]
02-12 03:07:50.456  1024  1412 I wm_add_to_stopping: [0,27496211,com.google.android.apps.youtube.vr.oculus/com.google.android.apps.youtube.vr.activities.YouTubeVrPanel2Activity,makeInvisible]
02-12 03:07:50.463  1024  1024 I wm_pause_activity: [0,27496211,com.google.android.apps.youtube.vr.oculus/com.google.android.apps.youtube.vr.activities.YouTubeVrPanel2Activity,userLeaving=true,finishTransition]
02-12 03:07:50.470  3501  3501 I wm_on_top_resumed_lost_called: [47355202,com.oculus.vrshell.HomeActivity,pausing]
02-12 03:07:50.470  3501  3501 I wm_on_paused_called: [47355202,com.oculus.vrshell.HomeActivity,performPause,0]
02-12 03:07:50.470  3501  3501 I wm_on_resume_called: [47355202,com.oculus.vrshell.HomeActivity,LIFECYCLER_RESUME_ACTIVITY,0]
02-12 03:07:50.470  3501  3501 I wm_on_top_resumed_gained_called: [47355202,com.oculus.vrshell.HomeActivity,topWhenResuming]
02-12 03:07:50.474 17288 17288 I wm_on_paused_called: [27496211,com.google.android.apps.youtube.vr.activities.YouTubeVrPanel2Activity,performPause,8]
02-12 03:07:50.474  1595  1595 I sf_frame_dur: [com.oculus.android_panel_app.AndroidPanelLayer-com.oculus.vrshell-controlbar11#1715,0,1,0,0,0,0,0]
02-12 03:07:50.477  1024  1362 I sysui_multi_action: [757,803,799,window_time_4,802,0]
02-12 03:07:50.477  1024  1365 I wm_stop_activity: [0,27496211,com.google.android.apps.youtube.vr.oculus/com.google.android.apps.youtube.vr.activities.YouTubeVrPanel2Activity]
02-12 03:07:50.516 18759 18759 I wm_on_destroy_called: [37899142,com.projectm.questxr.QuestNativeActivity,performDestroy,32]
02-12 03:07:50.520 17288 17288 I wm_on_stop_called: [27496211,com.google.android.apps.youtube.vr.activities.YouTubeVrPanel2Activity,STOP_ACTIVITY_ITEM,15]
02-12 03:07:50.527  1024  4336 I wm_task_removed: [1329,3,0,removeChild, last child = ActivityRecord{2424b86 u0 com.projectm.questxr/.QuestNativeActivity t-1 f}} in Task{8e12c47 #1329 type=standard A=10031:com.projectm.questxr}]
02-12 03:07:50.538  1024  1362 I sysui_multi_action: [757,803,799,window_time_4,802,0]
02-12 03:07:52.845  1024  3305 I wm_resume_activity: [0,27496211,1335,com.google.android.apps.youtube.vr.oculus/com.google.android.apps.youtube.vr.activities.YouTubeVrPanel2Activity]
02-12 03:07:52.846 17288 17288 I wm_on_restart_called: [27496211,com.google.android.apps.youtube.vr.activities.YouTubeVrPanel2Activity,performRestart,1]
02-12 03:07:52.862 17288 17288 I wm_on_start_called: [27496211,com.google.android.apps.youtube.vr.activities.YouTubeVrPanel2Activity,handleStartActivity,16]
02-12 03:07:52.875 17288 17288 I wm_on_resume_called: [27496211,com.google.android.apps.youtube.vr.activities.YouTubeVrPanel2Activity,RESUME_ACTIVITY,7]
02-12 03:07:52.876  1024  1363 I sysui_multi_action: [757,1659,758,4,759,2,1660,85]
02-12 03:07:52.879 17288 17288 I input_focus: [Giving fake focus to com.google.android.apps.youtube.vr.oculus,reason=unity bug workaround]
02-12 03:07:52.882 17288 17288 I input_focus: [Removing fake focus from com.google.android.apps.youtube.vr.oculus,reason=timeout callback]
02-12 03:07:52.909  1024  1876 I input_interaction: Interaction with: fd93ca9 com.google.android.apps.youtube.vr.oculus/com.google.android.apps.youtube.vr.activities.YouTubeVrPanel2Activity (server), PointerEventDispatcher0 (server), 
02-12 03:07:53.001  1595  1595 I sf_frame_dur: [com.oculus.vrshell/com.oculus.vrshell.FocusPlaceholderActivity#1534,1,0,0,0,0,0,2]
02-12 03:07:54.307  1024  1876 I input_interaction: Interaction with: ba8c98b com.oculus.android_panel_app.AndroidPanelLayer-com.oculus.vrshell-controlbar11 (server), PointerEventDispatcher85 (server), 
02-12 03:07:54.711  1024  1876 I input_interaction: Interaction with: 8165729 com.oculus.systemux/com.oculus.panelapp.anytimeui.AnytimeUIActivity (server), PointerEventDispatcher0 (server), 
02-12 03:07:55.685  1024  3007 I wm_add_to_stopping: [0,27496211,com.google.android.apps.youtube.vr.oculus/com.google.android.apps.youtube.vr.activities.YouTubeVrPanel2Activity,makeInvisible]
02-12 03:07:55.690  1024  1024 I wm_pause_activity: [0,27496211,com.google.android.apps.youtube.vr.oculus/com.google.android.apps.youtube.vr.activities.YouTubeVrPanel2Activity,userLeaving=true,finishTransition]
02-12 03:07:55.696 17288 17288 I wm_on_paused_called: [27496211,com.google.android.apps.youtube.vr.activities.YouTubeVrPanel2Activity,performPause,5]
02-12 03:07:55.701  1024  1365 I wm_stop_activity: [0,27496211,com.google.android.apps.youtube.vr.oculus/com.google.android.apps.youtube.vr.activities.YouTubeVrPanel2Activity]
02-12 03:07:55.702  1024  1362 I sysui_multi_action: [757,803,799,window_time_4,802,5]
02-12 03:07:55.710  1595  1595 I sf_frame_dur: [com.oculus.android_panel_app.AndroidPanelLayer-com.oculus.vrshell-controlbar11#1743,13,1,0,0,0,0,1]
02-12 03:07:55.711  1024  1372 I am_pss  : [19189,10147,com.android.rkpdapp,8908800,5468160,0,99504128,0,19,4]
02-12 03:07:55.731 17288 17288 I wm_on_stop_called: [27496211,com.google.android.apps.youtube.vr.activities.YouTubeVrPanel2Activity,STOP_ACTIVITY_ITEM,13]
02-12 03:07:56.782  1024  1024 I service_manager_stats: [100,28,25029]
02-12 03:07:56.806  1024  3892 I wm_task_moved: [1334,1334,0,1,6]
02-12 03:07:56.825  1024  3892 I wm_set_resumed_activity: [0,com.google.android.apps.youtube.vr.oculus/com.google.android.apps.youtube.vr.activities.YouTubeVrPanel2Activity,resumeTopActivity - onActivityStateChanged]
02-12 03:07:56.825  1024  3892 I wm_resume_activity: [0,27496211,1335,com.google.android.apps.youtube.vr.oculus/com.google.android.apps.youtube.vr.activities.YouTubeVrPanel2Activity]
02-12 03:07:56.826 17288 17288 I wm_on_restart_called: [27496211,com.google.android.apps.youtube.vr.activities.YouTubeVrPanel2Activity,performRestart,1]
02-12 03:07:56.828  1024  1366 I input_focus: [Requesting to set focus to null window,reason=UpdateInputWindows]
02-12 03:07:56.837 17288 17288 I wm_on_start_called: [27496211,com.google.android.apps.youtube.vr.activities.YouTubeVrPanel2Activity,handleStartActivity,9]
02-12 03:07:56.850  1024  1876 I input_focus: [Focus leaving 29e672 com.oculus.vrshell/com.oculus.vrshell.HomeActivity (server),reason=Waiting for window because NO_WINDOW]
02-12 03:07:56.850 17288 17288 I wm_on_resume_called: [27496211,com.google.android.apps.youtube.vr.activities.YouTubeVrPanel2Activity,RESUME_ACTIVITY,10]
02-12 03:07:56.854 17288 17288 I input_focus: [Giving fake focus to com.google.android.apps.youtube.vr.oculus,reason=unity bug workaround]
02-12 03:07:56.855  1024  1363 I sysui_multi_action: [757,1659,758,4,759,2,1660,86]
02-12 03:07:56.856 17288 17288 I input_focus: [Removing fake focus from com.google.android.apps.youtube.vr.oculus,reason=timeout callback]
02-12 03:07:56.865  1024  1366 I input_focus: [Focus request fd93ca9 com.google.android.apps.youtube.vr.oculus/com.google.android.apps.youtube.vr.activities.YouTubeVrPanel2Activity,reason=UpdateInputWindows]
02-12 03:07:56.868  3501  3501 I wm_on_top_resumed_lost_called: [47355202,com.oculus.vrshell.HomeActivity,topStateChangedWhenResumed]
02-12 03:07:56.878  1024  1876 I input_focus: [Focus entering fd93ca9 com.google.android.apps.youtube.vr.oculus/com.google.android.apps.youtube.vr.activities.YouTubeVrPanel2Activity (server),reason=Window became focusable. Previous reason: NO_WINDOW]
02-12 03:07:56.882 17288 17288 I wm_on_top_resumed_gained_called: [27496211,com.google.android.apps.youtube.vr.activities.YouTubeVrPanel2Activity,topStateChangedWhenResumed]
02-12 03:07:57.112  1024  1876 I input_interaction: Interaction with: fd93ca9 com.google.android.apps.youtube.vr.oculus/com.google.android.apps.youtube.vr.activities.YouTubeVrPanel2Activity (server), PointerEventDispatcher0 (server), 
02-12 03:07:59.736  1024  2009 I netstats_mobile_sample: [0,0,0,0,0,0,0,0,1770894480114]
02-12 03:07:59.736  1024  2009 I netstats_wifi_sample: [1602772369,61526509,1150872,121655,1582739722,61526509,1233935,121655,1770894480114]
02-12 03:08:00.835  1024  1876 I input_interaction: Interaction with: 8165729 com.oculus.systemux/com.oculus.panelapp.anytimeui.AnytimeUIActivity (server), PointerEventDispatcher0 (server), 
02-12 03:08:01.350  1024  1876 I input_cancel: [PointerEventDispatcher0 (server),reason=input event injection failed]
02-12 03:08:01.839 19189 19189 I auditd  : type=1400 audit(0.0:156): avc:  denied  { read } for  comm="binder:19189_4" name="u:object_r:remote_prov_prop:s0" dev="tmpfs" ino=387 scontext=u:r:platform_app:s0:c512,c768 tcontext=u:object_r:remote_prov_prop:s0 tclass=file permissive=0 app=com.android.rkpdapp
02-12 03:08:03.016  1024  1876 I input_cancel: [PointerEventDispatcher0 (server),reason=input event injection failed]
02-12 03:08:03.770  1024  1877 I sysui_multi_action: [757,803,799,key_oculus_down,802,1]
02-12 03:08:04.230  1024  4336 I wm_add_to_stopping: [0,27496211,com.google.android.apps.youtube.vr.oculus/com.google.android.apps.youtube.vr.activities.YouTubeVrPanel2Activity,makeInvisible]
02-12 03:08:04.235 17288 17288 I wm_on_top_resumed_lost_called: [27496211,com.google.android.apps.youtube.vr.activities.YouTubeVrPanel2Activity,topStateChangedWhenResumed]
02-12 03:08:04.236  1024  1024 I wm_set_resumed_activity: [0,com.oculus.vrshell/.HomeActivity,startPausingLocked - onActivityStateChanged]
02-12 03:08:04.237  1024  1024 I wm_pause_activity: [0,27496211,com.google.android.apps.youtube.vr.oculus/com.google.android.apps.youtube.vr.activities.YouTubeVrPanel2Activity,userLeaving=true,finishTransition]
02-12 03:08:04.239  3501  3501 I wm_on_top_resumed_gained_called: [47355202,com.oculus.vrshell.HomeActivity,topStateChangedWhenResumed]
02-12 03:08:04.240  1024  1366 I input_focus: [Focus request 29e672 com.oculus.vrshell/com.oculus.vrshell.HomeActivity,reason=UpdateInputWindows]
02-12 03:08:04.252  1595  1595 I sf_frame_dur: [com.oculus.android_panel_app.AndroidPanelLayer-com.oculus.vrshell-controlbar11#1761,0,0,1,0,0,0,0]
02-12 03:08:04.253  1024  1876 I input_focus: [Focus leaving fd93ca9 com.google.android.apps.youtube.vr.oculus/com.google.android.apps.youtube.vr.activities.YouTubeVrPanel2Activity (server),reason=setFocusedWindow]
02-12 03:08:04.253  1024  1876 I input_focus: [Focus entering 29e672 com.oculus.vrshell/com.oculus.vrshell.HomeActivity (server),reason=setFocusedWindow]
02-12 03:08:04.264 17288 17288 I wm_on_paused_called: [27496211,com.google.android.apps.youtube.vr.activities.YouTubeVrPanel2Activity,performPause,23]
02-12 03:08:04.265  1024  1362 I sysui_multi_action: [757,803,799,window_time_4,802,9]
02-12 03:08:04.265  1024  1365 I wm_stop_activity: [0,27496211,com.google.android.apps.youtube.vr.oculus/com.google.android.apps.youtube.vr.activities.YouTubeVrPanel2Activity]
02-12 03:08:04.299 17288 17288 I wm_on_stop_called: [27496211,com.google.android.apps.youtube.vr.activities.YouTubeVrPanel2Activity,STOP_ACTIVITY_ITEM,13]
02-12 03:08:06.073  1024  1877 I sysui_multi_action: [757,803,799,key_oculus_down,802,1]
02-12 03:08:06.537  1024  3007 I wm_set_resumed_activity: [0,com.google.android.apps.youtube.vr.oculus/com.google.android.apps.youtube.vr.activities.YouTubeVrPanel2Activity,resumeTopActivity - onActivityStateChanged]
02-12 03:08:06.537  1024  3007 I wm_resume_activity: [0,27496211,1335,com.google.android.apps.youtube.vr.oculus/com.google.android.apps.youtube.vr.activities.YouTubeVrPanel2Activity]
02-12 03:08:06.539  3501  3501 I wm_on_top_resumed_lost_called: [47355202,com.oculus.vrshell.HomeActivity,topStateChangedWhenResumed]
02-12 03:08:06.539 17288 17288 I wm_on_restart_called: [27496211,com.google.android.apps.youtube.vr.activities.YouTubeVrPanel2Activity,performRestart,1]
02-12 03:08:06.540  1024  1366 I input_focus: [Requesting to set focus to null window,reason=UpdateInputWindows]
02-12 03:08:06.554 17288 17288 I wm_on_start_called: [27496211,com.google.android.apps.youtube.vr.activities.YouTubeVrPanel2Activity,handleStartActivity,12]
02-12 03:08:06.558  1024  1876 I input_focus: [Focus leaving 29e672 com.oculus.vrshell/com.oculus.vrshell.HomeActivity (server),reason=Waiting for window because NO_WINDOW]
02-12 03:08:06.567 17288 17288 I wm_on_resume_called: [27496211,com.google.android.apps.youtube.vr.activities.YouTubeVrPanel2Activity,RESUME_ACTIVITY,8]
02-12 03:08:06.567  1024  1363 I sysui_multi_action: [757,1659,758,4,759,2,1660,87]
02-12 03:08:06.571 17288 17288 I input_focus: [Giving fake focus to com.google.android.apps.youtube.vr.oculus,reason=unity bug workaround]
02-12 03:08:06.573 17288 17288 I input_focus: [Removing fake focus from com.google.android.apps.youtube.vr.oculus,reason=timeout callback]
02-12 03:08:06.580  1024  1366 I input_focus: [Focus request fd93ca9 com.google.android.apps.youtube.vr.oculus/com.google.android.apps.youtube.vr.activities.YouTubeVrPanel2Activity,reason=UpdateInputWindows]
02-12 03:08:06.591 17288 17288 I wm_on_top_resumed_gained_called: [27496211,com.google.android.apps.youtube.vr.activities.YouTubeVrPanel2Activity,topStateChangedWhenResumed]
02-12 03:08:06.600  1024  1876 I input_focus: [Focus entering fd93ca9 com.google.android.apps.youtube.vr.oculus/com.google.android.apps.youtube.vr.activities.YouTubeVrPanel2Activity (server),reason=Window became focusable. Previous reason: NO_WINDOW]
02-12 03:08:06.821  1024  1876 I input_interaction: Interaction with: d5c49bf com.oculus.android_panel_app.AndroidPanelLayer-com.oculus.vrshell-controlbar11 (server), PointerEventDispatcher87 (server), 
02-12 03:08:07.044  1024  1876 I input_interaction: Interaction with: 8165729 com.oculus.systemux/com.oculus.panelapp.anytimeui.AnytimeUIActivity (server), PointerEventDispatcher0 (server), 
02-12 03:08:08.255  1024  1363 I sysui_multi_action: [757,1659,758,4,759,1,1660,88]
02-12 03:08:10.348  1024  1024 I service_manager_stats: [100,27,13567]
02-12 03:08:10.463  1024  3892 I wm_add_to_stopping: [0,27496211,com.google.android.apps.youtube.vr.oculus/com.google.android.apps.youtube.vr.activities.YouTubeVrPanel2Activity,makeInvisible]
02-12 03:08:10.468  1024  1366 I input_focus: [Requesting to set focus to null window,reason=UpdateInputWindows]
02-12 03:08:10.470 17288 17288 I wm_on_top_resumed_lost_called: [27496211,com.google.android.apps.youtube.vr.activities.YouTubeVrPanel2Activity,topStateChangedWhenResumed]
02-12 03:08:10.470  1024  1024 I wm_set_resumed_activity: [0,com.oculus.vrshell/.HomeActivity,startPausingLocked - onActivityStateChanged]
02-12 03:08:10.470  1024  1024 I wm_pause_activity: [0,27496211,com.google.android.apps.youtube.vr.oculus/com.google.android.apps.youtube.vr.activities.YouTubeVrPanel2Activity,userLeaving=true,finishTransition]
02-12 03:08:10.471  1024  1366 I input_focus: [Focus request 29e672 com.oculus.vrshell/com.oculus.vrshell.HomeActivity,reason=UpdateInputWindows]
02-12 03:08:10.474  3501  3501 I wm_on_top_resumed_gained_called: [47355202,com.oculus.vrshell.HomeActivity,topStateChangedWhenResumed]
02-12 03:08:10.480 17288 17288 I wm_on_paused_called: [27496211,com.google.android.apps.youtube.vr.activities.YouTubeVrPanel2Activity,performPause,8]
02-12 03:08:10.481  1024  1362 I sysui_multi_action: [757,803,799,window_time_4,802,6]
02-12 03:08:10.482  1024  1365 I wm_stop_activity: [0,27496211,com.google.android.apps.youtube.vr.oculus/com.google.android.apps.youtube.vr.activities.YouTubeVrPanel2Activity]
02-12 03:08:10.488  1595  1595 I sf_frame_dur: [com.oculus.android_panel_app.AndroidPanelLayer-com.oculus.vrshell-controlbar11#1780,13,0,1,1,0,0,0]
02-12 03:08:10.492  1024  1876 I input_focus: [Focus leaving fd93ca9 com.google.android.apps.youtube.vr.oculus/com.google.android.apps.youtube.vr.activities.YouTubeVrPanel2Activity (server),reason=Waiting for window because NO_WINDOW]
02-12 03:08:10.492  1024  1876 I input_focus: [Focus entering 29e672 com.oculus.vrshell/com.oculus.vrshell.HomeActivity (server),reason=setFocusedWindow]
02-12 03:08:10.502 17288 17288 I wm_on_stop_called: [27496211,com.google.android.apps.youtube.vr.activities.YouTubeVrPanel2Activity,STOP_ACTIVITY_ITEM,15]
02-12 03:08:11.353  1024  4315 I wm_set_resumed_activity: [0,com.google.android.apps.youtube.vr.oculus/com.google.android.apps.youtube.vr.activities.YouTubeVrPanel2Activity,resumeTopActivity - onActivityStateChanged]
02-12 03:08:11.353  1024  4315 I wm_resume_activity: [0,27496211,1335,com.google.android.apps.youtube.vr.oculus/com.google.android.apps.youtube.vr.activities.YouTubeVrPanel2Activity]
02-12 03:08:11.354 17288 17288 I wm_on_restart_called: [27496211,com.google.android.apps.youtube.vr.activities.YouTubeVrPanel2Activity,performRestart,0]
02-12 03:08:11.356  1024  1366 I input_focus: [Requesting to set focus to null window,reason=UpdateInputWindows]
02-12 03:08:11.362 17288 17288 I wm_on_start_called: [27496211,com.google.android.apps.youtube.vr.activities.YouTubeVrPanel2Activity,handleStartActivity,8]
02-12 03:08:11.377 17288 17288 I wm_on_resume_called: [27496211,com.google.android.apps.youtube.vr.activities.YouTubeVrPanel2Activity,RESUME_ACTIVITY,7]
02-12 03:08:11.379  1024  1363 I sysui_multi_action: [757,1659,758,4,759,2,1660,89]
02-12 03:08:11.380  1024  1876 I input_focus: [Focus leaving 29e672 com.oculus.vrshell/com.oculus.vrshell.HomeActivity (server),reason=Waiting for window because NO_WINDOW]
02-12 03:08:11.382 17288 17288 I input_focus: [Giving fake focus to com.google.android.apps.youtube.vr.oculus,reason=unity bug workaround]
02-12 03:08:11.385 17288 17288 I input_focus: [Removing fake focus from com.google.android.apps.youtube.vr.oculus,reason=timeout callback]
02-12 03:08:11.386  3501  3501 I wm_on_top_resumed_lost_called: [47355202,com.oculus.vrshell.HomeActivity,topStateChangedWhenResumed]
02-12 03:08:11.395  1024  1366 I input_focus: [Focus request fd93ca9 com.google.android.apps.youtube.vr.oculus/com.google.android.apps.youtube.vr.activities.YouTubeVrPanel2Activity,reason=UpdateInputWindows]
02-12 03:08:11.412 17288 17288 I wm_on_top_resumed_gained_called: [27496211,com.google.android.apps.youtube.vr.activities.YouTubeVrPanel2Activity,topStateChangedWhenResumed]
02-12 03:08:11.420  1024  1876 I input_focus: [Focus entering fd93ca9 com.google.android.apps.youtube.vr.oculus/com.google.android.apps.youtube.vr.activities.YouTubeVrPanel2Activity (server),reason=Window became focusable. Previous reason: NO_WINDOW]
02-12 03:08:11.612  1024  1876 I input_interaction: Interaction with: fd93ca9 com.google.android.apps.youtube.vr.oculus/com.google.android.apps.youtube.vr.activities.YouTubeVrPanel2Activity (server), PointerEventDispatcher0 (server), 
02-12 03:08:14.293  1024  1876 I input_interaction: Interaction with: 7ecf86 com.oculus.android_panel_app.AndroidPanelLayer-com.oculus.vrshell-controlbar11 (server), PointerEventDispatcher89 (server), 
02-12 03:08:14.530  1024  1876 I input_interaction: Interaction with: 8165729 com.oculus.systemux/com.oculus.panelapp.anytimeui.AnytimeUIActivity (server), PointerEventDispatcher0 (server), 
02-12 03:08:16.136  1024  3305 I wm_set_keyguard_occluded: [0,0,0,setOccluded]
02-12 03:08:16.204  1024  1363 I sysui_multi_action: [757,1659,758,4,759,2,1660,90]
02-12 03:08:16.210  1595  1595 I sf_frame_dur: [com.oculus.android_panel_app.AndroidPanelLayer-com.oculus.vrshell-controlbar11#1810,10,0,0,0,0,0,1]
02-12 03:08:16.215  1024  1363 I wm_task_created: 1340
02-12 03:08:16.216  1024  1363 I wm_task_moved: [1340,3,0,1,2147483647]
02-12 03:08:16.217  1024  1363 I wm_task_moved: [3,3,0,1,6]
02-12 03:08:16.217  1024  1363 I wm_focused_root_task: [0,0,3,1334,reuseOrNewTask]
02-12 03:08:16.217  1024  1363 I wm_create_task: [0,1340,3,0]
02-12 03:08:16.217  1024  1363 I wm_create_activity: [0,117112353,1340,com.projectm.questxr/.QuestNativeActivity,android.intent.action.MAIN,NULL,NULL,268501248]
02-12 03:08:16.217 17288 17288 I wm_on_top_resumed_lost_called: [27496211,com.google.android.apps.youtube.vr.activities.YouTubeVrPanel2Activity,topStateChangedWhenResumed]
02-12 03:08:16.217  1024  1363 I wm_task_moved: [3,3,0,1,6]
02-12 03:08:16.217  1024  1363 I wm_task_moved: [1340,3,0,1,2147483647]
02-12 03:08:16.217  1024  1363 I wm_task_to_front: [0,1340,0]
02-12 03:08:16.218  1024  1363 I wm_pause_activity: [0,47355202,com.oculus.vrshell/.HomeActivity,userLeaving=true,pauseBackTasks]
02-12 03:08:16.224  3501  3501 I wm_on_paused_called: [47355202,com.oculus.vrshell.HomeActivity,performPause,1]
02-12 03:08:16.227  1024  1185 I wm_add_to_stopping: [0,47355202,com.oculus.vrshell/.HomeActivity,makeInvisible]
02-12 03:08:16.227  1024  1185 I wm_restart_activity: [0,117112353,1340,com.projectm.questxr/.QuestNativeActivity]
02-12 03:08:16.229  1024  1185 I wm_set_resumed_activity: [0,com.projectm.questxr/.QuestNativeActivity,minimalResumeActivityLocked - onActivityStateChanged]
02-12 03:08:16.232  1024  1366 I input_focus: [Requesting to set focus to null window,reason=UpdateInputWindows]
02-12 03:08:16.242  1024  1362 I sysui_multi_action: [757,803,799,window_time_4,802,6]
02-12 03:08:16.253  1024  1876 I input_focus: [Focus leaving fd93ca9 com.google.android.apps.youtube.vr.oculus/com.google.android.apps.youtube.vr.activities.YouTubeVrPanel2Activity (server),reason=Waiting for window because NO_WINDOW]
02-12 03:08:16.265  1024  4335 I wm_finish_activity: [0,20417841,1339,com.oculus.vrshell/.FocusPlaceholderActivity,app-request]
02-12 03:08:16.265  1024  4335 I wm_pause_activity: [0,20417841,com.oculus.vrshell/.FocusPlaceholderActivity,userLeaving=false,finish]
02-12 03:08:16.267  3501  3501 I wm_on_paused_called: [20417841,com.oculus.vrshell.FocusPlaceholderActivity,performPause,0]
02-12 03:08:16.269  1024  1185 I wm_add_to_stopping: [0,20417841,com.oculus.vrshell/.FocusPlaceholderActivity,completeFinishing]
02-12 03:08:16.292 18759 18759 I wm_on_create_called: [117112353,com.projectm.questxr.QuestNativeActivity,performCreate,46]
02-12 03:08:16.299  1024  3726 I wm_set_resumed_activity: [0,com.projectm.questxr/.QuestNativeActivity,setFocusedTask-alreadyTop]
02-12 03:08:16.299  1024  1362 I sysui_multi_action: [757,803,799,window_time_4,802,0]
02-12 03:08:16.871 18759 18759 I wm_on_start_called: [117112353,com.projectm.questxr.QuestNativeActivity,handleStartActivity,577]
02-12 03:08:16.874 18759 18759 I wm_on_resume_called: [117112353,com.projectm.questxr.QuestNativeActivity,RESUME_ACTIVITY,3]
02-12 03:08:16.880 18759 18759 I wm_on_top_resumed_gained_called: [117112353,com.projectm.questxr.QuestNativeActivity,topStateChangedWhenResumed]
02-12 03:08:16.891 18759 18759 I input_focus: [Giving fake focus to com.projectm.questxr,reason=unity bug workaround]
02-12 03:08:16.891 18759 18759 I input_focus: [Removing fake focus from com.projectm.questxr,reason=timeout callback]
02-12 03:08:16.894  1024  1366 I input_focus: [Focus request defe2d5 com.projectm.questxr/com.projectm.questxr.QuestNativeActivity,reason=UpdateInputWindows]
02-12 03:08:16.907  1024  1362 I sysui_multi_action: [319,697,322,696,325,2418,757,761,758,8,759,2,806,com.projectm.questxr,871,com.projectm.questxr.QuestNativeActivity,904,com.oculus.vrshell,905,0,1320,12,1321,1]
02-12 03:08:16.908  1024  1362 I wm_activity_launch_time: [0,117112353,com.projectm.questxr/.QuestNativeActivity,696]
02-12 03:08:16.912  1024  1365 I wm_add_to_stopping: [0,27496211,com.google.android.apps.youtube.vr.oculus/com.google.android.apps.youtube.vr.activities.YouTubeVrPanel2Activity,makeInvisible]
02-12 03:08:16.915  1024  1365 I wm_stop_activity: [0,47355202,com.oculus.vrshell/.HomeActivity]
02-12 03:08:16.915  1024  1365 I wm_destroy_activity: [0,20417841,1339,com.oculus.vrshell/.FocusPlaceholderActivity,finish-imm:idle]
02-12 03:08:16.920  1024  1024 I wm_destroy_activity: [0,20417841,1339,com.oculus.vrshell/.FocusPlaceholderActivity,finish-imm:deleteRootTask]
02-12 03:08:16.921  1024  1876 I input_focus: [Focus entering defe2d5 com.projectm.questxr/com.projectm.questxr.QuestNativeActivity (server),reason=Window became focusable. Previous reason: NO_WINDOW]
02-12 03:08:16.924  1024  1024 I wm_pause_activity: [0,27496211,com.google.android.apps.youtube.vr.oculus/com.google.android.apps.youtube.vr.activities.YouTubeVrPanel2Activity,userLeaving=true,finishTransition]
02-12 03:08:16.939  1024  1362 I sysui_multi_action: [757,803,799,window_time_4,802,0]
02-12 03:08:16.944  3501  3501 I wm_on_stop_called: [47355202,com.oculus.vrshell.HomeActivity,STOP_ACTIVITY_ITEM,1]
02-12 03:08:16.944  3501  3501 I wm_on_stop_called: [20417841,com.oculus.vrshell.FocusPlaceholderActivity,LIFECYCLER_STOP_ACTIVITY,0]
02-12 03:08:16.945  3501  3501 I wm_on_destroy_called: [20417841,com.oculus.vrshell.FocusPlaceholderActivity,performDestroy,0]
02-12 03:08:16.954  1024  1822 I wm_task_removed: [1339,1338,0,removeChild, last child = ActivityRecord{1378d31 u0 com.oculus.vrshell/.FocusPlaceholderActivity t-1 f}} in Task{6923c16 #1339 type=standard A=10026:com.oculus.vrshell:-339196040}]
02-12 03:08:16.955  1024  1822 I wm_task_removed: [1338,1338,0,removeChild, last child = Task{6923c16 #1339 type=standard A=10026:com.oculus.vrshell:-339196040} in Task{211028d #1338 type=standard}]
02-12 03:08:16.974  1595  1595 I sf_frame_dur: [com.oculus.vrshell/com.oculus.vrshell.FocusPlaceholderActivity#1705,1,0,0,0,0,1,2]
02-12 03:08:16.983 17288 17288 I wm_on_paused_called: [27496211,com.google.android.apps.youtube.vr.activities.YouTubeVrPanel2Activity,performPause,42]
02-12 03:08:16.984  1024  1362 I sysui_multi_action: [757,803,799,window_time_4,802,0]
02-12 03:08:16.984  1024  1365 I wm_stop_activity: [0,27496211,com.google.android.apps.youtube.vr.oculus/com.google.android.apps.youtube.vr.activities.YouTubeVrPanel2Activity]
02-12 03:08:16.987  1595  1595 I sf_frame_dur: [com.oculus.vrshell/com.oculus.vrshell.HomeActivity#1723,3,0,0,0,0,1,2]
02-12 03:08:17.038 17288 17288 I wm_on_stop_called: [27496211,com.google.android.apps.youtube.vr.activities.YouTubeVrPanel2Activity,STOP_ACTIVITY_ITEM,28]
02-12 03:08:23.364  1024  1877 I sysui_multi_action: [757,803,799,key_oculus_down,802,1]
02-12 03:08:23.365  1024  1876 I input_interaction: Interaction with: defe2d5 com.projectm.questxr/com.projectm.questxr.QuestNativeActivity (server), PointerEventDispatcher0 (server), 
02-12 03:08:23.777  1024  1822 I wm_set_keyguard_occluded: [0,0,0,setOccluded]
02-12 03:08:23.814  1024  1363 I wm_task_created: 1341
02-12 03:08:23.830  1024  1363 I sysui_multi_action: [757,1659,758,4,759,2,1660,91]
02-12 03:08:23.836  1024  1363 I wm_task_created: 1342
02-12 03:08:23.836  1024  1363 I wm_task_moved: [1342,1341,0,1,2147483647]
02-12 03:08:23.837  1024  1363 I wm_task_moved: [1341,1341,0,1,6]
02-12 03:08:23.837  1024  1363 I wm_focused_root_task: [0,0,1341,3,reuseOrNewTask]
02-12 03:08:23.837  1024  1363 I wm_create_task: [0,1342,1341,0]
02-12 03:08:23.837  1024  1363 I wm_create_activity: [0,65270030,1342,com.oculus.vrshell/.intents.AndroidIntentsRelayActivity,com.oculus.vrshell.intent.action.QUIT_TO_HOME,NULL,NULL,276889856]
02-12 03:08:23.838  1024  1363 I wm_task_moved: [1341,1341,0,1,6]
02-12 03:08:23.838  1024  1363 I wm_task_moved: [1342,1341,0,1,2147483647]
02-12 03:08:23.838  1024  1363 I wm_task_to_front: [0,1342,0]
02-12 03:08:23.838 18759 18759 I wm_on_top_resumed_lost_called: [117112353,com.projectm.questxr.QuestNativeActivity,topStateChangedWhenResumed]
02-12 03:08:23.838  1024  1363 I wm_restart_activity: [0,65270030,1342,com.oculus.vrshell/.intents.AndroidIntentsRelayActivity]
02-12 03:08:23.839  1024  1363 I wm_set_resumed_activity: [0,com.oculus.vrshell/.intents.AndroidIntentsRelayActivity,minimalResumeActivityLocked - onActivityStateChanged]
02-12 03:08:23.844  1024  1822 I wm_finish_activity: [0,65270030,1342,com.oculus.vrshell/.intents.AndroidIntentsRelayActivity,app-request]
02-12 03:08:23.844  1024  1822 I wm_task_moved: [3,3,0,1,6]
02-12 03:08:23.845  1024  1822 I wm_set_resumed_activity: [0,com.projectm.questxr/.QuestNativeActivity,positionChildTaskAt]
02-12 03:08:23.845  1024  1822 I wm_task_moved: [1340,3,0,1,2147483647]
02-12 03:08:23.845  1024  1822 I wm_task_to_front: [0,1340,0]
02-12 03:08:23.845  1024  1822 I wm_focused_root_task: [0,0,3,-1,finish-top adjustFocusToNextFocusableTask]
02-12 03:08:23.845  1024  1822 I wm_pause_activity: [0,65270030,com.oculus.vrshell/.intents.AndroidIntentsRelayActivity,userLeaving=false,finish]
02-12 03:08:23.846  3501  3501 I wm_on_create_called: [65270030,com.oculus.vrshell.intents.AndroidIntentsRelayActivity,performCreate,2]
02-12 03:08:23.846  1024  1365 I sysui_multi_action: [757,1144,758,8,806,com.oculus.vrshell,871,com.oculus.vrshell.intents.AndroidIntentsRelayActivity]
02-12 03:08:23.849  1024  1024 I wm_destroy_activity: [0,65270030,1342,com.oculus.vrshell/.intents.AndroidIntentsRelayActivity,finish-imm:deleteRootTask]
02-12 03:08:23.850  1024  1362 I sysui_multi_action: [757,803,799,window_time_4,802,7]
02-12 03:08:23.851 18759 18759 I wm_on_top_resumed_gained_called: [117112353,com.projectm.questxr.QuestNativeActivity,topStateChangedWhenResumed]
02-12 03:08:23.852  1024  1822 I wm_failed_to_pause: [0,65270030,com.oculus.vrshell/.intents.AndroidIntentsRelayActivity,(none)]
02-12 03:08:23.852  3501  3501 I wm_on_destroy_called: [65270030,com.oculus.vrshell.intents.AndroidIntentsRelayActivity,performDestroy,0]
02-12 03:08:23.853  1024  4336 I wm_task_removed: [1342,1341,0,removeChild, last child = ActivityRecord{3e3f10e u0 com.oculus.vrshell/.intents.AndroidIntentsRelayActivity t-1 f}} in Task{a54172f #1342 type=standard A=10026:com.oculus.vrshell:1679482699}]
02-12 03:08:23.854  1024  4336 I wm_task_removed: [1341,1341,0,removeChild, last child = Task{a54172f #1342 type=standard A=10026:com.oculus.vrshell:1679482699} in Task{46058ac #1341 type=standard}]
02-12 03:08:23.860  1024  4336 I wm_set_keyguard_occluded: [0,0,0,setOccluded]
02-12 03:08:23.898  1024  1363 I wm_task_created: 1343
02-12 03:08:23.913  1024  1363 I sysui_multi_action: [757,1659,758,4,759,2,1660,92]
02-12 03:08:23.920  1024  1363 I wm_task_created: 1344
