02-12 03:16:54.071  1024  2009 I netstats_mobile_sample: [0,0,0,0,0,0,0,0,1770895014450]
02-12 03:16:54.072  1024  2009 I netstats_wifi_sample: [1658193080,72321640,1197170,136256,1636882046,72321577,1281285,136255,1770895014450]
02-12 03:16:55.898  1024  1372 I am_pss  : [2495,1000,com.oculus.os.vrlockscreen,11888640,9031680,421888,105328640,0,0,5]
02-12 03:16:55.912  1024  1372 I am_pss  : [1024,1000,system,191165440,178270208,0,346279936,0,0,10]
02-12 03:16:59.474  1024  1024 I service_manager_stats: [100,31,10248]
02-12 03:17:09.759  1024  1024 I service_manager_stats: [100,30,10286]
02-12 03:17:10.422  1024  2009 I netstats_mobile_sample: [0,0,0,0,0,0,0,0,1770895030801]
02-12 03:17:10.423  1024  2009 I netstats_wifi_sample: [1662370849,72616227,1200361,136855,1640999343,72616227,1284634,136855,1770895030801]
02-12 03:17:20.116  1024  1024 I service_manager_stats: [100,21,10356]
02-12 03:17:44.346  1024  1372 I am_pss  : [3827,10043,com.oculus.ocms,52117504,43347968,3891200,161345536,0,3,6]
02-12 03:17:44.366  1024  1372 I am_pss  : [4930,10021,com.oculus.presence,44360704,27242496,13725696,142659584,0,0,7]
02-12 03:17:50.581  1024  1876 I input_interaction: Interaction with: 25a0244 com.oculus.android_panel_app.AndroidPanelLayer-com.oculus.vrshell-controlbar11 (server), PointerEventDispatcher132 (server), 
02-12 03:17:51.378  1024  1876 I input_interaction: Interaction with: 8165729 com.oculus.systemux/com.oculus.panelapp.anytimeui.AnytimeUIActivity (server), PointerEventDispatcher0 (server), 
02-12 03:17:56.698  1024  1876 I input_interaction: Interaction with: 7e95bd7 com.oculus.systemux/com.oculus.panelapp.destinationui.DestinationUiActivity (server), PointerEventDispatcher0 (server), 
02-12 03:17:56.974  1024  1186 I wm_add_to_stopping: [0,125331172,com.google.android.apps.youtube.vr.oculus/com.google.android.apps.youtube.vr.activities.YouTubeVrPanel2Activity,makeInvisible]
02-12 03:17:56.974  1024  1186 I wm_add_to_stopping: [0,142035421,com.oculus.systemux/com.oculus.panelapp.destinationui.DestinationUiActivity,makeInvisible]
02-12 03:17:56.980  1024  1366 I input_focus: [Requesting to set focus to null window,reason=UpdateInputWindows]
02-12 03:17:56.981 21543 21543 I wm_on_top_resumed_lost_called: [125331172,com.google.android.apps.youtube.vr.activities.YouTubeVrPanel2Activity,topStateChangedWhenResumed]
02-12 03:17:56.982  1024  1024 I wm_set_resumed_activity: [0,com.oculus.vrshell/.FocusPlaceholderActivity,startPausingLocked - onActivityStateChanged]
02-12 03:17:56.982  1024  1024 I wm_pause_activity: [0,125331172,com.google.android.apps.youtube.vr.oculus/com.google.android.apps.youtube.vr.activities.YouTubeVrPanel2Activity,userLeaving=true,finishTransition]
02-12 03:17:56.982  1024  1024 I wm_pause_activity: [0,142035421,com.oculus.systemux/com.oculus.panelapp.destinationui.DestinationUiActivity,userLeaving=true,finishTransition]
02-12 03:17:56.983  5570  5570 I wm_on_paused_called: [142035421,com.oculus.panelapp.destinationui.DestinationUiActivity,performPause,0]
02-12 03:17:56.983  1024  1366 I input_focus: [Focus request a286373 com.oculus.vrshell/com.oculus.vrshell.FocusPlaceholderActivity,reason=UpdateInputWindows]
02-12 03:17:56.984  1024  1362 I sysui_multi_action: [757,803,799,window_time_4,802,157]
02-12 03:17:56.994  1024  1365 I wm_stop_activity: [0,142035421,com.oculus.systemux/com.oculus.panelapp.destinationui.DestinationUiActivity]
02-12 03:17:56.996  1024  1372 I am_pss  : [14626,10058,com.oculus.metacam,24860672,18894848,2789376,130949120,0,3,4]
02-12 03:17:56.998  5570  5570 I wm_on_stop_called: [142035421,com.oculus.panelapp.destinationui.DestinationUiActivity,STOP_ACTIVITY_ITEM,0]
02-12 03:17:57.002  1595  1595 I sf_frame_dur: [com.oculus.android_panel_app.AndroidPanelLayer-com.oculus.vrshell-controlbar11#2560,19,3,1,0,2,0,4]
02-12 03:17:57.004  3501  3501 I wm_on_top_resumed_gained_called: [144756165,com.oculus.vrshell.FocusPlaceholderActivity,topStateChangedWhenResumed]
02-12 03:17:57.004  1024  1876 I input_focus: [Focus leaving 4e8d239 com.google.android.apps.youtube.vr.oculus/com.google.android.apps.youtube.vr.activities.YouTubeVrPanel2Activity (server),reason=Waiting for window because NO_WINDOW]
02-12 03:17:57.005  1024  1876 I input_focus: [Focus entering a286373 com.oculus.vrshell/com.oculus.vrshell.FocusPlaceholderActivity (server),reason=setFocusedWindow]
02-12 03:17:57.006  1024  1372 I am_pss  : [10875,10015,android.process.media,16007168,9117696,4714496,101748736,0,10,3]
02-12 03:17:57.012 21543 21543 I wm_on_paused_called: [125331172,com.google.android.apps.youtube.vr.activities.YouTubeVrPanel2Activity,performPause,28]
02-12 03:17:57.013  1024  1365 I wm_stop_activity: [0,125331172,com.google.android.apps.youtube.vr.oculus/com.google.android.apps.youtube.vr.activities.YouTubeVrPanel2Activity]
02-12 03:17:57.015  1595  1595 I sf_frame_dur: [com.oculus.android_panel_app.AndroidPanelLayer-com.oculus.vrshell-controlbar13#2541,1,0,0,0,0,0,0]
02-12 03:17:57.017  1024  1372 I am_pss  : [2601,10096,android.ext.services,12665856,7061504,3108864,100569088,0,5,3]
02-12 03:17:57.029  1595  1595 I sf_frame_dur: [com.oculus.systemux/com.oculus.panelapp.destinationui.DestinationUiActivity#2528,1,15,4,0,1,0,17]
02-12 03:17:57.045 21543 21543 I wm_on_stop_called: [125331172,com.google.android.apps.youtube.vr.activities.YouTubeVrPanel2Activity,STOP_ACTIVITY_ITEM,13]
02-12 03:17:57.279  1024  3985 I battery_status: [2,2,1,1,Li-ion]
02-12 03:18:11.956  1024  2110 I power_sleep_requested: 0
02-12 03:18:11.958  1024  1397 I wm_pause_activity: [0,144756165,com.oculus.vrshell/.FocusPlaceholderActivity,userLeaving=false,sleep]
02-12 03:18:11.959  1024  1397 I wm_pause_activity: [0,188862286,com.projectm.questxr/.QuestNativeActivity,userLeaving=false,sleep]
02-12 03:18:11.959  1024  1397 I wm_pause_activity: [0,4967056,com.oculus.vrshell/com.oculus.panelapp.toasts.ToastsActivity,userLeaving=false,sleep]
02-12 03:18:11.959  1024  1397 I wm_pause_activity: [0,243127251,com.oculus.systemux/com.oculus.panelapp.anytimeui.AnytimeUIActivity,userLeaving=false,sleep]
02-12 03:18:11.959  1024  1397 I wm_pause_activity: [0,15526915,com.oculus.vrshell/com.oculus.panelapp.controlbar.ControlBarActivity,userLeaving=false,sleep]
02-12 03:18:11.960  1024  1397 I sysui_multi_action: [757,1696,758,6,759,0]
02-12 03:18:11.960  3501  3501 I wm_on_top_resumed_lost_called: [144756165,com.oculus.vrshell.FocusPlaceholderActivity,topStateChangedWhenResumed]
02-12 03:18:11.960  1024  1397 I sysui_multi_action: [757,1696,758,6,759,0]
02-12 03:18:11.961  1024  1397 I sysui_multi_action: [757,1696,758,6,759,0]
02-12 03:18:11.961  1024  1397 I sysui_multi_action: [757,1696,758,6,759,0]
02-12 03:18:11.962  1024  1397 I sysui_multi_action: [757,1696,758,6,759,0]
02-12 03:18:11.962  5570  5570 I wm_on_paused_called: [243127251,com.oculus.panelapp.anytimeui.AnytimeUIActivity,performPause,0]
02-12 03:18:11.962  1024  1397 I sysui_multi_action: [757,1696,758,6,759,0]
02-12 03:18:11.963  1024  2291 I wm_add_to_stopping: [0,243127251,com.oculus.systemux/com.oculus.panelapp.anytimeui.AnytimeUIActivity,completePauseLocked]
02-12 03:18:11.963  1024  1397 I sysui_multi_action: [757,1696,758,6,759,0]
02-12 03:18:11.964  1024  1397 I sysui_multi_action: [757,1696,758,6,759,0]
02-12 03:18:11.964  1024  2291 I wm_add_to_stopping: [0,144756165,com.oculus.vrshell/.FocusPlaceholderActivity,makeInvisible]
02-12 03:18:11.964  1024  2291 I wm_add_to_stopping: [0,188862286,com.projectm.questxr/.QuestNativeActivity,makeInvisible]
02-12 03:18:11.964  1024  2291 I wm_add_to_stopping: [0,4967056,com.oculus.vrshell/com.oculus.panelapp.toasts.ToastsActivity,makeInvisible]
02-12 03:18:11.964  1024  1397 I sysui_multi_action: [757,1696,758,6,759,0]
02-12 03:18:11.964  1024  2291 I wm_add_to_stopping: [0,15526915,com.oculus.vrshell/com.oculus.panelapp.controlbar.ControlBarActivity,makeInvisible]
02-12 03:18:11.964  1024  1362 I sysui_multi_action: [757,803,799,window_time_4,802,15]
02-12 03:18:11.967  1024  1366 I input_focus: [Requesting to set focus to null window,reason=UpdateInputWindows]
02-12 03:18:11.968  3501  3501 I wm_on_paused_called: [144756165,com.oculus.vrshell.FocusPlaceholderActivity,performPause,0]
02-12 03:18:11.969  3501  3501 I wm_on_paused_called: [4967056,com.oculus.panelapp.toasts.ToastsActivity,performPause,0]
02-12 03:18:11.969  3501  3501 I wm_on_paused_called: [15526915,com.oculus.panelapp.controlbar.ControlBarActivity,performPause,0]
02-12 03:18:11.975 18759 18759 I wm_on_paused_called: [188862286,com.projectm.questxr.QuestNativeActivity,performPause,12]
02-12 03:18:11.979  1024  1365 I wm_stop_activity: [0,243127251,com.oculus.systemux/com.oculus.panelapp.anytimeui.AnytimeUIActivity]
02-12 03:18:11.979  1024  1365 I wm_stop_activity: [0,144756165,com.oculus.vrshell/.FocusPlaceholderActivity]
02-12 03:18:11.979  1024  1365 I wm_stop_activity: [0,188862286,com.projectm.questxr/.QuestNativeActivity]
02-12 03:18:11.980  1024  1365 I wm_stop_activity: [0,4967056,com.oculus.vrshell/com.oculus.panelapp.toasts.ToastsActivity]
02-12 03:18:11.980  1024  1365 I wm_stop_activity: [0,15526915,com.oculus.vrshell/com.oculus.panelapp.controlbar.ControlBarActivity]
02-12 03:18:11.984  3501  3501 I wm_on_stop_called: [144756165,com.oculus.vrshell.FocusPlaceholderActivity,STOP_ACTIVITY_ITEM,0]
02-12 03:18:11.984  3501  3501 I wm_on_stop_called: [4967056,com.oculus.panelapp.toasts.ToastsActivity,STOP_ACTIVITY_ITEM,0]
02-12 03:18:11.984  5570  5570 I wm_on_stop_called: [243127251,com.oculus.panelapp.anytimeui.AnytimeUIActivity,STOP_ACTIVITY_ITEM,0]
02-12 03:18:11.985  3501  3501 I wm_on_stop_called: [15526915,com.oculus.panelapp.controlbar.ControlBarActivity,STOP_ACTIVITY_ITEM,0]
02-12 03:18:11.989  1024  1876 I input_focus: [Focus leaving a286373 com.oculus.vrshell/com.oculus.vrshell.FocusPlaceholderActivity (server),reason=Waiting for window because NO_WINDOW]
02-12 03:18:12.016 18759 18759 I wm_on_stop_called: [188862286,com.projectm.questxr.QuestNativeActivity,STOP_ACTIVITY_ITEM,0]
02-12 03:18:12.143  1595  1595 I sf_frame_dur: [com.oculus.vrshell/com.oculus.panelapp.toasts.ToastsActivity#1537 (Mirror)#1542,1,0,0,0,0,0,1]
02-12 03:18:12.144  1024  1024 I screen_toggled: 0
02-12 03:18:12.144  1024  1024 I sysui_multi_action: [757,804,799,screen_timeout,801,86400,802,1]
02-12 03:18:12.145  1024  1024 I sysui_multi_action: [757,1594,758,4,759,-2147483648,1359,679582]
02-12 03:18:12.145  1024  1024 I sysui_multi_action: [757,198,758,2,759,2,1359,190,1695,0]
02-12 03:18:12.145  1024  1024 I power_screen_state: [0,2,0,0,190]
02-12 03:18:12.145  1024  1024 I power_screen_broadcast_send: 1
02-12 03:18:12.155  1595  1595 I sf_frame_dur: [com.oculus.vrshell/com.oculus.vrshell.FocusPlaceholderActivity#2531,2,0,0,0,0,0,1]
02-12 03:18:12.155  1595  1595 I sf_frame_dur: [com.oculus.systemux/com.oculus.panelapp.anytimeui.AnytimeUIActivity#1535,1421,17,7,15,12,13,76]
02-12 03:18:12.158  1024  1024 I battery_saving_stats: [0,1,0,679776,55545,1,2043858,190302,4]
02-12 03:18:12.362  1024  1362 I power_screen_broadcast_done: [0,217,1]
02-12 03:18:13.878  1024  2009 I netstats_mobile_sample: [0,0,0,0,0,0,0,0,1770895094257]
02-12 03:18:13.879  1024  2009 I netstats_wifi_sample: [1663237516,75414978,1201744,139178,1641755068,75414908,1285784,139177,1770895094257]
02-12 03:18:18.053  1024  1372 I am_pss  : [21543,10108,com.google.android.apps.youtube.vr.oculus,215028736,196583424,0,362516480,0,15,13]
02-12 03:18:21.974  1024  5449 I commit_sys_config_file: [appops_accesses,2967126]
02-12 03:18:42.209  1024  2046 I ntp_success: [time.android.com/216.239.35.4,11,349]
02-12 03:18:57.018  1024  1373 I am_uid_idle: 10108
02-12 03:19:02.042  1024  1373 I am_uid_idle: 10071
02-12 03:19:11.974  1024  1373 I am_uid_idle: 10031
02-12 03:19:11.974  1024  1373 I am_uid_idle: 10005
02-12 03:20:24.098  1024  1372 I am_pss  : [21543,10108,com.google.android.apps.youtube.vr.oculus,216463360,198012928,0,363958272,0,15,16]
02-12 03:20:46.506  1024  1024 I sysui_multi_action: [757,128,758,5,759,8,793,1640581,794,0,795,1640581,796,27,806,android,857,USB,858,1,946,ranker_group,947,0,1500,1640379,1688,1]
02-12 03:20:46.506  1024  1024 I notification_canceled: [-1|android|27|null|1000,8,1640581,1640581,0,-1,-1,NULL]
02-12 03:20:46.507  1024  1024 I sysui_multi_action: [757,128,758,5,759,8,793,1723882,794,0,795,1723882,796,26,806,android,857,DEVELOPER_IMPORTANT,858,4,946,ranker_group,947,0,1500,1723677,1688,1]
02-12 03:20:46.507  1024  1024 I notification_canceled: [-1|android|26|null|1000,8,1723882,1723882,0,-1,-1,NULL]
02-12 03:20:46.508  1024  1373 I am_uid_running: 10018
02-12 03:20:46.520  1024  1372 I am_pss  : [3353,10095,com.android.providers.media.module,19992576,13758464,3280896,115847168,0,0,5]
02-12 03:20:46.525  1024  1374 I am_proc_start: [0,22487,10018,com.oculus.os.vrusb,broadcast,{com.oculus.os.vrusb/com.oculus.os.vrusb.MtpReceiver}]
02-12 03:20:46.544  1024  3765 I am_proc_bound: [0,22487,com.oculus.os.vrusb]
02-12 03:20:56.545  1024  5449 I commit_sys_config_file: [appops_accesses,3121697]
02-12 03:20:56.691  1024  1024 I screen_toggled: 1
02-12 03:20:56.698  1024  1397 I wm_set_resumed_activity: [0,com.oculus.vrshell/.FocusPlaceholderActivity,resumeTopActivity - onActivityStateChanged]
02-12 03:20:56.708  1024  1397 I wm_resume_activity: [0,188862286,1378,com.projectm.questxr/.QuestNativeActivity]
02-12 03:20:56.709  1024  1397 I wm_resume_activity: [0,4967056,1251,com.oculus.vrshell/com.oculus.panelapp.toasts.ToastsActivity]
02-12 03:20:56.709 18759 18759 I wm_on_restart_called: [188862286,com.projectm.questxr.QuestNativeActivity,performRestart,0]
02-12 03:20:56.710  3501  3501 I wm_on_restart_called: [4967056,com.oculus.panelapp.toasts.ToastsActivity,performRestart,0]
02-12 03:20:56.710 18759 18759 I wm_on_start_called: [188862286,com.projectm.questxr.QuestNativeActivity,handleStartActivity,0]
02-12 03:20:56.710  3501  3501 I wm_on_start_called: [4967056,com.oculus.panelapp.toasts.ToastsActivity,handleStartActivity,0]
02-12 03:20:56.711  3501  3501 I wm_on_resume_called: [4967056,com.oculus.panelapp.toasts.ToastsActivity,RESUME_ACTIVITY,0]
02-12 03:20:56.711  1024  1397 I wm_resume_activity: [0,243127251,1249,com.oculus.systemux/com.oculus.panelapp.anytimeui.AnytimeUIActivity]
02-12 03:20:56.712 18759 18759 I wm_on_resume_called: [188862286,com.projectm.questxr.QuestNativeActivity,RESUME_ACTIVITY,1]
02-12 03:20:56.712  5570  5570 I wm_on_restart_called: [243127251,com.oculus.panelapp.anytimeui.AnytimeUIActivity,performRestart,0]
02-12 03:20:56.712 18759 18759 I input_focus: [Giving fake focus to com.projectm.questxr,reason=unity bug workaround]
02-12 03:20:56.712 18759 18759 I input_focus: [Removing fake focus from com.projectm.questxr,reason=timeout callback]
02-12 03:20:56.713  1024  1397 I wm_resume_activity: [0,15526915,1253,com.oculus.vrshell/com.oculus.panelapp.controlbar.ControlBarActivity]
02-12 03:20:56.713  1024  1397 I wm_resume_activity: [0,144756165,1394,com.oculus.vrshell/.FocusPlaceholderActivity]
02-12 03:20:56.713  5570  5570 I wm_on_start_called: [243127251,com.oculus.panelapp.anytimeui.AnytimeUIActivity,handleStartActivity,0]
02-12 03:20:56.717  5570  5570 I wm_on_resume_called: [243127251,com.oculus.panelapp.anytimeui.AnytimeUIActivity,RESUME_ACTIVITY,0]
02-12 03:20:56.717  1024  1397 I sysui_multi_action: [757,1696,758,6,759,3]
02-12 03:20:56.723  1024  1397 I sysui_multi_action: [757,1696,758,6,759,3]
02-12 03:20:56.725  1024  1365 I am_uid_active: 10031
02-12 03:20:56.726  1024  1024 I power_screen_broadcast_send: 1
02-12 03:20:56.729  1024  1365 I am_uid_active: 10005
02-12 03:20:56.730  1024  1397 I sysui_multi_action: [757,1696,758,6,759,3]
02-12 03:20:56.731  1024  1397 I sysui_multi_action: [757,1696,758,6,759,3]
02-12 03:20:56.737  1024  1372 I am_pss  : [4864,10012,com.facebook.wearable.system.location.service,14866432,9834496,2285568,118546432,0,4,4]
02-12 03:20:56.740  1024  1397 I sysui_multi_action: [757,1696,758,6,759,3]
02-12 03:20:56.740  1024  1397 I sysui_multi_action: [757,1696,758,6,759,3]
02-12 03:20:56.744  1024  1397 I sysui_multi_action: [757,1696,758,6,759,3]
02-12 03:20:56.745  1024  1397 I sysui_multi_action: [757,1696,758,6,759,3]
02-12 03:20:56.746  1024  1397 I sysui_multi_action: [757,1696,758,6,759,3]
02-12 03:20:56.747  3501  3501 I wm_on_restart_called: [15526915,com.oculus.panelapp.controlbar.ControlBarActivity,performRestart,0]
02-12 03:20:56.747  3501  3501 I wm_on_start_called: [15526915,com.oculus.panelapp.controlbar.ControlBarActivity,handleStartActivity,0]
02-12 03:20:56.747  3501  3501 I wm_on_resume_called: [15526915,com.oculus.panelapp.controlbar.ControlBarActivity,RESUME_ACTIVITY,0]
02-12 03:20:56.748  3501  3501 I wm_on_restart_called: [144756165,com.oculus.vrshell.FocusPlaceholderActivity,performRestart,0]
02-12 03:20:56.748  3501  3501 I wm_on_start_called: [144756165,com.oculus.vrshell.FocusPlaceholderActivity,handleStartActivity,0]
02-12 03:20:56.748  3501  3501 I wm_on_resume_called: [144756165,com.oculus.vrshell.FocusPlaceholderActivity,RESUME_ACTIVITY,0]
02-12 03:20:56.748  3501  3501 I wm_on_top_resumed_gained_called: [144756165,com.oculus.vrshell.FocusPlaceholderActivity,topWhenResuming]
02-12 03:20:56.755  1024  1372 I am_pss  : [3225,10040,com.oculus.vrguardianservice,62420992,46747648,7667712,192536576,0,0,5]
02-12 03:20:56.775  1024  1024 I battery_saving_stats: [0,0,0,164617,966,0,403634,6279,0]
02-12 03:20:56.795  1024  1372 I am_pss  : [2117,10029,com.oculus.vrruntimeservice,151093248,132044800,8052736,283105280,0,0,5]
02-12 03:20:56.804  1024  1366 I input_focus: [Focus request a286373 com.oculus.vrshell/com.oculus.vrshell.FocusPlaceholderActivity,reason=UpdateInputWindows]
02-12 03:20:56.815  1024  1372 I am_pss  : [4730,10020,com.facebook.spatial_persistence_service,29772800,23056384,3825664,129720320,0,0,4]
02-12 03:20:56.823  1024  1362 I power_screen_broadcast_done: [1,98,1]
02-12 03:20:56.828  1024  3985 I battery_status: [3,2,1,1,Li-ion]
02-12 03:20:56.842  1024  1372 I am_pss  : [2461,1002,com.android.bluetooth,23931904,17940480,2387968,121114624,0,0,4]
02-12 03:20:56.852  1024  1372 I am_pss  : [19810,1000,com.oculus.statscollector,20510720,16334848,0,123809792,0,19,4]
02-12 03:20:56.856  1024  1372 I am_pss  : [5274,10131,com.meta.systemui,24495104,19795968,454656,134836224,0,6,3]
02-12 03:20:56.859  1024  1372 I am_pss  : [3418,10036,com.facebook.wearable.system.location.proxy,5047296,851968,2322432,88203264,0,8,2]
02-12 03:20:56.863  1024  1372 I am_pss  : [2552,10086,com.oculus.maintenanceboot,6563840,3055616,1564672,93036544,0,0,3]
02-12 03:20:56.866  1024  1372 I am_pss  : [2546,1000,com.oculus.connectivity.bluetooth,5885952,2187264,1703936,91893760,0,0,2]
02-12 03:20:56.870  1024  1372 I am_pss  : [2538,1000,com.oculus.companion.server,13553664,10809344,299008,110845952,0,0,2]
02-12 03:20:56.874  1024  1372 I am_pss  : [2504,1000,com.oculus.micservice_notificationproxy,10893312,6754304,1708032,105406464,0,0,2]
02-12 03:20:56.878  1024  1372 I am_pss  : [2496,1000,com.oculus.os.cm,12711936,7688192,2387968,114036736,0,0,3]
02-12 03:20:56.883  1024  1372 I am_pss  : [2478,10029,com.oculus.systemdriver,5480448,1957888,1478656,91774976,0,0,2]
02-12 03:20:56.886  1024  1372 I am_pss  : [2344,1073,com.android.networkstack.process,11932672,8445952,1118208,106459136,0,0,2]
02-12 03:20:56.944  1024  1024 I notification_enqueue: [1000,1024,android,32,NULL,-1,Notification(channel=USB shortcut=null contentView=null vibrate=null sound=null tick defaults=0x0 flags=0x802 color=0x00000000 vis=PUBLIC),0]
02-12 03:20:56.945  1024  1024 I notification_enqueue: [1000,1024,android,26,NULL,-1,Notification(channel=DEVELOPER_IMPORTANT shortcut=null contentView=null vibrate=null sound=null tick defaults=0x0 flags=0x802 color=0x00000000 vis=PUBLIC),0]
02-12 03:20:56.986  1024  1024 I notification_enqueue: [1000,2504,com.oculus.notification_proxy,4121,usb_connect_enable_mtp,0,Notification(channel=com.oculus.notification_proxy.notif_channel shortcut=null contentView=null vibrate=null sound=null defaults=0x0 flags=0x800 color=0x00000000 groupKey=unique4121 vis=PRIVATE),0]
02-12 03:20:57.008  1595  1595 I sf_frame_dur: [com.oculus.vrshell/com.oculus.panelapp.toasts.ToastsActivity#1537,1,0,0,0,0,0,1]
02-12 03:20:57.011  1024  1876 I input_focus: [Focus entering a286373 com.oculus.vrshell/com.oculus.vrshell.FocusPlaceholderActivity (server),reason=setFocusedWindow]
02-12 03:20:57.016  1595  1595 I sf_frame_dur: [com.oculus.vrshell/com.oculus.panelapp.controlbar.ControlBarActivity#1538,1,0,0,0,0,0,1]
02-12 03:20:57.046  1024  1024 I sysui_multi_action: [757,198,758,1,759,3,1359,348,1694,0]
02-12 03:20:57.046  1024  1024 I power_screen_state: [1,0,0,0,348]
02-12 03:20:57.145  1024  1024 I sysui_multi_action: [757,1501,758,1,793,202,794,0,795,202,796,32,806,android,857,USB,858,1,947,0,1500,0]
02-12 03:20:57.145  1024  1024 I sysui_multi_action: [757,804,799,note_interruptive,801,0,802,1]
02-12 03:20:57.147  1024  1024 I sysui_multi_action: [757,1501,758,1,793,203,794,0,795,203,796,26,806,android,857,DEVELOPER_IMPORTANT,858,4,947,0,1500,0]
02-12 03:20:57.147  1024  1024 I sysui_multi_action: [757,804,799,note_interruptive,801,0,802,1]
02-12 03:20:57.150  1024  1024 I notification_autogrouped: -1|android|26|null|1000
02-12 03:20:57.150  1024  1024 I notification_autogrouped: -1|android|32|null|1000
02-12 03:20:57.150  1024  2026 I notification_adjusted: [-1|android|26|null|1000,key_group_key,ranker_group]
02-12 03:20:57.151  1024  2026 I notification_adjusted: [-1|android|32|null|1000,key_group_key,ranker_group]
02-12 03:20:57.191  1024  1024 I sysui_multi_action: [757,1501,758,1,793,205,794,0,795,205,796,4121,797,usb_connect_enable_mtp,806,com.oculus.notification_proxy,857,com.oculus.notification_pro-430314b8,858,3,946,unique4121,947,0,1500,0,1688,1,1745,2098068913]
02-12 03:20:57.191  1024  1024 I sysui_multi_action: [757,804,799,note_interruptive,801,0,802,1]
02-12 03:20:57.288  1024  1363 I sysui_multi_action: [757,1659,758,4,759,2,1660,8]
02-12 03:21:00.467  3501  3501 I wm_on_top_resumed_lost_called: [144756165,com.oculus.vrshell.FocusPlaceholderActivity,topStateChangedWhenResumed]
02-12 03:21:00.468  1024  3996 I wm_set_resumed_activity: [0,com.google.android.apps.youtube.vr.oculus/com.google.android.apps.youtube.vr.activities.YouTubeVrPanel2Activity,resumeTopActivity - onActivityStateChanged]
02-12 03:21:00.468  1024  3996 I wm_resume_activity: [0,125331172,1388,com.google.android.apps.youtube.vr.oculus/com.google.android.apps.youtube.vr.activities.YouTubeVrPanel2Activity]
02-12 03:21:00.469 21543 21543 I wm_on_restart_called: [125331172,com.google.android.apps.youtube.vr.activities.YouTubeVrPanel2Activity,performRestart,0]
02-12 03:21:00.470  1024  1365 I am_uid_active: 10108
02-12 03:21:00.470  1024  3996 I wm_resume_activity: [0,142035421,1382,com.oculus.systemux/com.oculus.panelapp.destinationui.DestinationUiActivity]
02-12 03:21:00.473  1024  1366 I input_focus: [Requesting to set focus to null window,reason=UpdateInputWindows]
02-12 03:21:00.480  5570  5570 I wm_on_restart_called: [142035421,com.oculus.panelapp.destinationui.DestinationUiActivity,performRestart,0]
02-12 03:21:00.485  5570  5570 I wm_on_start_called: [142035421,com.oculus.panelapp.destinationui.DestinationUiActivity,handleStartActivity,5]
02-12 03:21:00.486  5570  5570 I wm_on_resume_called: [142035421,com.oculus.panelapp.destinationui.DestinationUiActivity,RESUME_ACTIVITY,0]
02-12 03:21:00.490  1024  1876 I input_focus: [Focus leaving a286373 com.oculus.vrshell/com.oculus.vrshell.FocusPlaceholderActivity (server),reason=Waiting for window because NO_WINDOW]
02-12 03:21:00.502 21543 21543 I wm_on_start_called: [125331172,com.google.android.apps.youtube.vr.activities.YouTubeVrPanel2Activity,handleStartActivity,32]
02-12 03:21:00.507  1024  1363 I service_manager_stats: [100,31,220392]
02-12 03:21:00.521  1024  4342 I am_uid_active: 10071
02-12 03:21:00.537  1024  1363 I sysui_multi_action: [757,1659,758,4,759,2,1660,133]
02-12 03:21:00.542 21543 21543 I wm_on_resume_called: [125331172,com.google.android.apps.youtube.vr.activities.YouTubeVrPanel2Activity,RESUME_ACTIVITY,36]
02-12 03:21:00.561 21543 21543 I input_focus: [Giving fake focus to com.google.android.apps.youtube.vr.oculus,reason=unity bug workaround]
02-12 03:21:00.567 21543 21543 I input_focus: [Removing fake focus from com.google.android.apps.youtube.vr.oculus,reason=timeout callback]
02-12 03:21:00.589  1024  3996 I sysui_multi_action: [757,1659,758,4,759,2,1660,134]
02-12 03:21:00.602  1024  1366 I input_focus: [Focus request 4e8d239 com.google.android.apps.youtube.vr.oculus/com.google.android.apps.youtube.vr.activities.YouTubeVrPanel2Activity,reason=UpdateInputWindows]
02-12 03:21:00.613 21543 21543 I wm_on_top_resumed_gained_called: [125331172,com.google.android.apps.youtube.vr.activities.YouTubeVrPanel2Activity,topStateChangedWhenResumed]
02-12 03:21:00.616  1024  1876 I input_focus: [Focus entering 4e8d239 com.google.android.apps.youtube.vr.oculus/com.google.android.apps.youtube.vr.activities.YouTubeVrPanel2Activity (server),reason=setFocusedWindow]
02-12 03:21:01.531  1024  1876 I input_interaction: Interaction with: 8165729 com.oculus.systemux/com.oculus.panelapp.anytimeui.AnytimeUIActivity (server), PointerEventDispatcher0 (server), 
02-12 03:21:01.588  1024  1876 I input_interaction: Interaction with: 4e8d239 com.google.android.apps.youtube.vr.oculus/com.google.android.apps.youtube.vr.activities.YouTubeVrPanel2Activity (server), PointerEventDispatcher0 (server), 
02-12 03:21:02.536  1024  1363 I sysui_multi_action: [757,1659,758,4,759,1,1660,8]
02-12 03:21:02.775  1024  1876 I input_interaction: Interaction with: d2bf552 com.oculus.android_panel_app.AndroidPanelLayer-com.oculus.vrshell-controlbar11 (server), PointerEventDispatcher133 (server), 
02-12 03:21:02.807  1024  1876 I input_interaction: Interaction with: 8165729 com.oculus.systemux/com.oculus.panelapp.anytimeui.AnytimeUIActivity (server), PointerEventDispatcher0 (server), 
02-12 03:21:03.070  1024  1876 I input_interaction: Interaction with: d2bf552 com.oculus.android_panel_app.AndroidPanelLayer-com.oculus.vrshell-controlbar11 (server), PointerEventDispatcher133 (server), 
02-12 03:21:03.532  1024  1366 I input_focus: [Focus request d2bf552 com.oculus.android_panel_app.AndroidPanelLayer-com.oculus.vrshell-controlbar11,reason=UpdateInputWindows]
02-12 03:21:03.533  1024  1366 I input_focus: [Requesting to set focus to null window,reason=UpdateInputWindows]
02-12 03:21:03.560  1024  1876 I input_focus: [Focus leaving 4e8d239 com.google.android.apps.youtube.vr.oculus/com.google.android.apps.youtube.vr.activities.YouTubeVrPanel2Activity (server),reason=Waiting for window because NO_WINDOW]
02-12 03:21:03.560  1024  1876 I input_focus: [Focus entering d2bf552 com.oculus.android_panel_app.AndroidPanelLayer-com.oculus.vrshell-controlbar11 (server),reason=Window became focusable. Previous reason: NOT_FOCUSABLE]
02-12 03:21:03.813  1024  1876 I input_interaction: Interaction with: 8165729 com.oculus.systemux/com.oculus.panelapp.anytimeui.AnytimeUIActivity (server), PointerEventDispatcher0 (server), 
02-12 03:21:04.345  1024  1366 I input_focus: [Focus request 4e8d239 com.google.android.apps.youtube.vr.oculus/com.google.android.apps.youtube.vr.activities.YouTubeVrPanel2Activity,reason=UpdateInputWindows]
02-12 03:21:04.350  1024  2291 I wm_finish_activity: [0,125331172,1388,com.google.android.apps.youtube.vr.oculus/com.google.android.apps.youtube.vr.activities.YouTubeVrPanel2Activity,remove-root-task]
02-12 03:21:04.350  1024  2291 I wm_task_moved: [1393,1393,0,1,7]
02-12 03:21:04.351 21543 21543 I wm_on_top_resumed_lost_called: [125331172,com.google.android.apps.youtube.vr.activities.YouTubeVrPanel2Activity,topStateChangedWhenResumed]
02-12 03:21:04.353  1024  1876 I input_focus: [Focus entering 4e8d239 com.google.android.apps.youtube.vr.oculus/com.google.android.apps.youtube.vr.activities.YouTubeVrPanel2Activity (server),reason=Window became focusable. Previous reason: NOT_FOCUSABLE]
02-12 03:21:04.353  1024  2291 I wm_set_resumed_activity: [0,com.oculus.vrshell/.FocusPlaceholderActivity,positionChildTaskAt]
02-12 03:21:04.353  1024  2291 I wm_task_moved: [1394,1393,0,1,2147483647]
02-12 03:21:04.353  1024  2291 I wm_focused_root_task: [0,0,1393,-1,finish-top adjustFocusToNextFocusableTask]
02-12 03:21:04.354  1024  2291 I wm_pause_activity: [0,125331172,com.google.android.apps.youtube.vr.oculus/com.google.android.apps.youtube.vr.activities.YouTubeVrPanel2Activity,userLeaving=false,finish]
02-12 03:21:04.356  3501  3501 I wm_on_top_resumed_gained_called: [144756165,com.oculus.vrshell.FocusPlaceholderActivity,topStateChangedWhenResumed]
02-12 03:21:04.357  1024  1366 I input_focus: [Focus request a286373 com.oculus.vrshell/com.oculus.vrshell.FocusPlaceholderActivity,reason=UpdateInputWindows]
02-12 03:21:04.359  1024  1362 I sysui_multi_action: [757,803,799,window_time_4,802,173]
02-12 03:21:04.361 21543 21543 I wm_on_paused_called: [125331172,com.google.android.apps.youtube.vr.activities.YouTubeVrPanel2Activity,performPause,4]
02-12 03:21:04.362  1024  2265 I wm_destroy_activity: [0,125331172,1388,com.google.android.apps.youtube.vr.oculus/com.google.android.apps.youtube.vr.activities.YouTubeVrPanel2Activity,finish-imm:completePausedLocked]
02-12 03:21:04.364  1595  1595 I sf_frame_dur: [com.oculus.android_panel_app.AndroidPanelLayer-com.oculus.vrshell-controlbar11#2598,36,3,0,2,1,0,1]
02-12 03:21:04.365  1024  1362 I sysui_multi_action: [757,803,799,window_time_4,802,0]
02-12 03:21:04.366  1024  1876 I input_focus: [Focus leaving 4e8d239 com.google.android.apps.youtube.vr.oculus/com.google.android.apps.youtube.vr.activities.YouTubeVrPanel2Activity (server),reason=setFocusedWindow]
02-12 03:21:04.367  1024  1876 I input_focus: [Focus entering a286373 com.oculus.vrshell/com.oculus.vrshell.FocusPlaceholderActivity (server),reason=setFocusedWindow]
02-12 03:21:04.431 21543 21543 I wm_on_stop_called: [125331172,com.google.android.apps.youtube.vr.activities.YouTubeVrPanel2Activity,LIFECYCLER_STOP_ACTIVITY,43]
02-12 03:21:04.531  1024  3996 I am_proc_died: [0,21543,com.google.android.apps.youtube.vr.oculus,905,19]
02-12 03:21:04.540  1024  3996 I am_uid_stopped: 10108
02-12 03:21:04.541  1024  3996 I wm_task_removed: [1388,1387,0,removeChild, last child = ActivityRecord{77866e4 u0 com.google.android.apps.youtube.vr.oculus/com.google.android.apps.youtube.vr.activities.YouTubeVrPanel2Activity t-1 f}} in Task{8085713 #1388 type=standard A=10108:com.google.android.apps.youtube.vr.oculus}]
02-12 03:21:04.542  1024  3996 I wm_task_removed: [1387,1387,0,removeChild, last child = Task{8085713 #1388 type=standard A=10108:com.google.android.apps.youtube.vr.oculus} in Task{5f82c4a #1387 type=standard}]
02-12 03:21:04.836  1024  1876 I input_interaction: Interaction with: 7e95bd7 com.oculus.systemux/com.oculus.panelapp.destinationui.DestinationUiActivity (server), PointerEventDispatcher0 (server), 
02-12 03:21:05.533  1024  1365 I wm_task_moved: [1381,1381,0,1,6]
02-12 03:21:05.533  3501  3501 I wm_on_top_resumed_lost_called: [144756165,com.oculus.vrshell.FocusPlaceholderActivity,topStateChangedWhenResumed]
02-12 03:21:05.535  1024  1365 I wm_set_resumed_activity: [0,com.oculus.systemux/com.oculus.panelapp.destinationui.DestinationUiActivity,positionChildTaskAt]
02-12 03:21:05.535  1024  1365 I wm_task_moved: [1382,1381,0,1,2147483647]
02-12 03:21:05.535  1024  1365 I wm_task_to_front: [0,1382,0]
02-12 03:21:05.535  1024  1365 I wm_focused_root_task: [0,0,1381,1393,setFocusedTask]
02-12 03:21:05.535  1024  1365 I wm_set_resumed_activity: [0,com.oculus.systemux/com.oculus.panelapp.destinationui.DestinationUiActivity,setFocusedTask]
02-12 03:21:05.536  1024  1366 I input_focus: [Focus request 7e95bd7 com.oculus.systemux/com.oculus.panelapp.destinationui.DestinationUiActivity,reason=UpdateInputWindows]
02-12 03:21:05.546  1024  1876 I input_focus: [Focus leaving a286373 com.oculus.vrshell/com.oculus.vrshell.FocusPlaceholderActivity (server),reason=setFocusedWindow]
02-12 03:21:05.546  1024  1876 I input_focus: [Focus entering 7e95bd7 com.oculus.systemux/com.oculus.panelapp.destinationui.DestinationUiActivity (server),reason=setFocusedWindow]
02-12 03:21:05.547  5570  5570 I wm_on_top_resumed_gained_called: [142035421,com.oculus.panelapp.destinationui.DestinationUiActivity,topStateChangedWhenResumed]
02-12 03:21:05.810  1024  2657 I wm_finish_activity: [0,142035421,1382,com.oculus.systemux/com.oculus.panelapp.destinationui.DestinationUiActivity,app-request]
02-12 03:21:05.810  1024  2657 I wm_task_moved: [1393,1393,0,1,6]
02-12 03:21:05.811  1024  2657 I wm_set_resumed_activity: [0,com.oculus.vrshell/.FocusPlaceholderActivity,positionChildTaskAt]
02-12 03:21:05.811  1024  2657 I wm_task_moved: [1394,1393,0,1,2147483647]
02-12 03:21:05.811  1024  2657 I wm_task_to_front: [0,1394,0]
02-12 03:21:05.811  1024  2657 I wm_focused_root_task: [0,0,1393,-1,finish-top adjustFocusToNextFocusableTask]
02-12 03:21:05.811  1024  2657 I wm_pause_activity: [0,142035421,com.oculus.systemux/com.oculus.panelapp.destinationui.DestinationUiActivity,userLeaving=false,finish]
02-12 03:21:05.813  1024  1366 I input_focus: [Focus request a286373 com.oculus.vrshell/com.oculus.vrshell.FocusPlaceholderActivity,reason=UpdateInputWindows]
02-12 03:21:05.814  5570  5570 I wm_on_top_resumed_lost_called: [142035421,com.oculus.panelapp.destinationui.DestinationUiActivity,topStateChangedWhenResumed]
02-12 03:21:05.817  3501  3501 I wm_on_top_resumed_gained_called: [144756165,com.oculus.vrshell.FocusPlaceholderActivity,topStateChangedWhenResumed]
02-12 03:21:05.817  5570  5570 I wm_on_paused_called: [142035421,com.oculus.panelapp.destinationui.DestinationUiActivity,performPause,0]
02-12 03:21:05.819  1024  4315 I wm_destroy_activity: [0,142035421,1382,com.oculus.systemux/com.oculus.panelapp.destinationui.DestinationUiActivity,finish-imm:completePausedLocked]
02-12 03:21:05.821  1024  1362 I sysui_multi_action: [757,803,799,window_time_4,802,1]
02-12 03:21:05.824  1024  1876 I input_focus: [Focus leaving 7e95bd7 com.oculus.systemux/com.oculus.panelapp.destinationui.DestinationUiActivity (server),reason=NO_WINDOW]
02-12 03:21:05.824  1024  1876 I input_focus: [Focus entering a286373 com.oculus.vrshell/com.oculus.vrshell.FocusPlaceholderActivity (server),reason=setFocusedWindow]
02-12 03:21:05.826  5570  5570 I wm_on_stop_called: [142035421,com.oculus.panelapp.destinationui.DestinationUiActivity,LIFECYCLER_STOP_ACTIVITY,1]
02-12 03:21:05.826  1024  1362 I sysui_multi_action: [757,803,799,window_time_4,802,0]
02-12 03:21:05.829  1024  1186 I wm_set_keyguard_occluded: [0,0,0,setOccluded]
02-12 03:21:05.835  1024  1363 I wm_task_moved: [2,2,0,1,6]
02-12 03:21:05.835  1024  1363 I wm_task_moved: [1241,2,0,1,2147483647]
02-12 03:21:05.835  1024  1363 I wm_task_to_front: [0,1241,0]
02-12 03:21:05.835  3501  3501 I wm_on_top_resumed_lost_called: [144756165,com.oculus.vrshell.FocusPlaceholderActivity,topStateChangedWhenResumed]
02-12 03:21:05.835  1024  1363 I wm_focused_root_task: [0,0,2,1393,bringingFoundTaskToFront]
02-12 03:21:05.835  1024  1363 I wm_set_resumed_activity: [0,com.oculus.vrshell/.HomeActivity,bringingFoundTaskToFront]
02-12 03:21:05.835  1024  1363 I wm_new_intent: [0,47355202,1241,com.oculus.vrshell/.HomeActivity,android.intent.action.MAIN,NULL,NULL,276889856]
02-12 03:21:05.836  1024  1363 I wm_pause_activity: [0,188862286,com.projectm.questxr/.QuestNativeActivity,userLeaving=true,pauseBackTasks]
02-12 03:21:05.837  1024  1366 I input_focus: [Requesting to set focus to null window,reason=UpdateInputWindows]
02-12 03:21:05.839  5570  5570 I wm_on_destroy_called: [142035421,com.oculus.panelapp.destinationui.DestinationUiActivity,performDestroy,12]
02-12 03:21:05.846  1024  3892 I wm_task_removed: [1382,1381,0,removeChild, last child = ActivityRecord{87749dd u0 com.oculus.systemux/com.oculus.panelapp.destinationui.DestinationUiActivity t-1 f}} in Task{139f952 #1382 type=standard A=10005:com.oculus.systemux:-1716353802}]
02-12 03:21:05.847  1024  3892 I wm_task_removed: [1381,1381,0,removeChild, last child = Task{139f952 #1382 type=standard A=10005:com.oculus.systemux:-1716353802} in Task{97eb7f9 #1381 type=standard}]
02-12 03:21:05.850 18759 18759 I wm_on_paused_called: [188862286,com.projectm.questxr.QuestNativeActivity,performPause,13]
02-12 03:21:05.851  1024  1186 I wm_set_resumed_activity: [0,com.oculus.vrshell/.HomeActivity,resumeTopActivity - onActivityStateChanged]
02-12 03:21:05.852  1024  1186 I wm_add_to_stopping: [0,188862286,com.projectm.questxr/.QuestNativeActivity,makeInvisible]
02-12 03:21:05.852  1024  1186 I wm_resume_activity: [0,47355202,1241,com.oculus.vrshell/.HomeActivity]
02-12 03:21:05.852  1024  1876 I input_focus: [Focus leaving a286373 com.oculus.vrshell/com.oculus.vrshell.FocusPlaceholderActivity (server),reason=Waiting for window because NO_WINDOW]
02-12 03:21:05.853  3501  3501 I wm_on_restart_called: [47355202,com.oculus.vrshell.HomeActivity,performRestart,0]
02-12 03:21:05.853  1024  1362 I sysui_multi_action: [757,803,799,window_time_4,802,0]
02-12 03:21:05.855  3501  3501 I wm_on_start_called: [47355202,com.oculus.vrshell.HomeActivity,handleStartActivity,2]
02-12 03:21:05.856  3501  3501 I wm_on_resume_called: [47355202,com.oculus.vrshell.HomeActivity,RESUME_ACTIVITY,0]
02-12 03:21:05.856  3501  3501 I wm_on_top_resumed_gained_called: [47355202,com.oculus.vrshell.HomeActivity,topWhenResuming]
02-12 03:21:05.864  1595  1595 I sf_frame_dur: [com.oculus.android_panel_app.AndroidPanelLayer-com.oculus.vrshell-controlbar13#2599,1,0,0,0,0,0,0]
02-12 03:21:05.864  1595  1595 I sf_frame_dur: [com.oculus.systemux/com.oculus.panelapp.destinationui.DestinationUiActivity#2570,54,1,4,1,0,2,1]
02-12 03:21:05.867  1024  1366 I input_focus: [Focus request 29e672 com.oculus.vrshell/com.oculus.vrshell.HomeActivity,reason=UpdateInputWindows]
02-12 03:21:05.875  1024  1365 I wm_stop_activity: [0,188862286,com.projectm.questxr/.QuestNativeActivity]
02-12 03:21:05.879  1024  1876 I input_focus: [Focus entering 29e672 com.oculus.vrshell/com.oculus.vrshell.HomeActivity (server),reason=Window became focusable. Previous reason: NO_WINDOW]
02-12 03:21:05.889 18759 18759 I wm_on_stop_called: [188862286,com.projectm.questxr.QuestNativeActivity,STOP_ACTIVITY_ITEM,1]
02-12 03:21:05.891  1024  3892 I wm_finish_activity: [0,188862286,1378,com.projectm.questxr/.QuestNativeActivity,app-request]
02-12 03:21:05.891  1024  3892 I wm_destroy_activity: [0,188862286,1378,com.projectm.questxr/.QuestNativeActivity,finish-imm:finishIfPossible]
02-12 03:21:05.892  1595  1595 I sf_frame_dur: [com.oculus.vrshell/com.oculus.vrshell.HomeActivity#2206,1,1,0,0,0,0,2]
02-12 03:21:05.901  1024  4342 I wm_set_keyguard_occluded: [0,0,0,setOccluded]
02-12 03:21:05.903  1024  1363 I wm_new_intent: [0,47355202,1241,com.oculus.vrshell/.HomeActivity,android.intent.action.MAIN,NULL,NULL,276889856]
02-12 03:21:05.903  1024  1363 I wm_task_moved: [2,2,0,1,5]
02-12 03:21:05.904  3501  3501 I wm_on_top_resumed_lost_called: [47355202,com.oculus.vrshell.HomeActivity,pausing]
02-12 03:21:05.904  3501  3501 I wm_on_paused_called: [47355202,com.oculus.vrshell.HomeActivity,performPause,0]
02-12 03:21:05.904  3501  3501 I wm_on_resume_called: [47355202,com.oculus.vrshell.HomeActivity,LIFECYCLER_RESUME_ACTIVITY,0]
02-12 03:21:05.904  3501  3501 I wm_on_top_resumed_gained_called: [47355202,com.oculus.vrshell.HomeActivity,topWhenResuming]
02-12 03:21:05.904  1024  1363 I wm_set_keyguard_occluded: [0,0,0,setOccluded]
02-12 03:21:05.979 18759 18759 I wm_on_destroy_called: [188862286,com.projectm.questxr.QuestNativeActivity,performDestroy,78]
02-12 03:21:05.983  1024  4342 I wm_task_removed: [1378,3,0,removeChild, last child = ActivityRecord{b41cf4e u0 com.projectm.questxr/.QuestNativeActivity t-1 f}} in Task{c83386f #1378 type=standard A=10031:com.projectm.questxr}]
02-12 03:21:05.993  1024  1362 I sysui_multi_action: [757,803,799,window_time_4,802,0]
02-12 03:21:06.708  1024  5449 I commit_sys_config_file: [appops_accesses,3131861]
02-12 03:21:12.094  1024  1024 I notification_enqueue: [1000,2504,com.oculus.notification_proxy,4121,usb_connect_enable_mtp,0,Notification(channel=com.oculus.notification_proxy.notif_channel shortcut=null contentView=null vibrate=null sound=null defaults=0x0 flags=0x800 color=0x00000000 groupKey=unique4121 vis=PRIVATE),1]
02-12 03:21:12.362  1024  1363 I sysui_multi_action: [757,1659,758,4,759,2,1660,8]
02-12 03:21:12.536  1024  2009 I netstats_mobile_sample: [0,0,0,0,0,0,0,0,1770895272885]
02-12 03:21:12.536  1024  2009 I netstats_wifi_sample: [1663922247,77096377,1203474,140982,1642187575,77096377,1286842,140982,1770895272885]
02-12 03:21:14.540  1024  1024 I notification_enqueue: [10058,14626,com.oculus.metacam,50008,NULL,0,Notification(channel=vr_notifications_default shortcut=null contentView=null vibrate=null sound=null defaults=0x0 flags=0x40 color=0x00000000 vis=PRIVATE),1]
02-12 03:21:15.035  1024  4315 I sysui_multi_action: [757,1417,758,5,1418,84,1419,82,1420,1752972,1421,1]
02-12 03:21:15.035  1024  4315 I battery_status: [3,2,1,0,Li-ion]
02-12 03:21:15.040  1024  1024 I battery_saving_stats: [0,1,0,18265,0,0,2062123,190302,4]
02-12 03:21:15.105  1024  1372 I commit_sys_config_file: [batterystats,11]
02-12 03:21:15.112  1024  1372 I commit_sys_config_file: [batterystats,6]
02-12 03:21:17.624  1024  1363 I sysui_multi_action: [757,1659,758,4,759,1,1660,8]
02-12 03:21:18.004  1024  1024 I sysui_multi_action: [757,128,758,5,759,8,793,21061,794,0,795,21061,796,32,806,android,857,USB,858,1,946,ranker_group,947,0,1500,20859,1688,1]
02-12 03:21:18.004  1024  1024 I notification_canceled: [-1|android|32|null|1000,8,21061,21061,0,-1,-1,NULL]
02-12 03:21:18.005  1024  1024 I sysui_multi_action: [757,128,758,5,759,8,793,21061,794,0,795,21061,796,26,806,android,857,DEVELOPER_IMPORTANT,858,4,946,ranker_group,947,0,1500,20858,1688,1]
02-12 03:21:18.005  1024  1024 I notification_canceled: [-1|android|26|null|1000,8,21061,21061,0,-1,-1,NULL]
02-12 03:21:18.011  1024  1024 I sysui_multi_action: [757,128,758,5,759,8,793,21025,794,0,795,5918,796,4121,797,usb_connect_enable_mtp,806,com.oculus.notification_proxy,857,com.oculus.notification_pro-430314b8,858,3,946,unique4121,947,0,1500,5918,1688,1,1745,2098068913]
02-12 03:21:18.011  1024  1024 I notification_canceled: [0|com.oculus.notification_proxy|4121|usb_connect_enable_mtp|1000,8,21025,5918,0,-1,-1,NULL]
02-12 03:21:21.909  3381  3381 I auditd  : type=1400 audit(0.0:169): avc:  denied  { read } for  comm="binder:3381_A" name="u:object_r:userdebug_or_eng_prop:s0" dev="tmpfs" ino=441 scontext=u:r:untrusted_app_25:s0:c512,c768 tcontext=u:object_r:userdebug_or_eng_prop:s0 tclass=file permissive=0 app=com.oculus.horizon
02-12 03:21:22.079  3381  3381 I auditd  : type=1400 audit(0.0:170): avc:  denied  { read } for  comm="binder:3381_A" name="u:object_r:userdebug_or_eng_prop:s0" dev="tmpfs" ino=441 scontext=u:r:untrusted_app_25:s0:c512,c768 tcontext=u:object_r:userdebug_or_eng_prop:s0 tclass=file permissive=0 app=com.oculus.horizon
02-12 03:21:26.271  1024  1876 I input_interaction: Interaction with: a286373 com.oculus.vrshell/com.oculus.vrshell.FocusPlaceholderActivity (server), PointerEventDispatcher0 (server), 
02-12 03:21:26.271  1024  1365 I wm_task_moved: [1393,1393,0,1,5]
02-12 03:21:26.272  3501  3501 I view_enqueue_input_event: [Motion - Cancel,com.oculus.vrshell/com.oculus.vrshell.FocusPlaceholderActivity]
02-12 03:21:26.272  3501  3501 I wm_on_top_resumed_lost_called: [47355202,com.oculus.vrshell.HomeActivity,topStateChangedWhenResumed]
02-12 03:21:26.272  1024  1365 I wm_set_resumed_activity: [0,com.oculus.vrshell/.FocusPlaceholderActivity,positionChildTaskAt]
02-12 03:21:26.272  1024  1365 I wm_task_moved: [1394,1393,0,1,2147483647]
02-12 03:21:26.272  1024  1365 I wm_task_to_front: [0,1394,0]
02-12 03:21:26.272  1024  1365 I wm_focused_root_task: [0,0,1393,2,setFocusedTask]
02-12 03:21:26.272  1024  1365 I wm_set_resumed_activity: [0,com.oculus.vrshell/.FocusPlaceholderActivity,setFocusedTask]
02-12 03:21:26.273  3501  3501 I wm_on_top_resumed_gained_called: [144756165,com.oculus.vrshell.FocusPlaceholderActivity,topStateChangedWhenResumed]
02-12 03:21:26.273  1024  1366 I input_focus: [Focus request a286373 com.oculus.vrshell/com.oculus.vrshell.FocusPlaceholderActivity,reason=UpdateInputWindows]
02-12 03:21:26.282  1024  1876 I input_focus: [Focus leaving 29e672 com.oculus.vrshell/com.oculus.vrshell.HomeActivity (server),reason=setFocusedWindow]
02-12 03:21:26.282  1024  1876 I input_focus: [Focus entering a286373 com.oculus.vrshell/com.oculus.vrshell.FocusPlaceholderActivity (server),reason=setFocusedWindow]
02-12 03:21:57.270  1024  1373 I am_kill : [0,16543,com.android.keychain,985,empty #17]
02-12 03:21:57.277  1024  1372 I am_pss  : [22487,10018,com.oculus.os.vrusb,7400448,4460544,0,99090432,0,19,4]
02-12 03:21:57.281  1024  1372 I am_pss  : [16430,1000,com.android.settings,9963520,7766016,0,98930688,0,19,3]
02-12 03:21:57.286  1024  3437 I am_proc_died: [0,16543,com.android.keychain,985,19]
02-12 03:21:57.288  1024  1372 I am_pss  : [16083,10158,com.oculus.remotedesktop:RemoteDesktop,9132032,7004160,4096,100663296,0,19,4]
02-12 03:22:00.815  1024  2657 I battery_level: [81,3941,440]
02-12 03:22:04.545  1024  1373 I am_uid_idle: 10151
02-12 03:22:04.545  1024  1373 I am_uid_idle: 10080
02-12 03:22:05.884  1024  1373 I am_uid_idle: 10031
02-12 03:22:06.701  1024  1373 I am_uid_idle: 10071
02-12 03:22:11.497  1024  2009 I netstats_mobile_sample: [0,0,0,0,0,0,0,0,1770895331846]
02-12 03:22:11.497  1024  2009 I netstats_wifi_sample: [1664169058,79310917,1204594,142894,1642354991,79310917,1287724,142894,1770895331846]
02-12 03:22:22.085  1024  1373 I am_uid_idle: 10061
02-12 03:22:24.512  1024  1364 I commit_sys_config_file: [jobs,5]
02-12 03:22:24.515  1024  1364 I commit_sys_config_file: [jobs,3]
02-12 03:23:08.790  1024  3007 I battery_level: [80,3921,440]
02-12 03:23:24.289  1024  2263 I am_uid_active: 10061
02-12 03:23:45.990  1024  2009 I netstats_mobile_sample: [0,0,0,0,0,0,0,0,1770895426339]
02-12 03:23:45.990  1024  2009 I netstats_wifi_sample: [1664509203,81294713,1205778,144683,1642578145,81294713,1288564,144683,1770895426339]
02-12 03:23:59.271  1024  1372 I am_pss  : [16727,10027,com.oculus.os.voidactivity,19349504,11485184,0,152190976,0,18,4]
02-12 03:23:59.275  1024  1372 I am_pss  : [22487,10018,com.oculus.os.vrusb,7444480,4460544,0,99090432,0,19,3]
02-12 03:24:16.764  1024  1186 I battery_level: [79,3874,450]
02-12 03:24:23.150  1143  1454 I storaged_disk_stats: [stalled,3265928,3325928,0,0,0,0,593,195,11032,1162,0,230,1189]
02-12 03:24:24.301  1024  1373 I am_uid_idle: 10061
02-12 03:24:37.279  1024  1186 I sysui_multi_action: [757,1417,758,4,1418,79,1421,2]
02-12 03:24:37.279  1024  1186 I battery_discharge: [202244,82,79]
02-12 03:24:37.279  1024  1186 I battery_status: [3,2,1,2,Li-ion]
02-12 03:24:37.286  1024  1024 I battery_saving_stats: [0,1,0,202245,118335,3,885077,510048,11]
02-12 03:24:37.326  1024  1847 I am_uid_running: 10108
02-12 03:24:37.334  1024  1374 I am_proc_start: [0,23371,10108,com.google.android.apps.youtube.vr.oculus,service,{com.google.android.apps.youtube.vr.oculus/com.google.android.datatransport.runtime.scheduling.jobscheduling.JobInfoSchedulerService}]
02-12 03:24:37.360  1024  3007 I am_proc_bound: [0,23371,com.google.android.apps.youtube.vr.oculus]
02-12 03:24:37.387  1024  1186 I battery_status: [3,2,1,1,Li-ion]
02-12 03:24:37.411  1024  1372 I commit_sys_config_file: [batterystats,13]
02-12 03:24:37.421  1024  1372 I commit_sys_config_file: [batterystats,9]
02-12 03:24:37.844  1024  1024 I notification_enqueue: [1000,1024,android,32,NULL,-1,Notification(channel=USB shortcut=null contentView=null vibrate=null sound=null tick defaults=0x0 flags=0x802 color=0x00000000 vis=PUBLIC),0]
02-12 03:24:37.845  1024  1024 I notification_enqueue: [1000,1024,android,26,NULL,-1,Notification(channel=DEVELOPER_IMPORTANT shortcut=null contentView=null vibrate=null sound=null tick defaults=0x0 flags=0x802 color=0x00000000 vis=PUBLIC),0]
02-12 03:24:37.849  1024  3892 I am_kill : [0,17513,com.oculus.explore,985,empty #17]
02-12 03:24:37.861  1024  4327 I am_proc_died: [0,17513,com.oculus.explore,985,19]
02-12 03:24:37.861  1024  4327 I am_uid_stopped: 10063
02-12 03:24:37.868  1024  1372 I am_pss  : [2233,10094,com.android.permissioncontroller,26551296,20381696,1302528,135331840,0,19,3]
02-12 03:24:38.045  1024  1024 I sysui_multi_action: [757,1501,758,1,793,202,794,0,795,202,796,32,806,android,857,USB,858,1,947,0,1500,0]
02-12 03:24:38.045  1024  1024 I sysui_multi_action: [757,804,799,note_interruptive,801,0,802,1]
02-12 03:24:38.046  1024  1024 I sysui_multi_action: [757,1501,758,1,793,202,794,0,795,202,796,26,806,android,857,DEVELOPER_IMPORTANT,858,4,947,0,1500,0]
02-12 03:24:38.046  1024  1024 I sysui_multi_action: [757,804,799,note_interruptive,801,0,802,1]
02-12 03:24:38.049  1024  1024 I notification_autogrouped: -1|android|26|null|1000
02-12 03:24:38.049  1024  1024 I notification_autogrouped: -1|android|32|null|1000
02-12 03:24:38.049  1024  2026 I notification_adjusted: [-1|android|26|null|1000,key_group_key,ranker_group]
02-12 03:24:38.053  1024  2026 I notification_adjusted: [-1|android|32|null|1000,key_group_key,ranker_group]
02-12 03:24:38.076  1024  1024 I notification_enqueue: [1000,2504,com.oculus.notification_proxy,4121,usb_connect_enable_mtp,0,Notification(channel=com.oculus.notification_proxy.notif_channel shortcut=null contentView=null vibrate=null sound=null defaults=0x0 flags=0x800 color=0x00000000 groupKey=unique4121 vis=PRIVATE),0]
