02-12 03:30:47.450  3501  3820 I OpenXR_Anchor: xrQuerySpacesFB: split anchor query enabled
02-12 03:30:47.450  3501  3820 I [CT]    : SP:AF:InsightAnchorApi: QueryAnchorSpaces loadAndQueryAvailableAnchors flow. (task start) duration: 0.000000000 [sec], flags: 44, location: StorageLocation::LOCAL(1), method: 1, request: 12115, source: SourceType::LIVE_TRACKER(1)
02-12 03:30:47.450  3501 16529 I [CT]    : RuntimeIpcHelper: RuntimeIpcClient::CALL_RPC isAsync: true, func: loadAvailableAnchors
02-12 03:30:47.450  4730  5255 I [CT]    : SP:AP:AnchorPersistenceRuntimeIpcServer: checkRPC start: sessionUuid:bc967283-105c-0295-301c-05d2904d6425, clientId:2368628683, givenPackageName:com.oculus.vrshell
02-12 03:30:47.450  4730  5255 I [CT]    : SP:AP:AnchorPersistenceRuntimeIpcServer: checkPackageAccess - detectedPackageName:com.oculus.vrshell, detectedProcessName:com.oculus.vrshell, givenPackageName:com.oculus.vrshell
02-12 03:30:47.450  4730  5255 I [CT]    : SP:AP:AnchorPersistenceRuntimeIpcServer: checkRPC package name matches: sessionUuid:bc967283-105c-0295-301c-05d2904d6425, clientId:2368628683, givenPackageName:com.oculus.vrshell, detectedPackageName:com.oculus.vrshell, detectedProcessName:com.oculus.vrshell
02-12 03:30:47.450  4730  5255 I [CT]    : SP:AP:AnchorPersistenceRuntimeIpcServer: queryAvailableAnchorsSMV2: clientId: 2368628683, maxAnchors: 500, filter: 0, queryMultipleRoomsEnabledByOpenXrVersion: true, source: 1, appId: com.oculus.vrshell
02-12 03:30:47.450  4730  5255 I [CT]    : SP:AP:AnchorPersistenceConfig: getSceneRuntimePermissionEnabled: USE_SCENE permission is enabled on this device
02-12 03:30:47.450  4730  5255 I [CT]    : SP:AP:AnchorPersistenceScenePermissions: hasClientGrantedScenePermission: USE_SCENE permission is enabled on this device, check client 2368628683, grant is true
02-12 03:30:47.450  4730  5255 I [CT]    : SP:AP:AnchorPersistenceConfig: getSceneRuntimePermissionEnabled: USE_SCENE permission is enabled on this device
02-12 03:30:47.451  4730  5255 I [CT]    : SP:SceneAnchorFilterUtil: filterSceneDataByPermission: com.oculus.vrshell permission check passed, keep scene data. anchors size: 0
02-12 03:30:47.451  3501  4430 I [CT]    : SP:AF:InsightAnchorApi: QueryAnchorSpaces (task finish) returnCode: AnchorResultCode::SUCCESS(0), numSpacesFound: 0, spacesFoundUuids: [], duration: 0.000000000 [sec], flags: 44, location: 1, method: 1, request: 12115
02-12 03:30:47.465  3501  3820 I [CT]    : SP:TREX:SpatialPersistencePlugin: Event type: 6
02-12 03:30:47.465  3501  3820 I TREX    : Spatial Persistence event: QuerySpacesFinish
02-12 03:30:47.478  3555  3711 I MRSS    : MIXEDREALITY: MrRuntimeCompute: dispatchFrameset : (every 5 seconds). SemanticVolume: OFF, Semantics: OFF, Camera: ON, Fiducials: OFF, MetaForegroundFreespaceScan: OFF, MetaAssistedSceneCapture: OFF, VisionInterfaceTelemetry: ON, PlaneFreespace: OFF, DepthMeshing: OFF, SceneLayout: OFF, Passthrough: ON, SporadicDepth: OFF, MetaEnvironmentDepth: ON, MetaBackgroundFreespaceScan: OFF, Depth: ON, SceneObjects: OFF, SceneReconstruction: OFF, LightingEstimation: OFF, InstantPlacement: OFF, FloorHeight: OFF, MrFeatureTelemetry: ON, TrackedKeypoints: OFF
02-12 03:30:47.478   919  1765 W TrackingService: 13 late Color frame set were dropped: timestamp 3735.588971, current monochrome 3735.593704
02-12 03:30:47.489   919  1769 I Tracking: CONSTELLATION:VISION_STATUS: 0x76b04094f4341f1d (R): [#Samples=76] 3735.610s | BlobDetection:[#BlobsDetected=(0.00, 0.00)]Matching:[MatchSuccess=0.000, MatchCost=(0.00000, 0.00000), #MatchedBlobs=(0.00, 0.00), #MatchedLeds=(0.00, 0.00), RematchM=0.000, SkipRefine=0.000] MatchMethod:[Prox=0.000, ConstBrute=0.000, AttiBrute=0.000, UnconstBrute=0.000] MatchResets[AnomBlobSize=0.000, SharedMatch=0.000, DenseReacq=0.000] | Fusion:[FusionError=0.000, ImuFromCamMs=(-3734110.470, 2138717.781), RematchF=0.000] FusionUpdates:[Successful=0.000, Reliable=0.000, TightFusion=0.000, FullPose=0.000, StaticPrior=0.000, StaticForHandTrans=0.000, PoseUpdateMD=(0.0000, 0.0000)] FusionResets[6DoFReset=0.000, ResetSuccess=0.000] FusionStatus[HasPosition=0.000, HasVelocity=0.000]  [Current time=3735.610s, last log time=3730.544s]
02-12 03:30:47.517  1154  1835 D TelemetryService: Upload complete after 118 ms with result: success
02-12 03:30:47.523   931 22721 W XrCameraHal: XrCameraLogical.cpp:dbgValidateFrameTimestamp: Task [ queue size: 0 threads: 1 ] Received Globally older Mono result - diff    3321563 Last: [ gCamId 1  gFrameId 35258 gLastTimestamp: 3770296828132 ] Frame: [ camId 2 frameId 35259 timestamp: 3770293506569 ]
02-12 03:30:47.523   931 22722 W XrCameraHal: XrCameraLogical.cpp:dbgValidateFrameTimestamp: Task [ queue size: 1 threads: 1 ] Received Globally older Mono result - diff    3305365 Last: [ gCamId 1  gFrameId 35258 gLastTimestamp: 3770296828132 ] Frame: [ camId 3 frameId 35259 timestamp: 3770293522767 ]
02-12 03:30:47.561  3501  3820 I OpenXR_Anchor: xrQuerySpacesFB: split anchor query enabled
02-12 03:30:47.561  3501  3820 I [CT]    : SP:AF:InsightAnchorApi: QueryAnchorSpaces loadAndQueryAvailableAnchors flow. (task start) duration: 0.000000000 [sec], flags: 44, location: StorageLocation::LOCAL(1), method: 1, request: 12116, source: SourceType::LIVE_TRACKER(1)
02-12 03:30:47.561  3501 16529 I [CT]    : RuntimeIpcHelper: RuntimeIpcClient::CALL_RPC isAsync: true, func: loadAvailableAnchors
02-12 03:30:47.561  4730  5255 I [CT]    : SP:AP:AnchorPersistenceRuntimeIpcServer: checkRPC start: sessionUuid:bc967283-105c-0295-301c-05d2904d6425, clientId:2368628683, givenPackageName:com.oculus.vrshell
02-12 03:30:47.561  4730  5255 I [CT]    : SP:AP:AnchorPersistenceRuntimeIpcServer: checkPackageAccess - detectedPackageName:com.oculus.vrshell, detectedProcessName:com.oculus.vrshell, givenPackageName:com.oculus.vrshell
02-12 03:30:47.561  4730  5255 I [CT]    : SP:AP:AnchorPersistenceRuntimeIpcServer: checkRPC package name matches: sessionUuid:bc967283-105c-0295-301c-05d2904d6425, clientId:2368628683, givenPackageName:com.oculus.vrshell, detectedPackageName:com.oculus.vrshell, detectedProcessName:com.oculus.vrshell
02-12 03:30:47.561  4730  5255 I [CT]    : SP:AP:AnchorPersistenceRuntimeIpcServer: queryAvailableAnchorsSMV2: clientId: 2368628683, maxAnchors: 500, filter: 0, queryMultipleRoomsEnabledByOpenXrVersion: true, source: 1, appId: com.oculus.vrshell
02-12 03:30:47.561  4730  5255 I [CT]    : SP:AP:AnchorPersistenceConfig: getSceneRuntimePermissionEnabled: USE_SCENE permission is enabled on this device
02-12 03:30:47.561  4730  5255 I [CT]    : SP:AP:AnchorPersistenceScenePermissions: hasClientGrantedScenePermission: USE_SCENE permission is enabled on this device, check client 2368628683, grant is true
02-12 03:30:47.561  4730  5255 I [CT]    : SP:AP:AnchorPersistenceConfig: getSceneRuntimePermissionEnabled: USE_SCENE permission is enabled on this device
02-12 03:30:47.562  4730  5255 I [CT]    : SP:SceneAnchorFilterUtil: filterSceneDataByPermission: com.oculus.vrshell permission check passed, keep scene data. anchors size: 0
02-12 03:30:47.563  3501  4430 I [CT]    : SP:AF:InsightAnchorApi: QueryAnchorSpaces (task finish) returnCode: AnchorResultCode::SUCCESS(0), numSpacesFound: 0, spacesFoundUuids: [], duration: 0.000000000 [sec], flags: 44, location: 1, method: 1, request: 12116
02-12 03:30:47.576  3501  3820 I [CT]    : SP:TREX:SpatialPersistencePlugin: Event type: 6
02-12 03:30:47.576  3501  3820 I TREX    : Spatial Persistence event: QuerySpacesFinish
02-12 03:30:47.590   931 22721 W XrCameraHal: XrCameraLogical.cpp:dbgValidateFrameTimestamp: Task [ queue size: 0 threads: 1 ] Received Globally older Mono result - diff    3327760 Last: [ gCamId 1  gFrameId 35262 gLastTimestamp: 3770363497878 ] Frame: [ camId 2 frameId 35263 timestamp: 3770360170118 ]
02-12 03:30:47.590   931 22722 W XrCameraHal: XrCameraLogical.cpp:dbgValidateFrameTimestamp: Task [ queue size: 1 threads: 1 ] Received Globally older Mono result - diff    3311823 Last: [ gCamId 1  gFrameId 35262 gLastTimestamp: 3770363497878 ] Frame: [ camId 3 frameId 35263 timestamp: 3770360186055 ]
02-12 03:30:47.623  2117 22590 I ProxyToPassthroughLayerProcessor: ProcessPTProxyLayers: In/Out=1/1 PTApiLCnt=1 skipped=0
02-12 03:30:47.624  2117 22590 I PassthroughInCompositorRenderer: PTINC: p2pLat: [40.61/0.00/40.61] ms, p2brLat: [27.37/0.10/27.53] ms [mean / stdev / p95]
02-12 03:30:47.637  2117 22590 I ProxyToPassthroughLayerProcessor: Layer without color map style
02-12 03:30:47.656   931 22721 W XrCameraHal: XrCameraLogical.cpp:dbgValidateFrameTimestamp: Task [ queue size: 1 threads: 1 ] Received Globally older Mono result - diff    3312031 Last: [ gCamId 1  gFrameId 35266 gLastTimestamp: 3770430155072 ] Frame: [ camId 2 frameId 35267 timestamp: 3770426843041 ]
02-12 03:30:47.656   931 22722 W XrCameraHal: XrCameraLogical.cpp:dbgValidateFrameTimestamp: Task [ queue size: 1 threads: 1 ] Received Globally older Mono result - diff    3294219 Last: [ gCamId 1  gFrameId 35266 gLastTimestamp: 3770430155072 ] Frame: [ camId 3 frameId 35267 timestamp: 3770426860853 ]
02-12 03:30:47.672  3501  3820 I OpenXR_Anchor: xrQuerySpacesFB: split anchor query enabled
02-12 03:30:47.672  3501  3820 I [CT]    : SP:AF:InsightAnchorApi: QueryAnchorSpaces loadAndQueryAvailableAnchors flow. (task start) duration: 0.000000000 [sec], flags: 44, location: StorageLocation::LOCAL(1), method: 1, request: 12117, source: SourceType::LIVE_TRACKER(1)
02-12 03:30:47.672  3501 16529 I [CT]    : RuntimeIpcHelper: RuntimeIpcClient::CALL_RPC isAsync: true, func: loadAvailableAnchors
02-12 03:30:47.672  4730  5255 I [CT]    : SP:AP:AnchorPersistenceRuntimeIpcServer: checkRPC start: sessionUuid:bc967283-105c-0295-301c-05d2904d6425, clientId:2368628683, givenPackageName:com.oculus.vrshell
02-12 03:30:47.672  4730  5255 I [CT]    : SP:AP:AnchorPersistenceRuntimeIpcServer: checkPackageAccess - detectedPackageName:com.oculus.vrshell, detectedProcessName:com.oculus.vrshell, givenPackageName:com.oculus.vrshell
02-12 03:30:47.672  4730  5255 I [CT]    : SP:AP:AnchorPersistenceRuntimeIpcServer: checkRPC package name matches: sessionUuid:bc967283-105c-0295-301c-05d2904d6425, clientId:2368628683, givenPackageName:com.oculus.vrshell, detectedPackageName:com.oculus.vrshell, detectedProcessName:com.oculus.vrshell
02-12 03:30:47.672  4730  5255 I [CT]    : SP:AP:AnchorPersistenceRuntimeIpcServer: queryAvailableAnchorsSMV2: clientId: 2368628683, maxAnchors: 500, filter: 0, queryMultipleRoomsEnabledByOpenXrVersion: true, source: 1, appId: com.oculus.vrshell
02-12 03:30:47.672  4730  5255 I [CT]    : SP:AP:AnchorPersistenceConfig: getSceneRuntimePermissionEnabled: USE_SCENE permission is enabled on this device
02-12 03:30:47.672  4730  5255 I [CT]    : SP:AP:AnchorPersistenceScenePermissions: hasClientGrantedScenePermission: USE_SCENE permission is enabled on this device, check client 2368628683, grant is true
02-12 03:30:47.672  4730  5255 I [CT]    : SP:AP:AnchorPersistenceConfig: getSceneRuntimePermissionEnabled: USE_SCENE permission is enabled on this device
02-12 03:30:47.673  4730  5255 I [CT]    : SP:SceneAnchorFilterUtil: filterSceneDataByPermission: com.oculus.vrshell permission check passed, keep scene data. anchors size: 0
02-12 03:30:47.674  3501  4430 I [CT]    : SP:AF:InsightAnchorApi: QueryAnchorSpaces (task finish) returnCode: AnchorResultCode::SUCCESS(0), numSpacesFound: 0, spacesFoundUuids: [], duration: 0.000000000 [sec], flags: 44, location: 1, method: 1, request: 12117
02-12 03:30:47.687  3501  3820 I [CT]    : SP:TREX:SpatialPersistencePlugin: Event type: 6
02-12 03:30:47.687  3501  3820 I TREX    : Spatial Persistence event: QuerySpacesFinish
02-12 03:30:47.723   931 22721 W XrCameraHal: XrCameraLogical.cpp:dbgValidateFrameTimestamp: Task [ queue size: 2 threads: 1 ] Received Globally older Mono result - diff    3427292 Last: [ gCamId 1  gFrameId 35270 gLastTimestamp: 3770496949298 ] Frame: [ camId 2 frameId 35271 timestamp: 3770493522006 ]
02-12 03:30:47.763  3555  3666 I MRSS    : MIXEDREALITY: EnvironmentDepthMetacapability: processTelemetry client com.oculus.vrshell state true aggregated 0
02-12 03:30:47.771  3501  4798 W ShellHsr: Renderer: RenderableFilter has 36 tags, which is more than 10. This is expected to be rare. If this becomes common, consider changing RenderableFilter logic to use something other than linear searches for filtering renderable tags (like registered bitsets).
02-12 03:30:47.783  3501  3820 I OpenXR_Anchor: xrQuerySpacesFB: split anchor query enabled
02-12 03:30:47.783  3501  3820 I [CT]    : SP:AF:InsightAnchorApi: QueryAnchorSpaces loadAndQueryAvailableAnchors flow. (task start) duration: 0.000000000 [sec], flags: 44, location: StorageLocation::LOCAL(1), method: 1, request: 12118, source: SourceType::LIVE_TRACKER(1)
02-12 03:30:47.783  3501 16529 I [CT]    : RuntimeIpcHelper: RuntimeIpcClient::CALL_RPC isAsync: true, func: loadAvailableAnchors
02-12 03:30:47.783  4730  5255 I [CT]    : SP:AP:AnchorPersistenceRuntimeIpcServer: checkRPC start: sessionUuid:bc967283-105c-0295-301c-05d2904d6425, clientId:2368628683, givenPackageName:com.oculus.vrshell
02-12 03:30:47.783  4730  5255 I [CT]    : SP:AP:AnchorPersistenceRuntimeIpcServer: checkPackageAccess - detectedPackageName:com.oculus.vrshell, detectedProcessName:com.oculus.vrshell, givenPackageName:com.oculus.vrshell
02-12 03:30:47.783  4730  5255 I [CT]    : SP:AP:AnchorPersistenceRuntimeIpcServer: checkRPC package name matches: sessionUuid:bc967283-105c-0295-301c-05d2904d6425, clientId:2368628683, givenPackageName:com.oculus.vrshell, detectedPackageName:com.oculus.vrshell, detectedProcessName:com.oculus.vrshell
02-12 03:30:47.784  4730  5255 I [CT]    : SP:AP:AnchorPersistenceRuntimeIpcServer: queryAvailableAnchorsSMV2: clientId: 2368628683, maxAnchors: 500, filter: 0, queryMultipleRoomsEnabledByOpenXrVersion: true, source: 1, appId: com.oculus.vrshell
02-12 03:30:47.784  4730  5255 I [CT]    : SP:AP:AnchorPersistenceConfig: getSceneRuntimePermissionEnabled: USE_SCENE permission is enabled on this device
02-12 03:30:47.784  4730  5255 I [CT]    : SP:AP:AnchorPersistenceScenePermissions: hasClientGrantedScenePermission: USE_SCENE permission is enabled on this device, check client 2368628683, grant is true
02-12 03:30:47.784  4730  5255 I [CT]    : SP:AP:AnchorPersistenceConfig: getSceneRuntimePermissionEnabled: USE_SCENE permission is enabled on this device
02-12 03:30:47.784  4730  5255 I [CT]    : SP:SceneAnchorFilterUtil: filterSceneDataByPermission: com.oculus.vrshell permission check passed, keep scene data. anchors size: 0
02-12 03:30:47.785  3501  4430 I [CT]    : SP:AF:InsightAnchorApi: QueryAnchorSpaces (task finish) returnCode: AnchorResultCode::SUCCESS(0), numSpacesFound: 0, spacesFoundUuids: [], duration: 0.000000000 [sec], flags: 44, location: 1, method: 1, request: 12118
02-12 03:30:47.785  3501  3820 I [CT]    : SP:TREX:SpatialPersistencePlugin: Event type: 6
02-12 03:30:47.785  3501  3820 I TREX    : Spatial Persistence event: QuerySpacesFinish
02-12 03:30:47.894  3501  3820 I OpenXR_Anchor: xrQuerySpacesFB: split anchor query enabled
02-12 03:30:47.894  3501  3820 I [CT]    : SP:AF:InsightAnchorApi: QueryAnchorSpaces loadAndQueryAvailableAnchors flow. (task start) duration: 0.000000000 [sec], flags: 44, location: StorageLocation::LOCAL(1), method: 1, request: 12119, source: SourceType::LIVE_TRACKER(1)
02-12 03:30:47.894  3501 16529 I [CT]    : RuntimeIpcHelper: RuntimeIpcClient::CALL_RPC isAsync: true, func: loadAvailableAnchors
02-12 03:30:47.894  4730  5255 I [CT]    : SP:AP:AnchorPersistenceRuntimeIpcServer: checkRPC start: sessionUuid:bc967283-105c-0295-301c-05d2904d6425, clientId:2368628683, givenPackageName:com.oculus.vrshell
02-12 03:30:47.894  4730  5255 I [CT]    : SP:AP:AnchorPersistenceRuntimeIpcServer: checkPackageAccess - detectedPackageName:com.oculus.vrshell, detectedProcessName:com.oculus.vrshell, givenPackageName:com.oculus.vrshell
02-12 03:30:47.894  4730  5255 I [CT]    : SP:AP:AnchorPersistenceRuntimeIpcServer: checkRPC package name matches: sessionUuid:bc967283-105c-0295-301c-05d2904d6425, clientId:2368628683, givenPackageName:com.oculus.vrshell, detectedPackageName:com.oculus.vrshell, detectedProcessName:com.oculus.vrshell
02-12 03:30:47.894  4730  5255 I [CT]    : SP:AP:AnchorPersistenceRuntimeIpcServer: queryAvailableAnchorsSMV2: clientId: 2368628683, maxAnchors: 500, filter: 0, queryMultipleRoomsEnabledByOpenXrVersion: true, source: 1, appId: com.oculus.vrshell
02-12 03:30:47.894  4730  5255 I [CT]    : SP:AP:AnchorPersistenceConfig: getSceneRuntimePermissionEnabled: USE_SCENE permission is enabled on this device
02-12 03:30:47.895  4730  5255 I [CT]    : SP:AP:AnchorPersistenceScenePermissions: hasClientGrantedScenePermission: USE_SCENE permission is enabled on this device, check client 2368628683, grant is true
02-12 03:30:47.895  4730  5255 I [CT]    : SP:AP:AnchorPersistenceConfig: getSceneRuntimePermissionEnabled: USE_SCENE permission is enabled on this device
02-12 03:30:47.895  4730  5255 I [CT]    : SP:SceneAnchorFilterUtil: filterSceneDataByPermission: com.oculus.vrshell permission check passed, keep scene data. anchors size: 0
02-12 03:30:47.896  3501  4430 I [CT]    : SP:AF:InsightAnchorApi: QueryAnchorSpaces (task finish) returnCode: AnchorResultCode::SUCCESS(0), numSpacesFound: 0, spacesFoundUuids: [], duration: 0.000000000 [sec], flags: 44, location: 1, method: 1, request: 12119
02-12 03:30:47.910  3501  3820 I [CT]    : SP:TREX:SpatialPersistencePlugin: Event type: 6
02-12 03:30:47.910  3501  3820 I TREX    : Spatial Persistence event: QuerySpacesFinish
02-12 03:30:47.942  2117  2692 I FaceEyeTrackingServerManager_Impl: [FaceEyeTrackingManager] - orthofitManager is NULL.
02-12 03:30:47.961   931  1596 I DUMPSYS_LOG: {"additional_data":{"camera_fps":[{"fps":71.985019990423268,"frames":721,"id":4},{"fps":71.985019990423268,"frames":721,"id":5}]},"event":"CameraFPS","service":"SensorService","tid":"512601610992","ts":1770895847961513,"ts_proc":3770739991}
02-12 03:30:47.974  3555  3711 I MRSS    : MIXEDREALITY: MrSystemService: FramesetTelemetry: valid: -/-, stereo/depth/color: avail:  264/   0/ 636, accepted %: 100.0/0.0/100.0, dropped %: 0.0/0.0/0.0, valid %: 100.0/0.0/100.0, textured %: 0.0/0.0/100.0.
02-12 03:30:47.974  3555  3711 I MRSS    : MIXEDREALITY: MrSystemService: FramesetTelemetry: timeouts stereo/color: compute side: 0/0, render side: 0/0, egl: 0.
02-12 03:30:48.005  3501  3820 I OpenXR_Anchor: xrQuerySpacesFB: split anchor query enabled
02-12 03:30:48.005  3501  3820 I [CT]    : SP:AF:InsightAnchorApi: QueryAnchorSpaces loadAndQueryAvailableAnchors flow. (task start) duration: 0.000000000 [sec], flags: 44, location: StorageLocation::LOCAL(1), method: 1, request: 12120, source: SourceType::LIVE_TRACKER(1)
02-12 03:30:48.005  3501 16529 I [CT]    : RuntimeIpcHelper: RuntimeIpcClient::CALL_RPC isAsync: true, func: loadAvailableAnchors
02-12 03:30:48.006  4730  5255 I [CT]    : SP:AP:AnchorPersistenceRuntimeIpcServer: checkRPC start: sessionUuid:bc967283-105c-0295-301c-05d2904d6425, clientId:2368628683, givenPackageName:com.oculus.vrshell
02-12 03:30:48.006  4730  5255 I [CT]    : SP:AP:AnchorPersistenceRuntimeIpcServer: checkPackageAccess - detectedPackageName:com.oculus.vrshell, detectedProcessName:com.oculus.vrshell, givenPackageName:com.oculus.vrshell
02-12 03:30:48.006  4730  5255 I [CT]    : SP:AP:AnchorPersistenceRuntimeIpcServer: checkRPC package name matches: sessionUuid:bc967283-105c-0295-301c-05d2904d6425, clientId:2368628683, givenPackageName:com.oculus.vrshell, detectedPackageName:com.oculus.vrshell, detectedProcessName:com.oculus.vrshell
02-12 03:30:48.006  4730  5255 I [CT]    : SP:AP:AnchorPersistenceRuntimeIpcServer: queryAvailableAnchorsSMV2: clientId: 2368628683, maxAnchors: 500, filter: 0, queryMultipleRoomsEnabledByOpenXrVersion: true, source: 1, appId: com.oculus.vrshell
02-12 03:30:48.006  4730  5255 I [CT]    : SP:AP:AnchorPersistenceConfig: getSceneRuntimePermissionEnabled: USE_SCENE permission is enabled on this device
02-12 03:30:48.006  4730  5255 I [CT]    : SP:AP:AnchorPersistenceScenePermissions: hasClientGrantedScenePermission: USE_SCENE permission is enabled on this device, check client 2368628683, grant is true
02-12 03:30:48.006  4730  5255 I [CT]    : SP:AP:AnchorPersistenceConfig: getSceneRuntimePermissionEnabled: USE_SCENE permission is enabled on this device
02-12 03:30:48.006  4730  5255 I [CT]    : SP:SceneAnchorFilterUtil: filterSceneDataByPermission: com.oculus.vrshell permission check passed, keep scene data. anchors size: 0
02-12 03:30:48.007  3501  4430 I [CT]    : SP:AF:InsightAnchorApi: QueryAnchorSpaces (task finish) returnCode: AnchorResultCode::SUCCESS(0), numSpacesFound: 0, spacesFoundUuids: [], duration: 0.000000000 [sec], flags: 44, location: 1, method: 1, request: 12120
02-12 03:30:48.007  3501  3820 I [CT]    : SP:TREX:SpatialPersistencePlugin: Event type: 6
02-12 03:30:48.007  3501  3820 I TREX    : Spatial Persistence event: QuerySpacesFinish
02-12 03:30:48.025  1177 22553 D TrackingFidelityService: TrackingFidelitySharedMemory - setFeatureFidelity: 16 5
02-12 03:30:48.025  1177 22553 I TrackingFidelityService: checkMultimodalFeature: Attempt made to enable multimodal hands+controllers when not supported by app
02-12 03:30:48.026  1177 22553 W TrackingFidelityService: Fidelity data undefined in catalog for enabling feature like controller_selftracked for mux mode: lowLightController. 3 similar misses.
02-12 03:30:48.026  1177 22553 I TrackingFidelityService: Request(s)={constellation:5,controller_selftracked:5,hands:0,environment_lighting:0,keyboard:5,scene_reconstruction:0,}, Mux mode idx=3, name=lowLightControllerObject, score=-1960
02-12 03:30:48.026  1177 22553 I TrackingFidelityService: beginTransition[worldTracking]: lowLightControllerObject(3)->lowLightControllerObject(3)
02-12 03:30:48.026  1177 22553 I TrackingFidelityService: _applyMuxModeLockedInternal: Mode lowLightControllerObject already set. Returning.
02-12 03:30:48.026  1177 22553 I TrackingFidelityService: endTransition[worldTracking]: lowLightControllerObject(3)->lowLightControllerObject(3), seqId=-1, succeeded=true
02-12 03:30:48.042  3501 22677 I VrApi   : FPS=73/72,Prd=22ms,Tear=0,Early=0,Stale=0,Stale2/5/10/max=0/0/0/0,VSnc=1,Lat=-4,Fov=3,CPU4/GPU=3/2,1651/456MHz,OC=3F,TA=0/0/0,SP=N/N/N,Mem=2736MHz,Free=3645MB,PLS=0,Temp=43.0C/0.0C,TW=2.36ms,App=0.99ms,GD=0.00ms,CPU&GPU=4.66ms,LCnt=3(DR0,LM0),GPU%=0.26,CPU%=0.15(W0.24),CFL=11.73/15.47,ICFLp95=14.80,LD=0,CABC=1,SF=1.00,LP=1,DVFS=0,Preempt=158,PoseAgeP95=0.00
02-12 03:30:48.042  3501 22677 I VrApi   : ASW=0,Type=PTWFromStereo,E=0.000/0.000,D=0.000/0.000
02-12 03:30:48.116  3501  3820 I OpenXR_Anchor: xrQuerySpacesFB: split anchor query enabled
02-12 03:30:48.116  3501  3820 I [CT]    : SP:AF:InsightAnchorApi: QueryAnchorSpaces loadAndQueryAvailableAnchors flow. (task start) duration: 0.000000000 [sec], flags: 44, location: StorageLocation::LOCAL(1), method: 1, request: 12121, source: SourceType::LIVE_TRACKER(1)
02-12 03:30:48.117  3501 16529 I [CT]    : RuntimeIpcHelper: RuntimeIpcClient::CALL_RPC isAsync: true, func: loadAvailableAnchors
02-12 03:30:48.117  4730  5255 I [CT]    : SP:AP:AnchorPersistenceRuntimeIpcServer: checkRPC start: sessionUuid:bc967283-105c-0295-301c-05d2904d6425, clientId:2368628683, givenPackageName:com.oculus.vrshell
02-12 03:30:48.117  4730  5255 I [CT]    : SP:AP:AnchorPersistenceRuntimeIpcServer: checkPackageAccess - detectedPackageName:com.oculus.vrshell, detectedProcessName:com.oculus.vrshell, givenPackageName:com.oculus.vrshell
02-12 03:30:48.117  4730  5255 I [CT]    : SP:AP:AnchorPersistenceRuntimeIpcServer: checkRPC package name matches: sessionUuid:bc967283-105c-0295-301c-05d2904d6425, clientId:2368628683, givenPackageName:com.oculus.vrshell, detectedPackageName:com.oculus.vrshell, detectedProcessName:com.oculus.vrshell
02-12 03:30:48.117  4730  5255 I [CT]    : SP:AP:AnchorPersistenceRuntimeIpcServer: queryAvailableAnchorsSMV2: clientId: 2368628683, maxAnchors: 500, filter: 0, queryMultipleRoomsEnabledByOpenXrVersion: true, source: 1, appId: com.oculus.vrshell
02-12 03:30:48.117  4730  5255 I [CT]    : SP:AP:AnchorPersistenceConfig: getSceneRuntimePermissionEnabled: USE_SCENE permission is enabled on this device
02-12 03:30:48.117  4730  5255 I [CT]    : SP:AP:AnchorPersistenceScenePermissions: hasClientGrantedScenePermission: USE_SCENE permission is enabled on this device, check client 2368628683, grant is true
02-12 03:30:48.117  4730  5255 I [CT]    : SP:AP:AnchorPersistenceConfig: getSceneRuntimePermissionEnabled: USE_SCENE permission is enabled on this device
02-12 03:30:48.118  4730  5255 I [CT]    : SP:SceneAnchorFilterUtil: filterSceneDataByPermission: com.oculus.vrshell permission check passed, keep scene data. anchors size: 0
02-12 03:30:48.118  3501  4430 I [CT]    : SP:AF:InsightAnchorApi: QueryAnchorSpaces (task finish) returnCode: AnchorResultCode::SUCCESS(0), numSpacesFound: 0, spacesFoundUuids: [], duration: 0.000000000 [sec], flags: 44, location: 1, method: 1, request: 12121
02-12 03:30:48.131  3501  3820 I [CT]    : SP:TREX:SpatialPersistencePlugin: Event type: 6
02-12 03:30:48.131  3501  3820 I TREX    : Spatial Persistence event: QuerySpacesFinish
02-12 03:30:48.145  3501  3820 W ShellHsr: Task: postFrameJobsOutstanding exceeds nominal limit 135948 > 20, this likely means there is a problem in execution
02-12 03:30:48.162   930 22551 I VD628x  : Flicker results: freq 240.076324, max 240.078033, dcr 1.396558, pct 0.962924, idx 0.452035, conf 0.965910, snr 14.611294, svm 1.461144, sus 1
02-12 03:30:48.181  4730  5216 I DynamicObjectClient: Query Dynamic Object Tracker anchors
02-12 03:30:48.181  4730  5216 I DynamicObjectClient: Object in query has empty predictions or tracking flags
02-12 03:30:48.228  3501  3820 I OpenXR_Anchor: xrQuerySpacesFB: split anchor query enabled
02-12 03:30:48.228  3501  3820 I [CT]    : SP:AF:InsightAnchorApi: QueryAnchorSpaces loadAndQueryAvailableAnchors flow. (task start) duration: 0.000000000 [sec], flags: 44, location: StorageLocation::LOCAL(1), method: 1, request: 12122, source: SourceType::LIVE_TRACKER(1)
02-12 03:30:48.228  3501 16529 I [CT]    : RuntimeIpcHelper: RuntimeIpcClient::CALL_RPC isAsync: true, func: loadAvailableAnchors
02-12 03:30:48.228  4730  5255 I [CT]    : SP:AP:AnchorPersistenceRuntimeIpcServer: checkRPC start: sessionUuid:bc967283-105c-0295-301c-05d2904d6425, clientId:2368628683, givenPackageName:com.oculus.vrshell
02-12 03:30:48.228  4730  5255 I [CT]    : SP:AP:AnchorPersistenceRuntimeIpcServer: checkPackageAccess - detectedPackageName:com.oculus.vrshell, detectedProcessName:com.oculus.vrshell, givenPackageName:com.oculus.vrshell
02-12 03:30:48.228  4730  5255 I [CT]    : SP:AP:AnchorPersistenceRuntimeIpcServer: checkRPC package name matches: sessionUuid:bc967283-105c-0295-301c-05d2904d6425, clientId:2368628683, givenPackageName:com.oculus.vrshell, detectedPackageName:com.oculus.vrshell, detectedProcessName:com.oculus.vrshell
02-12 03:30:48.228  4730  5255 I [CT]    : SP:AP:AnchorPersistenceRuntimeIpcServer: queryAvailableAnchorsSMV2: clientId: 2368628683, maxAnchors: 500, filter: 0, queryMultipleRoomsEnabledByOpenXrVersion: true, source: 1, appId: com.oculus.vrshell
02-12 03:30:48.228  4730  5255 I [CT]    : SP:SM:SceneManager: queryAvailableAnchors: maxAnchors: 500, filter: 0, queryMultipleRoomsEnabledByOpenXrVersion: true, source: 1, appId: com.oculus.vrshell
02-12 03:30:48.228  4730  5255 I [CT]    : SP:AP:AnchorPersistenceConfig: getSceneRuntimePermissionEnabled: USE_SCENE permission is enabled on this device
02-12 03:30:48.228  4730  5255 I [CT]    : SP:AP:AnchorPersistenceScenePermissions: hasClientGrantedScenePermission: USE_SCENE permission is enabled on this device, check client 2368628683, grant is true
02-12 03:30:48.228  4730  5255 I [CT]    : SP:AP:AnchorPersistenceConfig: getSceneRuntimePermissionEnabled: USE_SCENE permission is enabled on this device
02-12 03:30:48.229  4730  5255 I [CT]    : SP:SceneAnchorFilterUtil: filterSceneDataByPermission: com.oculus.vrshell permission check passed, keep scene data. anchors size: 0
02-12 03:30:48.230  3501  4430 I [CT]    : SP:AF:InsightAnchorApi: QueryAnchorSpaces (task finish) returnCode: AnchorResultCode::SUCCESS(0), numSpacesFound: 0, spacesFoundUuids: [], duration: 0.000000000 [sec], flags: 44, location: 1, method: 1, request: 12122
02-12 03:30:48.243  3501  3820 I [CT]    : SP:TREX:SpatialPersistencePlugin: Event type: 6
02-12 03:30:48.243  3501  3820 I TREX    : Spatial Persistence event: QuerySpacesFinish
02-12 03:30:48.294   931  1596 I DUMPSYS_LOG: {"additional_data":{"camera_fps":[{"fps":119.99566446064649,"frames":1200,"id":0},{"fps":119.99566446064649,"frames":1200,"id":1},{"fps":59.997832230323247,"frames":600,"id":2},{"fps":59.997832230323247,"frames":600,"id":3}]},"event":"CameraFPS","service":"SensorService","tid":"512601610992","ts":1770895848294110,"ts_proc":3771072588}
02-12 03:30:48.339  3501  3820 I OpenXR_Anchor: xrQuerySpacesFB: split anchor query enabled
02-12 03:30:48.339  3501  3820 I [CT]    : SP:AF:InsightAnchorApi: QueryAnchorSpaces loadAndQueryAvailableAnchors flow. (task start) duration: 0.000000000 [sec], flags: 44, location: StorageLocation::LOCAL(1), method: 1, request: 12123, source: SourceType::LIVE_TRACKER(1)
02-12 03:30:48.339  3501 16529 I [CT]    : RuntimeIpcHelper: RuntimeIpcClient::CALL_RPC isAsync: true, func: loadAvailableAnchors
02-12 03:30:48.339  4730  5255 I [CT]    : SP:AP:AnchorPersistenceRuntimeIpcServer: checkRPC start: sessionUuid:bc967283-105c-0295-301c-05d2904d6425, clientId:2368628683, givenPackageName:com.oculus.vrshell
02-12 03:30:48.339  4730  5255 I [CT]    : SP:AP:AnchorPersistenceRuntimeIpcServer: checkPackageAccess - detectedPackageName:com.oculus.vrshell, detectedProcessName:com.oculus.vrshell, givenPackageName:com.oculus.vrshell
02-12 03:30:48.339  4730  5255 I [CT]    : SP:AP:AnchorPersistenceRuntimeIpcServer: checkRPC package name matches: sessionUuid:bc967283-105c-0295-301c-05d2904d6425, clientId:2368628683, givenPackageName:com.oculus.vrshell, detectedPackageName:com.oculus.vrshell, detectedProcessName:com.oculus.vrshell
02-12 03:30:48.339  4730  5255 I [CT]    : SP:AP:AnchorPersistenceRuntimeIpcServer: queryAvailableAnchorsSMV2: clientId: 2368628683, maxAnchors: 500, filter: 0, queryMultipleRoomsEnabledByOpenXrVersion: true, source: 1, appId: com.oculus.vrshell
02-12 03:30:48.339  4730  5255 I [CT]    : SP:AP:AnchorPersistenceConfig: getSceneRuntimePermissionEnabled: USE_SCENE permission is enabled on this device
02-12 03:30:48.339  4730  5255 I [CT]    : SP:AP:AnchorPersistenceScenePermissions: hasClientGrantedScenePermission: USE_SCENE permission is enabled on this device, check client 2368628683, grant is true
02-12 03:30:48.339  4730  5255 I [CT]    : SP:AP:AnchorPersistenceConfig: getSceneRuntimePermissionEnabled: USE_SCENE permission is enabled on this device
02-12 03:30:48.340  4730  5255 I [CT]    : SP:SceneAnchorFilterUtil: filterSceneDataByPermission: com.oculus.vrshell permission check passed, keep scene data. anchors size: 0
02-12 03:30:48.341  3501  4430 I [CT]    : SP:AF:InsightAnchorApi: QueryAnchorSpaces (task finish) returnCode: AnchorResultCode::SUCCESS(0), numSpacesFound: 0, spacesFoundUuids: [], duration: 0.000000000 [sec], flags: 44, location: 1, method: 1, request: 12123
02-12 03:30:48.354  3501  3820 I [CT]    : SP:TREX:SpatialPersistencePlugin: Event type: 6
02-12 03:30:48.354  3501  3820 I TREX    : Spatial Persistence event: QuerySpacesFinish
02-12 03:30:48.359  2117 22590 I [CT]    : PTApiClients: 1/1:com.oculus.vrshell,PT=1,EnvDepth=0,VrMode=1,LCnt=1/1(rec=1,proj=0,bg=0),NS=0,Sty=0
02-12 03:30:48.446  2117 22590 I Vsync   : Vsync 42600:  2 x 13.89 ms (72.00 Hz, at 3771.225)
02-12 03:30:48.449  3381 24690 I HorizonDsatHelper: fetchTokenValueAsync - callingPackage: com.oculus.horizon, actionName: com.oculus.auth.ACTION_FETCH_HORIZON_DEVICE_SCOPED_CREDENTIALS
02-12 03:30:48.449  3381 24690 I HorizonDsatHelper: fetchTokenAsync - forceRefresh: false, actionName: com.oculus.auth.ACTION_FETCH_HORIZON_DEVICE_SCOPED_CREDENTIALS
02-12 03:30:48.449  3381 24690 I HorizonDsatHelper: Returning stored token
02-12 03:30:48.449  3381 24690 I AuthLogger: Action succeeded: OBTAIN_TOKEN, callingPackage: com.oculus.horizon, accountType: com.oculus, tokenType: dsat, extras: {logging_source=HorizonDsatHelper, options={"forceRefresh":false,"method":"fetchTokenValueAsync","isCachedToken":true}, token_scope=ROOT, outcome=token, status=success}, duration: 0ms
02-12 03:30:48.449  3381 24690 I HorizonDsatHelper: fetchTokenAsync:: OnResult - callingPackage: com.oculus.horizon, actionName: com.oculus.auth.ACTION_FETCH_HORIZON_DEVICE_SCOPED_CREDENTIALS, forceRefresh: false, isResultPresent: true
02-12 03:30:48.450  3501  3820 I OpenXR_Anchor: xrQuerySpacesFB: split anchor query enabled
02-12 03:30:48.450  3501  3820 I [CT]    : SP:AF:InsightAnchorApi: QueryAnchorSpaces loadAndQueryAvailableAnchors flow. (task start) duration: 0.000000000 [sec], flags: 44, location: StorageLocation::LOCAL(1), method: 1, request: 12124, source: SourceType::LIVE_TRACKER(1)
02-12 03:30:48.450  3501  3820 I [CT]    : SP:AP:AnchorPersistenceRuntimeIpcClient: loadAvailableAnchors: maxAnchors: 500, filter: 0, queryMultipleRoomsEnabledByOpenXrVersion: true, source: 1, appId: com.oculus.vrshell
02-12 03:30:48.450  3501 16529 I [CT]    : RuntimeIpcHelper: RuntimeIpcClient::CALL_RPC isAsync: true, func: loadAvailableAnchors
02-12 03:30:48.450  4730  5255 I [CT]    : SP:AP:AnchorPersistenceRuntimeIpcServer: checkRPC start: sessionUuid:bc967283-105c-0295-301c-05d2904d6425, clientId:2368628683, givenPackageName:com.oculus.vrshell
02-12 03:30:48.450  4730  5255 I [CT]    : SP:AP:AnchorPersistenceRuntimeIpcServer: checkPackageAccess - detectedPackageName:com.oculus.vrshell, detectedProcessName:com.oculus.vrshell, givenPackageName:com.oculus.vrshell
02-12 03:30:48.450  4730  5255 I [CT]    : SP:AP:AnchorPersistenceRuntimeIpcServer: checkRPC package name matches: sessionUuid:bc967283-105c-0295-301c-05d2904d6425, clientId:2368628683, givenPackageName:com.oculus.vrshell, detectedPackageName:com.oculus.vrshell, detectedProcessName:com.oculus.vrshell
02-12 03:30:48.450  4730  5255 I [CT]    : SP:AP:AnchorPersistenceRuntimeIpcServer: queryAvailableAnchorsSMV2: clientId: 2368628683, maxAnchors: 500, filter: 0, queryMultipleRoomsEnabledByOpenXrVersion: true, source: 1, appId: com.oculus.vrshell
02-12 03:30:48.450  4730  5255 I [CT]    : SP:AP:AnchorPersistenceConfig: getSceneRuntimePermissionEnabled: USE_SCENE permission is enabled on this device
02-12 03:30:48.450  4730  5255 I [CT]    : SP:AP:AnchorPersistenceScenePermissions: hasClientGrantedScenePermission: USE_SCENE permission is enabled on this device, check client 2368628683, grant is true
02-12 03:30:48.450  4730  5255 I [CT]    : SP:AP:AnchorPersistenceConfig: getSceneRuntimePermissionEnabled: USE_SCENE permission is enabled on this device
02-12 03:30:48.451  4730  5255 I [CT]    : SP:SceneAnchorFilterUtil: filterSceneDataByPermission: com.oculus.vrshell permission check passed, keep scene data. anchors size: 0
02-12 03:30:48.452  3501  4430 I [CT]    : SP:AF:InsightAnchorApi: QueryAnchorSpaces (task finish) returnCode: AnchorResultCode::SUCCESS(0), numSpacesFound: 0, spacesFoundUuids: [], duration: 0.000000000 [sec], flags: 44, location: 1, method: 1, request: 12124
02-12 03:30:48.466  3501  3820 I [CT]    : SP:TREX:SpatialPersistencePlugin: Event type: 6
02-12 03:30:48.466  3501  3820 I TREX    : Spatial Persistence event: QuerySpacesFinish
02-12 03:30:48.561  3501  3820 I OpenXR_Anchor: xrQuerySpacesFB: split anchor query enabled
02-12 03:30:48.561  3501  3820 I [CT]    : SP:AF:InsightAnchorApi: QueryAnchorSpaces loadAndQueryAvailableAnchors flow. (task start) duration: 0.000000000 [sec], flags: 44, location: StorageLocation::LOCAL(1), method: 1, request: 12125, source: SourceType::LIVE_TRACKER(1)
02-12 03:30:48.561  3501 16529 I [CT]    : RuntimeIpcHelper: RuntimeIpcClient::CALL_RPC isAsync: true, func: loadAvailableAnchors
02-12 03:30:48.561  4730  5255 I [CT]    : SP:AP:AnchorPersistenceRuntimeIpcServer: checkRPC start: sessionUuid:bc967283-105c-0295-301c-05d2904d6425, clientId:2368628683, givenPackageName:com.oculus.vrshell
02-12 03:30:48.561  4730  5255 I [CT]    : SP:AP:AnchorPersistenceRuntimeIpcServer: checkPackageAccess - detectedPackageName:com.oculus.vrshell, detectedProcessName:com.oculus.vrshell, givenPackageName:com.oculus.vrshell
02-12 03:30:48.561  4730  5255 I [CT]    : SP:AP:AnchorPersistenceRuntimeIpcServer: checkRPC package name matches: sessionUuid:bc967283-105c-0295-301c-05d2904d6425, clientId:2368628683, givenPackageName:com.oculus.vrshell, detectedPackageName:com.oculus.vrshell, detectedProcessName:com.oculus.vrshell
02-12 03:30:48.561  4730  5255 I [CT]    : SP:AP:AnchorPersistenceRuntimeIpcServer: queryAvailableAnchorsSMV2: clientId: 2368628683, maxAnchors: 500, filter: 0, queryMultipleRoomsEnabledByOpenXrVersion: true, source: 1, appId: com.oculus.vrshell
02-12 03:30:48.562  4730  5255 I [CT]    : SP:AP:AnchorPersistenceConfig: getSceneRuntimePermissionEnabled: USE_SCENE permission is enabled on this device
02-12 03:30:48.562  4730  5255 I [CT]    : SP:AP:AnchorPersistenceScenePermissions: hasClientGrantedScenePermission: USE_SCENE permission is enabled on this device, check client 2368628683, grant is true
02-12 03:30:48.562  4730  5255 I [CT]    : SP:AP:AnchorPersistenceConfig: getSceneRuntimePermissionEnabled: USE_SCENE permission is enabled on this device
02-12 03:30:48.562  4730  5255 I [CT]    : SP:SceneAnchorFilterUtil: filterSceneDataByPermission: com.oculus.vrshell permission check passed, keep scene data. anchors size: 0
02-12 03:30:48.563  3501  4430 I [CT]    : SP:AF:InsightAnchorApi: QueryAnchorSpaces (task finish) returnCode: AnchorResultCode::SUCCESS(0), numSpacesFound: 0, spacesFoundUuids: [], duration: 0.000000000 [sec], flags: 44, location: 1, method: 1, request: 12125
02-12 03:30:48.576  3501  3820 I [CT]    : SP:TREX:SpatialPersistencePlugin: Event type: 6
02-12 03:30:48.576  3501  3820 I TREX    : Spatial Persistence event: QuerySpacesFinish
02-12 03:30:48.672  3501  3820 I OpenXR_Anchor: xrQuerySpacesFB: split anchor query enabled
02-12 03:30:48.672  3501  3820 I [CT]    : SP:AF:InsightAnchorApi: QueryAnchorSpaces loadAndQueryAvailableAnchors flow. (task start) duration: 0.000000000 [sec], flags: 44, location: StorageLocation::LOCAL(1), method: 1, request: 12126, source: SourceType::LIVE_TRACKER(1)
02-12 03:30:48.672  3501 16529 I [CT]    : RuntimeIpcHelper: RuntimeIpcClient::CALL_RPC isAsync: true, func: loadAvailableAnchors
02-12 03:30:48.672  4730  5255 I [CT]    : SP:AP:AnchorPersistenceRuntimeIpcServer: checkRPC start: sessionUuid:bc967283-105c-0295-301c-05d2904d6425, clientId:2368628683, givenPackageName:com.oculus.vrshell
02-12 03:30:48.672  4730  5255 I [CT]    : SP:AP:AnchorPersistenceRuntimeIpcServer: checkPackageAccess - detectedPackageName:com.oculus.vrshell, detectedProcessName:com.oculus.vrshell, givenPackageName:com.oculus.vrshell
02-12 03:30:48.672  4730  5255 I [CT]    : SP:AP:AnchorPersistenceRuntimeIpcServer: checkRPC package name matches: sessionUuid:bc967283-105c-0295-301c-05d2904d6425, clientId:2368628683, givenPackageName:com.oculus.vrshell, detectedPackageName:com.oculus.vrshell, detectedProcessName:com.oculus.vrshell
02-12 03:30:48.672  4730  5255 I [CT]    : SP:AP:AnchorPersistenceRuntimeIpcServer: queryAvailableAnchorsSMV2: clientId: 2368628683, maxAnchors: 500, filter: 0, queryMultipleRoomsEnabledByOpenXrVersion: true, source: 1, appId: com.oculus.vrshell
02-12 03:30:48.673  4730  5255 I [CT]    : SP:AP:AnchorPersistenceConfig: getSceneRuntimePermissionEnabled: USE_SCENE permission is enabled on this device
02-12 03:30:48.673  4730  5255 I [CT]    : SP:AP:AnchorPersistenceScenePermissions: hasClientGrantedScenePermission: USE_SCENE permission is enabled on this device, check client 2368628683, grant is true
02-12 03:30:48.673  4730  5255 I [CT]    : SP:AP:AnchorPersistenceConfig: getSceneRuntimePermissionEnabled: USE_SCENE permission is enabled on this device
02-12 03:30:48.673  4730  5255 I [CT]    : SP:SceneAnchorFilterUtil: filterSceneDataByPermission: com.oculus.vrshell permission check passed, keep scene data. anchors size: 0
02-12 03:30:48.674  3501  4430 I [CT]    : SP:AF:InsightAnchorApi: QueryAnchorSpaces (task finish) returnCode: AnchorResultCode::SUCCESS(0), numSpacesFound: 0, spacesFoundUuids: [], duration: 0.000000000 [sec], flags: 44, location: 1, method: 1, request: 12126
02-12 03:30:48.688  3501  3820 I [CT]    : SP:TREX:SpatialPersistencePlugin: Event type: 6
02-12 03:30:48.688  3501  3820 I TREX    : Spatial Persistence event: QuerySpacesFinish
02-12 03:30:48.689   919  1769 I Tracking: CONSTELLATION_Right: [Throttled count=89] P+C Right: Not reinitializing 6DoF filter yet (no valid pose from vision).
02-12 03:30:48.763  3555  3666 I MRSS    : MIXEDREALITY: EnvironmentDepthMetacapability: processTelemetry client com.oculus.vrshell state true aggregated 0
02-12 03:30:48.771  3501  4798 W ShellHsr: Renderer: RenderableFilter has 36 tags, which is more than 10. This is expected to be rare. If this becomes common, consider changing RenderableFilter logic to use something other than linear searches for filtering renderable tags (like registered bitsets).
02-12 03:30:48.783  3501  3820 I OpenXR_Anchor: xrQuerySpacesFB: split anchor query enabled
02-12 03:30:48.783  3501  3820 I [CT]    : SP:AF:InsightAnchorApi: QueryAnchorSpaces loadAndQueryAvailableAnchors flow. (task start) duration: 0.000000000 [sec], flags: 44, location: StorageLocation::LOCAL(1), method: 1, request: 12127, source: SourceType::LIVE_TRACKER(1)
02-12 03:30:48.783  3501 16529 I [CT]    : RuntimeIpcHelper: RuntimeIpcClient::CALL_RPC isAsync: true, func: loadAvailableAnchors
02-12 03:30:48.783  4730  5255 I [CT]    : SP:AP:AnchorPersistenceRuntimeIpcServer: checkRPC start: sessionUuid:bc967283-105c-0295-301c-05d2904d6425, clientId:2368628683, givenPackageName:com.oculus.vrshell
02-12 03:30:48.783  4730  5255 I [CT]    : SP:AP:AnchorPersistenceRuntimeIpcServer: checkPackageAccess - detectedPackageName:com.oculus.vrshell, detectedProcessName:com.oculus.vrshell, givenPackageName:com.oculus.vrshell
02-12 03:30:48.783  4730  5255 I [CT]    : SP:AP:AnchorPersistenceRuntimeIpcServer: checkRPC package name matches: sessionUuid:bc967283-105c-0295-301c-05d2904d6425, clientId:2368628683, givenPackageName:com.oculus.vrshell, detectedPackageName:com.oculus.vrshell, detectedProcessName:com.oculus.vrshell
02-12 03:30:48.783  4730  5255 I [CT]    : SP:AP:AnchorPersistenceRuntimeIpcServer: queryAvailableAnchorsSMV2: clientId: 2368628683, maxAnchors: 500, filter: 0, queryMultipleRoomsEnabledByOpenXrVersion: true, source: 1, appId: com.oculus.vrshell
02-12 03:30:48.783  4730  5255 I [CT]    : SP:AP:AnchorPersistenceConfig: getSceneRuntimePermissionEnabled: USE_SCENE permission is enabled on this device
02-12 03:30:48.783  4730  5255 I [CT]    : SP:AP:AnchorPersistenceScenePermissions: hasClientGrantedScenePermission: USE_SCENE permission is enabled on this device, check client 2368628683, grant is true
02-12 03:30:48.783  4730  5255 I [CT]    : SP:AP:AnchorPersistenceConfig: getSceneRuntimePermissionEnabled: USE_SCENE permission is enabled on this device
02-12 03:30:48.785  4730  5255 I [CT]    : SP:SceneAnchorFilterUtil: filterSceneDataByPermission: com.oculus.vrshell permission check passed, keep scene data. anchors size: 0
02-12 03:30:48.785  3501  4430 I [CT]    : SP:AF:InsightAnchorApi: QueryAnchorSpaces (task finish) returnCode: AnchorResultCode::SUCCESS(0), numSpacesFound: 0, spacesFoundUuids: [], duration: 0.000000000 [sec], flags: 44, location: 1, method: 1, request: 12127
02-12 03:30:48.798  3501  3820 I [CT]    : SP:TREX:SpatialPersistencePlugin: Event type: 6
02-12 03:30:48.798  3501  3820 I TREX    : Spatial Persistence event: QuerySpacesFinish
02-12 03:30:48.889   930 22551 I VD628x  : Flicker results: freq 240.076324, max 240.080719, dcr 1.396558, pct 0.959685, idx 0.475482, conf 0.964758, snr 14.436771, svm 1.461605, sus 1
02-12 03:30:48.894  3501  3820 I OpenXR_Anchor: xrQuerySpacesFB: split anchor query enabled
02-12 03:30:48.894  3501  3820 I [CT]    : SP:AF:InsightAnchorApi: QueryAnchorSpaces loadAndQueryAvailableAnchors flow. (task start) duration: 0.000000000 [sec], flags: 44, location: StorageLocation::LOCAL(1), method: 1, request: 12128, source: SourceType::LIVE_TRACKER(1)
02-12 03:30:48.894  3501 16529 I [CT]    : RuntimeIpcHelper: RuntimeIpcClient::CALL_RPC isAsync: true, func: loadAvailableAnchors
02-12 03:30:48.895  4730  5255 I [CT]    : SP:AP:AnchorPersistenceRuntimeIpcServer: checkRPC start: sessionUuid:bc967283-105c-0295-301c-05d2904d6425, clientId:2368628683, givenPackageName:com.oculus.vrshell
02-12 03:30:48.895  4730  5255 I [CT]    : SP:AP:AnchorPersistenceRuntimeIpcServer: checkPackageAccess - detectedPackageName:com.oculus.vrshell, detectedProcessName:com.oculus.vrshell, givenPackageName:com.oculus.vrshell
02-12 03:30:48.895  4730  5255 I [CT]    : SP:AP:AnchorPersistenceRuntimeIpcServer: checkRPC package name matches: sessionUuid:bc967283-105c-0295-301c-05d2904d6425, clientId:2368628683, givenPackageName:com.oculus.vrshell, detectedPackageName:com.oculus.vrshell, detectedProcessName:com.oculus.vrshell
02-12 03:30:48.895  4730  5255 I [CT]    : SP:AP:AnchorPersistenceRuntimeIpcServer: queryAvailableAnchorsSMV2: clientId: 2368628683, maxAnchors: 500, filter: 0, queryMultipleRoomsEnabledByOpenXrVersion: true, source: 1, appId: com.oculus.vrshell
02-12 03:30:48.895  4730  5255 I [CT]    : SP:AP:AnchorPersistenceConfig: getSceneRuntimePermissionEnabled: USE_SCENE permission is enabled on this device
02-12 03:30:48.895  4730  5255 I [CT]    : SP:AP:AnchorPersistenceScenePermissions: hasClientGrantedScenePermission: USE_SCENE permission is enabled on this device, check client 2368628683, grant is true
02-12 03:30:48.895  4730  5255 I [CT]    : SP:AP:AnchorPersistenceConfig: getSceneRuntimePermissionEnabled: USE_SCENE permission is enabled on this device
02-12 03:30:48.895  4730  5255 I [CT]    : SP:SceneAnchorFilterUtil: filterSceneDataByPermission: com.oculus.vrshell permission check passed, keep scene data. anchors size: 0
02-12 03:30:48.896  3501  4430 I [CT]    : SP:AF:InsightAnchorApi: QueryAnchorSpaces (task finish) returnCode: AnchorResultCode::SUCCESS(0), numSpacesFound: 0, spacesFoundUuids: [], duration: 0.000000000 [sec], flags: 44, location: 1, method: 1, request: 12128
02-12 03:30:48.910  3501  3820 I [CT]    : SP:TREX:SpatialPersistencePlugin: Event type: 6
02-12 03:30:48.910  3501  3820 I TREX    : Spatial Persistence event: QuerySpacesFinish
02-12 03:30:49.005  3501  3820 I OpenXR_Anchor: xrQuerySpacesFB: split anchor query enabled
02-12 03:30:49.005  3501  3820 I [CT]    : SP:AF:InsightAnchorApi: QueryAnchorSpaces loadAndQueryAvailableAnchors flow. (task start) duration: 0.000000000 [sec], flags: 44, location: StorageLocation::LOCAL(1), method: 1, request: 12129, source: SourceType::LIVE_TRACKER(1)
02-12 03:30:49.005  3501 16529 I [CT]    : RuntimeIpcHelper: RuntimeIpcClient::CALL_RPC isAsync: true, func: loadAvailableAnchors
02-12 03:30:49.006  4730  5255 I [CT]    : SP:AP:AnchorPersistenceRuntimeIpcServer: checkRPC start: sessionUuid:bc967283-105c-0295-301c-05d2904d6425, clientId:2368628683, givenPackageName:com.oculus.vrshell
02-12 03:30:49.006  4730  5255 I [CT]    : SP:AP:AnchorPersistenceRuntimeIpcServer: checkPackageAccess - detectedPackageName:com.oculus.vrshell, detectedProcessName:com.oculus.vrshell, givenPackageName:com.oculus.vrshell
02-12 03:30:49.006  4730  5255 I [CT]    : SP:AP:AnchorPersistenceRuntimeIpcServer: checkRPC package name matches: sessionUuid:bc967283-105c-0295-301c-05d2904d6425, clientId:2368628683, givenPackageName:com.oculus.vrshell, detectedPackageName:com.oculus.vrshell, detectedProcessName:com.oculus.vrshell
02-12 03:30:49.006  4730  5255 I [CT]    : SP:AP:AnchorPersistenceRuntimeIpcServer: queryAvailableAnchorsSMV2: clientId: 2368628683, maxAnchors: 500, filter: 0, queryMultipleRoomsEnabledByOpenXrVersion: true, source: 1, appId: com.oculus.vrshell
02-12 03:30:49.006  4730  5255 I [CT]    : SP:AP:AnchorPersistenceConfig: getSceneRuntimePermissionEnabled: USE_SCENE permission is enabled on this device
02-12 03:30:49.006  4730  5255 I [CT]    : SP:AP:AnchorPersistenceScenePermissions: hasClientGrantedScenePermission: USE_SCENE permission is enabled on this device, check client 2368628683, grant is true
02-12 03:30:49.006  4730  5255 I [CT]    : SP:AP:AnchorPersistenceConfig: getSceneRuntimePermissionEnabled: USE_SCENE permission is enabled on this device
02-12 03:30:49.007  4730  5255 I [CT]    : SP:SceneAnchorFilterUtil: filterSceneDataByPermission: com.oculus.vrshell permission check passed, keep scene data. anchors size: 0
02-12 03:30:49.007  3501  4430 I [CT]    : SP:AF:InsightAnchorApi: QueryAnchorSpaces (task finish) returnCode: AnchorResultCode::SUCCESS(0), numSpacesFound: 0, spacesFoundUuids: [], duration: 0.000000000 [sec], flags: 44, location: 1, method: 1, request: 12129
02-12 03:30:49.021  3501  3820 I [CT]    : SP:TREX:SpatialPersistencePlugin: Event type: 6
02-12 03:30:49.021  3501  3820 I TREX    : Spatial Persistence event: QuerySpacesFinish
02-12 03:30:49.042  3501 22677 I VrApi   : FPS=73/72,Prd=22ms,Tear=0,Early=0,Stale=0,Stale2/5/10/max=0/0/0/0,VSnc=1,Lat=-4,Fov=3,CPU4/GPU=3/2,1651/456MHz,OC=3F,TA=0/0/0,SP=N/N/N,Mem=2736MHz,Free=3645MB,PLS=0,Temp=43.0C/0.0C,TW=2.37ms,App=0.96ms,GD=0.00ms,CPU&GPU=4.75ms,LCnt=3(DR0,LM0),GPU%=0.26,CPU%=0.17(W0.25),CFL=11.69/15.56,ICFLp95=14.75,LD=0,CABC=1,SF=1.00,LP=1,DVFS=0,Preempt=158,PoseAgeP95=0.00
