02-12 03:10:56.856  1024  3305 I wm_set_keyguard_occluded: [0,0,0,setOccluded]
02-12 03:10:56.857  1024  1822 I wm_finish_activity: [0,117112353,1340,com.projectm.questxr/.QuestNativeActivity,app-request]
02-12 03:10:56.858  1024  1822 I wm_destroy_activity: [0,117112353,1340,com.projectm.questxr/.QuestNativeActivity,finish-imm:finishIfPossible]
02-12 03:10:56.860  1024  1363 I wm_new_intent: [0,47355202,1241,com.oculus.vrshell/.HomeActivity,android.intent.action.MAIN,NULL,NULL,276889856]
02-12 03:10:56.861  1024  1363 I wm_task_moved: [2,2,0,1,5]
02-12 03:10:56.861  3501  3501 I wm_on_top_resumed_lost_called: [47355202,com.oculus.vrshell.HomeActivity,pausing]
02-12 03:10:56.861  3501  3501 I wm_on_paused_called: [47355202,com.oculus.vrshell.HomeActivity,performPause,0]
02-12 03:10:56.861  3501  3501 I wm_on_resume_called: [47355202,com.oculus.vrshell.HomeActivity,LIFECYCLER_RESUME_ACTIVITY,0]
02-12 03:10:56.861  3501  3501 I wm_on_top_resumed_gained_called: [47355202,com.oculus.vrshell.HomeActivity,topWhenResuming]
02-12 03:10:56.861  1024  1363 I wm_set_keyguard_occluded: [0,0,0,setOccluded]
02-12 03:10:56.863  1595  1595 I sf_frame_dur: [com.oculus.android_panel_app.AndroidPanelLayer-com.oculus.vrshell-controlbar13#2199,1,0,0,0,0,0,0]
02-12 03:10:56.869  1024  4335 I am_uid_active: 10061
02-12 03:10:56.930 18759 18759 I wm_on_destroy_called: [117112353,com.projectm.questxr.QuestNativeActivity,performDestroy,63]
02-12 03:10:56.935  1024  4315 I wm_task_removed: [1340,3,0,removeChild, last child = ActivityRecord{6fafe21 u0 com.projectm.questxr/.QuestNativeActivity t-1 f}} in Task{d27246 #1340 type=standard A=10031:com.projectm.questxr}]
02-12 03:10:56.942  1024  1362 I sysui_multi_action: [757,803,799,window_time_4,802,0]
02-12 03:11:01.198  1024  1876 I input_interaction: Interaction with: 8165729 com.oculus.systemux/com.oculus.panelapp.anytimeui.AnytimeUIActivity (server), PointerEventDispatcher0 (server), 
02-12 03:11:01.993  1024  2291 I wm_set_keyguard_occluded: [0,0,0,setOccluded]
02-12 03:11:02.022  1024  1363 I wm_task_created: 1369
02-12 03:11:02.041  1024  1363 I sysui_multi_action: [757,1659,758,4,759,2,1660,113]
02-12 03:11:02.050  1024  1363 I wm_task_created: 1370
02-12 03:11:02.051  1024  1363 I wm_task_moved: [1370,1369,0,1,2147483647]
02-12 03:11:02.052  1024  1363 I wm_task_moved: [1369,1369,0,1,6]
02-12 03:11:02.052  1024  1363 I wm_focused_root_task: [0,0,1369,2,reuseOrNewTask]
02-12 03:11:02.052  1024  1363 I wm_create_task: [0,1370,1369,0]
02-12 03:11:02.052  3501  3501 I wm_on_top_resumed_lost_called: [47355202,com.oculus.vrshell.HomeActivity,topStateChangedWhenResumed]
02-12 03:11:02.052  1024  1363 I wm_create_activity: [0,177342220,1370,com.google.android.apps.youtube.vr.oculus/com.google.android.apps.youtube.vr.activities.YouTubeVrPanel2Activity,android.intent.action.MAIN,NULL,NULL,276889856]
02-12 03:11:02.052  1024  1363 I wm_task_moved: [1369,1369,0,1,6]
02-12 03:11:02.052  1024  1363 I wm_task_moved: [1370,1369,0,1,2147483647]
02-12 03:11:02.052  1024  1363 I wm_task_to_front: [0,1370,0]
02-12 03:11:02.055  1024  1365 I am_uid_running: 10108
02-12 03:11:02.066  1024  1374 I am_proc_start: [0,20295,10108,com.google.android.apps.youtube.vr.oculus,top-activity,{com.google.android.apps.youtube.vr.oculus/com.google.android.apps.youtube.vr.activities.YouTubeVrPanel2Activity}]
02-12 03:11:02.084  1024  4315 I am_proc_bound: [0,20295,com.google.android.apps.youtube.vr.oculus]
02-12 03:11:02.086  1024  4315 I wm_restart_activity: [0,177342220,1370,com.google.android.apps.youtube.vr.oculus/com.google.android.apps.youtube.vr.activities.YouTubeVrPanel2Activity]
02-12 03:11:02.087  1024  4315 I wm_set_resumed_activity: [0,com.google.android.apps.youtube.vr.oculus/com.google.android.apps.youtube.vr.activities.YouTubeVrPanel2Activity,minimalResumeActivityLocked - onActivityStateChanged]
02-12 03:11:02.087  1024  1366 I input_focus: [Requesting to set focus to null window,reason=UpdateInputWindows]
02-12 03:11:02.088  1024  4315 I am_uid_active: 10108
02-12 03:11:02.103  1024  1876 I input_focus: [Focus leaving 29e672 com.oculus.vrshell/com.oculus.vrshell.HomeActivity (server),reason=Waiting for window because NO_WINDOW]
02-12 03:11:02.352  1024  1024 I am_uid_active: 10151
02-12 03:11:02.402  1024  4335 I am_uid_active: 10080
02-12 03:11:02.480  1024  3007 I wm_finish_activity: [0,177342220,1370,com.google.android.apps.youtube.vr.oculus/com.google.android.apps.youtube.vr.activities.YouTubeVrPanel2Activity,finish-activity]
02-12 03:11:02.480  1024  3007 I wm_task_moved: [2,2,0,1,6]
02-12 03:11:02.480  1024  3007 I wm_set_resumed_activity: [0,com.oculus.vrshell/.HomeActivity,positionChildTaskAt]
02-12 03:11:02.480  1024  3007 I wm_task_moved: [1241,2,0,1,2147483647]
02-12 03:11:02.480  1024  3007 I wm_task_to_front: [0,1241,0]
02-12 03:11:02.480  1024  3007 I wm_focused_root_task: [0,0,2,-1,finish-top adjustFocusToNextFocusableTask]
02-12 03:11:02.480  1024  3007 I wm_pause_activity: [0,177342220,com.google.android.apps.youtube.vr.oculus/com.google.android.apps.youtube.vr.activities.YouTubeVrPanel2Activity,userLeaving=false,finish]
02-12 03:11:02.481  1024  1366 I input_focus: [Focus request 29e672 com.oculus.vrshell/com.oculus.vrshell.HomeActivity,reason=UpdateInputWindows]
02-12 03:11:02.482  1024  1362 I sysui_multi_action: [757,803,799,window_time_4,802,6]
02-12 03:11:02.482 20295 20295 I wm_on_create_called: [177342220,com.google.android.apps.youtube.vr.activities.YouTubeVrPanel2Activity,performCreate,205]
02-12 03:11:02.485  1024  1024 I wm_destroy_activity: [0,177342220,1370,com.google.android.apps.youtube.vr.oculus/com.google.android.apps.youtube.vr.activities.YouTubeVrPanel2Activity,finish-imm:deleteRootTask]
02-12 03:11:02.489  1024  1876 I input_focus: [Focus entering 29e672 com.oculus.vrshell/com.oculus.vrshell.HomeActivity (server),reason=setFocusedWindow]
02-12 03:11:02.493  1024  1362 I sysui_multi_action: [757,803,799,window_time_4,802,0]
02-12 03:11:02.501  1024  4315 I wm_failed_to_pause: [0,177342220,com.google.android.apps.youtube.vr.oculus/com.google.android.apps.youtube.vr.activities.YouTubeVrPanel2Activity,(none)]
02-12 03:11:02.503  3501  3501 I wm_on_top_resumed_gained_called: [47355202,com.oculus.vrshell.HomeActivity,topStateChangedWhenResumed]
02-12 03:11:02.509 20295 20295 I wm_on_destroy_called: [177342220,com.google.android.apps.youtube.vr.activities.YouTubeVrPanel2Activity,performDestroy,2]
02-12 03:11:02.510  1024  4336 I wm_task_removed: [1370,1369,0,removeChild, last child = ActivityRecord{a92070c u0 com.google.android.apps.youtube.vr.oculus/com.google.android.apps.youtube.vr.activities.YouTubeVrPanel2Activity t-1 f}} in Task{dde87f8 #1370 type=standard A=10108:com.google.android.apps.youtube.vr.oculus}]
02-12 03:11:02.510  1024  4336 I wm_task_removed: [1369,1369,0,removeChild, last child = Task{dde87f8 #1370 type=standard A=10108:com.google.android.apps.youtube.vr.oculus} in Task{5dce514 #1369 type=standard}]
02-12 03:11:02.538  1024  1363 I sysui_multi_action: [757,1659,758,4,759,2,1660,114]
02-12 03:11:02.545  1024  1373 I am_wtf  : [0,1024,system_server,-1,ActivityTaskManager,With BAL hardening this activity start would be blocked! [callingPackage: com.google.android.apps.youtube.vr.oculus; callingUid: 10108; appSwitchState: 2; callingUidHasAnyVisibleWindow: false; callingUidProcState: CACHED_EMPTY; isCallingUidPersistentSystemProcess: false; balAllowedByPiSender: BackgroundStartPrivileges[allowsBackgroundActivityStarts=true, allowsBackgroundForegroundServiceStarts=true, originatingToken=null]; realCallingPackage: android.uid.system:1000[debugOnly]; realCallingUid: 1000; realCallingUidHasAnyVisibleWindow: false; realCallingUidProcState: PERSISTENT; isRealCallingUidPersistentSystemProcess: true; originatingPendingIntent: PendingIntentRecord{258809d com.google.android.apps.youtube.vr.oculus startActivity}; backgroundStartPrivileges: BackgroundStartPrivileges[allowsBackgroundActivityStarts=true, allowsBackgroundForegroundServiceStarts=true, originatingToken=android.os.Binder@2bbeb09]; intent: Intent { act=android.intent.action.MAIN flg=0^
02-12 03:11:02.546  1024  1363 I wm_task_created: 1371
02-12 03:11:02.547  1024  1363 I wm_task_moved: [1371,3,0,1,2147483647]
02-12 03:11:02.548  1024  1363 I wm_task_moved: [3,3,0,1,5]
02-12 03:11:02.548  1024  1363 I wm_focused_root_task: [0,0,3,2,reuseOrNewTask]
02-12 03:11:02.548  1024  1363 I wm_create_task: [0,1371,3,0]
02-12 03:11:02.548  1024  1363 I wm_create_activity: [0,264341913,1371,com.google.android.apps.youtube.vr.oculus/com.google.android.apps.youtube.vr.activities.InternalYouTubeVrActivity,android.intent.action.MAIN,NULL,NULL,276889856]
02-12 03:11:02.548  3501  3501 I wm_on_top_resumed_lost_called: [47355202,com.oculus.vrshell.HomeActivity,topStateChangedWhenResumed]
02-12 03:11:02.549  1024  1363 I wm_task_moved: [3,3,0,1,5]
02-12 03:11:02.549  1024  1363 I wm_task_moved: [1371,3,0,1,2147483647]
02-12 03:11:02.549  1024  1363 I wm_task_to_front: [0,1371,0]
02-12 03:11:02.549  1024  1363 I wm_pause_activity: [0,47355202,com.oculus.vrshell/.HomeActivity,userLeaving=true,pauseBackTasks]
02-12 03:11:02.551  3501  3501 I wm_on_paused_called: [47355202,com.oculus.vrshell.HomeActivity,performPause,0]
02-12 03:11:02.552  1024  4311 I wm_add_to_stopping: [0,47355202,com.oculus.vrshell/.HomeActivity,makeInvisible]
02-12 03:11:02.552  1024  4311 I wm_restart_activity: [0,264341913,1371,com.google.android.apps.youtube.vr.oculus/com.google.android.apps.youtube.vr.activities.InternalYouTubeVrActivity]
02-12 03:11:02.553  1024  4311 I wm_set_resumed_activity: [0,com.google.android.apps.youtube.vr.oculus/com.google.android.apps.youtube.vr.activities.InternalYouTubeVrActivity,minimalResumeActivityLocked - onActivityStateChanged]
02-12 03:11:02.555  1024  1366 I input_focus: [Requesting to set focus to null window,reason=UpdateInputWindows]
02-12 03:11:02.558  1024  1362 I sysui_multi_action: [757,803,799,window_time_4,802,0]
02-12 03:11:02.559  1024  1876 I input_focus: [Focus leaving 29e672 com.oculus.vrshell/com.oculus.vrshell.HomeActivity (server),reason=NO_WINDOW]
02-12 03:11:02.584  1024  3007 I wm_finish_activity: [0,4520759,1368,com.oculus.vrshell/.FocusPlaceholderActivity,app-request]
02-12 03:11:02.584  1024  3007 I wm_pause_activity: [0,4520759,com.oculus.vrshell/.FocusPlaceholderActivity,userLeaving=false,finish]
02-12 03:11:02.589  3501  3501 I wm_on_paused_called: [4520759,com.oculus.vrshell.FocusPlaceholderActivity,performPause,0]
02-12 03:11:02.589  1024  4335 I wm_set_resumed_activity: [0,com.google.android.apps.youtube.vr.oculus/com.google.android.apps.youtube.vr.activities.InternalYouTubeVrActivity,setFocusedTask-alreadyTop]
02-12 03:11:02.589  1024  3007 I wm_add_to_stopping: [0,4520759,com.oculus.vrshell/.FocusPlaceholderActivity,completeFinishing]
02-12 03:11:02.590  1024  1362 I sysui_multi_action: [757,803,799,window_time_4,802,0]
02-12 03:11:02.603  3381  3381 I auditd  : type=1400 audit(0.0:157): avc:  denied  { read } for  comm="binder:3381_6" name="u:object_r:userdebug_or_eng_prop:s0" dev="tmpfs" ino=441 scontext=u:r:untrusted_app_25:s0:c512,c768 tcontext=u:object_r:userdebug_or_eng_prop:s0 tclass=file permissive=0 app=com.oculus.horizon
02-12 03:11:02.613  3381  3381 I auditd  : type=1400 audit(0.0:158): avc:  denied  { read } for  comm="binder:3381_6" name="u:object_r:userdebug_or_eng_prop:s0" dev="tmpfs" ino=441 scontext=u:r:untrusted_app_25:s0:c512,c768 tcontext=u:object_r:userdebug_or_eng_prop:s0 tclass=file permissive=0 app=com.oculus.horizon
02-12 03:11:02.660 20295 20295 I wm_on_create_called: [264341913,com.google.android.apps.youtube.vr.activities.InternalYouTubeVrActivity,performCreate,32]
02-12 03:11:02.667 20295 20295 I wm_on_start_called: [264341913,com.google.android.apps.youtube.vr.activities.InternalYouTubeVrActivity,handleStartActivity,5]
02-12 03:11:02.671 20295 20295 I wm_on_resume_called: [264341913,com.google.android.apps.youtube.vr.activities.InternalYouTubeVrActivity,RESUME_ACTIVITY,2]
02-12 03:11:02.684 20295 20295 I wm_on_top_resumed_gained_called: [264341913,com.google.android.apps.youtube.vr.activities.InternalYouTubeVrActivity,topStateChangedWhenResumed]
02-12 03:11:02.853 20295 20295 I input_focus: [Giving fake focus to com.google.android.apps.youtube.vr.oculus,reason=unity bug workaround]
02-12 03:11:02.853 20295 20295 I input_focus: [Removing fake focus from com.google.android.apps.youtube.vr.oculus,reason=timeout callback]
02-12 03:11:02.864  1024  1366 I input_focus: [Focus request 66f759 com.google.android.apps.youtube.vr.oculus/com.google.android.apps.youtube.vr.activities.InternalYouTubeVrActivity,reason=UpdateInputWindows]
02-12 03:11:02.892  1024  1876 I input_focus: [Focus entering 66f759 com.google.android.apps.youtube.vr.oculus/com.google.android.apps.youtube.vr.activities.InternalYouTubeVrActivity (server),reason=Window became focusable. Previous reason: NO_WINDOW]
02-12 03:11:02.906 20295 20295 I auditd  : type=1400 audit(0.0:159): avc:  denied  { search } for  comm=474C54687265616420313532 name="soc0" dev="sysfs" ino=69934 scontext=u:r:untrusted_app_32:s0:c108,c256,c512,c768 tcontext=u:object_r:vendor_sysfs_soc:s0 tclass=dir permissive=0 app=com.google.android.apps.youtube.vr.oculus
02-12 03:11:02.906 20295 20295 I auditd  : type=1400 audit(0.0:160): avc:  denied  { search } for  comm=474C54687265616420313532 name="soc0" dev="sysfs" ino=69934 scontext=u:r:untrusted_app_32:s0:c108,c256,c512,c768 tcontext=u:object_r:vendor_sysfs_soc:s0 tclass=dir permissive=0 app=com.google.android.apps.youtube.vr.oculus
02-12 03:11:02.906 20295 20295 I auditd  : type=1400 audit(0.0:161): avc:  denied  { search } for  comm=474C54687265616420313532 name="soc0" dev="sysfs" ino=69934 scontext=u:r:untrusted_app_32:s0:c108,c256,c512,c768 tcontext=u:object_r:vendor_sysfs_soc:s0 tclass=dir permissive=0 app=com.google.android.apps.youtube.vr.oculus
02-12 03:11:03.465  1024  1362 I sysui_multi_action: [319,905,322,900,325,2585,757,761,758,8,759,2,806,com.google.android.apps.youtube.vr.oculus,871,com.google.android.apps.youtube.vr.activities.InternalYouTubeVrActivity,904,com.google.android.apps.youtube.vr.oculus,905,0,1320,4,1321,24]
02-12 03:11:03.469  1024  1362 I wm_activity_launch_time: [0,264341913,com.google.android.apps.youtube.vr.oculus/com.google.android.apps.youtube.vr.activities.InternalYouTubeVrActivity,900]
02-12 03:11:03.473  1024  1362 I sysui_multi_action: [324,1,757,1090,758,12,806,com.google.android.apps.youtube.vr.oculus,871,com.google.android.apps.youtube.vr.activities.InternalYouTubeVrActivity,1091,929]
02-12 03:11:03.503  1024  1365 I wm_stop_activity: [0,47355202,com.oculus.vrshell/.HomeActivity]
02-12 03:11:03.504  1024  1365 I wm_destroy_activity: [0,4520759,1368,com.oculus.vrshell/.FocusPlaceholderActivity,finish-imm:transit]
02-12 03:11:03.528  3501  3501 I wm_on_stop_called: [47355202,com.oculus.vrshell.HomeActivity,STOP_ACTIVITY_ITEM,1]
02-12 03:11:03.529  3501  3501 I wm_on_stop_called: [4520759,com.oculus.vrshell.FocusPlaceholderActivity,LIFECYCLER_STOP_ACTIVITY,0]
02-12 03:11:03.529  3501  3501 I wm_on_destroy_called: [4520759,com.oculus.vrshell.FocusPlaceholderActivity,performDestroy,0]
02-12 03:11:03.548  1024  1822 I wm_task_removed: [1368,1367,0,removeChild, last child = ActivityRecord{44fb37 u0 com.oculus.vrshell/.FocusPlaceholderActivity t-1 f}} in Task{573e8a4 #1368 type=standard A=10026:com.oculus.vrshell:-339196040}]
02-12 03:11:03.562  1024  1024 I wm_task_removed: [1367,1367,0,deleteRootTask]
02-12 03:11:03.566  1024  1362 I sysui_multi_action: [757,803,799,window_time_4,802,1]
02-12 03:11:03.571  1595  1595 I sf_frame_dur: [com.oculus.vrshell/com.oculus.vrshell.FocusPlaceholderActivity#2195,1,0,0,0,0,0,2]
02-12 03:11:13.482  1024  2009 I netstats_mobile_sample: [0,0,0,0,0,0,0,0,1770894673860]
02-12 03:11:13.482  1024  2009 I netstats_wifi_sample: [1608089941,66299496,1157259,126819,1587774616,66299496,1239898,126819,1770894673860]
02-12 03:11:15.557  1024  1822 I am_uid_active: 10147
02-12 03:11:15.556 19189 19189 I auditd  : type=1400 audit(0.0:162): avc:  denied  { read } for  comm="binder:19189_4" name="u:object_r:remote_prov_prop:s0" dev="tmpfs" ino=387 scontext=u:r:platform_app:s0:c512,c768 tcontext=u:object_r:remote_prov_prop:s0 tclass=file permissive=0 app=com.android.rkpdapp
02-12 03:11:40.195  1024  2009 I netstats_mobile_sample: [0,0,0,0,0,0,0,0,1770894700573]
02-12 03:11:40.195  1024  2009 I netstats_wifi_sample: [1609826868,66922768,1158873,127457,1589465307,66922768,1241516,127457,1770894700573]
02-12 03:11:40.210  1024  1877 I sysui_multi_action: [757,803,799,key_oculus_down,802,1]
02-12 03:11:40.212  1024  1876 I input_interaction: Interaction with: 66f759 com.google.android.apps.youtube.vr.oculus/com.google.android.apps.youtube.vr.activities.InternalYouTubeVrActivity (server), PointerEventDispatcher0 (server), 
02-12 03:11:40.664  1024  4311 I wm_set_keyguard_occluded: [0,0,0,setOccluded]
02-12 03:11:40.704  1024  1363 I wm_task_created: 1372
02-12 03:11:40.719  1024  1363 I sysui_multi_action: [757,1659,758,4,759,2,1660,115]
02-12 03:11:40.726  1024  1363 I wm_task_created: 1373
02-12 03:11:40.728  1024  1363 I wm_task_moved: [1373,1372,0,1,2147483647]
02-12 03:11:40.730  1024  1363 I wm_task_moved: [1372,1372,0,1,5]
02-12 03:11:40.730  1024  1363 I wm_focused_root_task: [0,0,1372,3,reuseOrNewTask]
02-12 03:11:40.730  1024  1363 I wm_create_task: [0,1373,1372,0]
02-12 03:11:40.730  1024  1363 I wm_create_activity: [0,115511235,1373,com.oculus.vrshell/.intents.AndroidIntentsRelayActivity,com.oculus.vrshell.intent.action.QUIT_TO_HOME,NULL,NULL,276889856]
02-12 03:11:40.730  1024  1363 I wm_task_moved: [1372,1372,0,1,5]
02-12 03:11:40.730  1024  1363 I wm_task_moved: [1373,1372,0,1,2147483647]
02-12 03:11:40.730  1024  1363 I wm_task_to_front: [0,1373,0]
02-12 03:11:40.731  1024  1363 I wm_restart_activity: [0,115511235,1373,com.oculus.vrshell/.intents.AndroidIntentsRelayActivity]
02-12 03:11:40.731  1024  1363 I wm_set_resumed_activity: [0,com.oculus.vrshell/.intents.AndroidIntentsRelayActivity,minimalResumeActivityLocked - onActivityStateChanged]
02-12 03:11:40.739  1024  3985 I wm_finish_activity: [0,115511235,1373,com.oculus.vrshell/.intents.AndroidIntentsRelayActivity,app-request]
02-12 03:11:40.739  1024  3985 I wm_task_moved: [3,3,0,1,5]
02-12 03:11:40.739  1024  3985 I wm_set_resumed_activity: [0,com.google.android.apps.youtube.vr.oculus/com.google.android.apps.youtube.vr.activities.InternalYouTubeVrActivity,positionChildTaskAt]
02-12 03:11:40.739  1024  3985 I wm_task_moved: [1371,3,0,1,2147483647]
02-12 03:11:40.739  1024  3985 I wm_task_to_front: [0,1371,0]
02-12 03:11:40.739  1024  3985 I wm_focused_root_task: [0,0,3,-1,finish-top adjustFocusToNextFocusableTask]
02-12 03:11:40.739  1024  3985 I wm_pause_activity: [0,115511235,com.oculus.vrshell/.intents.AndroidIntentsRelayActivity,userLeaving=false,finish]
02-12 03:11:40.740 20295 20295 I wm_on_top_resumed_lost_called: [264341913,com.google.android.apps.youtube.vr.activities.InternalYouTubeVrActivity,topStateChangedWhenResumed]
02-12 03:11:40.740  3501  3501 I wm_on_create_called: [115511235,com.oculus.vrshell.intents.AndroidIntentsRelayActivity,performCreate,4]
02-12 03:11:40.742  1024  1365 I sysui_multi_action: [757,1144,758,8,806,com.oculus.vrshell,871,com.oculus.vrshell.intents.AndroidIntentsRelayActivity]
02-12 03:11:40.744  1024  4311 I wm_destroy_activity: [0,115511235,1373,com.oculus.vrshell/.intents.AndroidIntentsRelayActivity,finish-imm:completePausedLocked]
02-12 03:11:40.745  3501  3501 I wm_on_destroy_called: [115511235,com.oculus.vrshell.intents.AndroidIntentsRelayActivity,performDestroy,0]
02-12 03:11:40.747  1024  1024 I wm_destroy_activity: [0,115511235,1373,com.oculus.vrshell/.intents.AndroidIntentsRelayActivity,finish-imm:deleteRootTask]
02-12 03:11:40.747  1024  4311 I wm_task_removed: [1373,1372,0,removeChild, last child = ActivityRecord{6e28fc3 u0 com.oculus.vrshell/.intents.AndroidIntentsRelayActivity t-1 f}} in Task{a16d040 #1373 type=standard A=10026:com.oculus.vrshell:1679482699}]
02-12 03:11:40.748  1024  4311 I wm_task_removed: [1372,1372,0,removeChild, last child = Task{a16d040 #1373 type=standard A=10026:com.oculus.vrshell:1679482699} in Task{f885b3f #1372 type=standard}]
02-12 03:11:40.750  1024  1362 I sysui_multi_action: [757,803,799,window_time_4,802,37]
02-12 03:11:40.750  1024  1362 I sysui_multi_action: [757,803,799,window_time_4,802,0]
02-12 03:11:40.751  1024  1372 I am_pss  : [18759,10031,com.projectm.questxr,55026688,40542208,0,193433600,0,18,5]
02-12 03:11:40.753 20295 20295 I wm_on_top_resumed_gained_called: [264341913,com.google.android.apps.youtube.vr.activities.InternalYouTubeVrActivity,topStateChangedWhenResumed]
02-12 03:11:40.756  1024  1372 I am_pss  : [16727,10027,com.oculus.os.voidactivity,18394112,11243520,0,152190976,0,18,4]
02-12 03:11:40.760  1024  1185 I wm_set_keyguard_occluded: [0,0,0,setOccluded]
02-12 03:11:40.797  1024  1363 I wm_task_created: 1374
02-12 03:11:40.814  1024  1363 I sysui_multi_action: [757,1659,758,4,759,2,1660,116]
02-12 03:11:40.821  1024  1363 I wm_task_created: 1375
02-12 03:11:40.822  1024  1363 I wm_task_moved: [1375,1374,0,1,2147483647]
02-12 03:11:40.825  1024  1363 I wm_task_moved: [1374,1374,0,1,5]
02-12 03:11:40.825  1024  1363 I wm_focused_root_task: [0,0,1374,3,reuseOrNewTask]
02-12 03:11:40.825  1024  1363 I wm_create_task: [0,1375,1374,0]
02-12 03:11:40.825  1024  1363 I wm_create_activity: [0,75602814,1375,com.oculus.systemux/com.oculus.panelapp.destinationui.DestinationUiActivity,android.intent.action.MAIN,NULL,NULL,268501248]
02-12 03:11:40.825  1024  1363 I wm_task_moved: [1374,1374,0,1,5]
02-12 03:11:40.825  1024  1363 I wm_task_moved: [1375,1374,0,1,2147483647]
02-12 03:11:40.825  1024  1363 I wm_task_to_front: [0,1375,0]
02-12 03:11:40.826  1024  1363 I wm_restart_activity: [0,75602814,1375,com.oculus.systemux/com.oculus.panelapp.destinationui.DestinationUiActivity]
02-12 03:11:40.826  1024  1363 I wm_set_resumed_activity: [0,com.oculus.systemux/com.oculus.panelapp.destinationui.DestinationUiActivity,minimalResumeActivityLocked - onActivityStateChanged]
02-12 03:11:40.838 20295 20295 I wm_on_top_resumed_lost_called: [264341913,com.google.android.apps.youtube.vr.activities.InternalYouTubeVrActivity,topStateChangedWhenResumed]
02-12 03:11:40.852  5570  5570 I wm_on_create_called: [75602814,com.oculus.panelapp.destinationui.DestinationUiActivity,performCreate,19]
02-12 03:11:40.868  1024  3996 I wm_set_resumed_activity: [0,com.oculus.systemux/com.oculus.panelapp.destinationui.DestinationUiActivity,setFocusedTask-alreadyTop]
02-12 03:11:40.878  1024  4311 I wm_set_keyguard_occluded: [0,0,0,setOccluded]
02-12 03:11:40.879  1024  1363 I wm_task_created: 1376
02-12 03:11:40.886  5570  5570 I wm_on_start_called: [75602814,com.oculus.panelapp.destinationui.DestinationUiActivity,handleStartActivity,34]
02-12 03:11:40.887  5570  5570 I wm_on_resume_called: [75602814,com.oculus.panelapp.destinationui.DestinationUiActivity,RESUME_ACTIVITY,0]
02-12 03:11:40.909  1024  1363 I sysui_multi_action: [757,1659,758,4,759,1,1660,117]
02-12 03:11:40.919  5570  5570 I wm_on_top_resumed_gained_called: [75602814,com.oculus.panelapp.destinationui.DestinationUiActivity,topStateChangedWhenResumed]
02-12 03:11:40.926  1024  1363 I wm_task_created: 1377
02-12 03:11:40.929  1024  1363 I wm_task_moved: [1377,1376,0,1,2147483647]
02-12 03:11:40.930  1024  1363 I wm_task_moved: [1376,1376,0,1,6]
02-12 03:11:40.930  1024  1363 I wm_focused_root_task: [0,0,1376,1374,reuseOrNewTask]
02-12 03:11:40.930  1024  1363 I wm_create_task: [0,1377,1376,0]
02-12 03:11:40.930  1024  1363 I wm_create_activity: [0,1380731,1377,com.oculus.vrshell/.FocusPlaceholderActivity,NULL,NULL,NULL,276889856]
02-12 03:11:40.930  1024  1363 I wm_task_moved: [1376,1376,0,1,6]
02-12 03:11:40.930  1024  1363 I wm_task_moved: [1377,1376,0,1,2147483647]
02-12 03:11:40.930  1024  1363 I wm_task_to_front: [0,1377,0]
02-12 03:11:40.931  1024  1363 I wm_restart_activity: [0,1380731,1377,com.oculus.vrshell/.FocusPlaceholderActivity]
02-12 03:11:40.932  1024  1363 I wm_set_resumed_activity: [0,com.oculus.vrshell/.FocusPlaceholderActivity,minimalResumeActivityLocked - onActivityStateChanged]
02-12 03:11:40.937  1024  1366 I input_focus: [Focus request f384115 com.oculus.systemux/com.oculus.panelapp.destinationui.DestinationUiActivity,reason=UpdateInputWindows]
02-12 03:11:40.947  1024  1876 I input_focus: [Focus leaving 66f759 com.google.android.apps.youtube.vr.oculus/com.google.android.apps.youtube.vr.activities.InternalYouTubeVrActivity (server),reason=setFocusedWindow]
02-12 03:11:40.948  1024  1876 I input_focus: [Focus entering f384115 com.oculus.systemux/com.oculus.panelapp.destinationui.DestinationUiActivity (server),reason=setFocusedWindow]
02-12 03:11:40.957  1024  1363 I sysui_multi_action: [757,1659,758,4,759,2,1660,118]
02-12 03:11:40.972  1024  1362 I wm_activity_launch_time: [0,75602814,com.oculus.systemux/com.oculus.panelapp.destinationui.DestinationUiActivity,144]
02-12 03:11:40.973  5274  5849 I jank_cuj_events_begin_request: [39,1770894700972367000,2623750846050,2623750846154,]
02-12 03:11:40.979  5570  5570 I wm_on_top_resumed_lost_called: [75602814,com.oculus.panelapp.destinationui.DestinationUiActivity,topStateChangedWhenResumed]
02-12 03:11:40.982  1024  1876 I input_interaction: Interaction with: f384115 com.oculus.systemux/com.oculus.panelapp.destinationui.DestinationUiActivity (server), PointerEventDispatcher0 (server), 
02-12 03:11:40.985  3501  3501 I wm_on_create_called: [1380731,com.oculus.vrshell.FocusPlaceholderActivity,performCreate,5]
02-12 03:11:40.986  3501  3501 I wm_on_start_called: [1380731,com.oculus.vrshell.FocusPlaceholderActivity,handleStartActivity,0]
02-12 03:11:40.987  3501  3501 I wm_on_resume_called: [1380731,com.oculus.vrshell.FocusPlaceholderActivity,RESUME_ACTIVITY,0]
02-12 03:11:41.001  1024  1366 I input_focus: [Focus request 44f8f6d com.oculus.vrshell/com.oculus.vrshell.FocusPlaceholderActivity,reason=UpdateInputWindows]
02-12 03:11:41.008  3501  3501 I wm_on_top_resumed_gained_called: [1380731,com.oculus.vrshell.FocusPlaceholderActivity,topStateChangedWhenResumed]
02-12 03:11:41.008  1024  1362 I wm_activity_launch_time: [0,1380731,com.oculus.vrshell/.FocusPlaceholderActivity,90]
02-12 03:11:41.016  5274  5849 I jank_cuj_events_begin_request: [39,1770894701016813000,2623795292513,2623795292669,]
02-12 03:11:41.016  1024  1876 I input_focus: [Focus leaving f384115 com.oculus.systemux/com.oculus.panelapp.destinationui.DestinationUiActivity (server),reason=Waiting for window because NO_WINDOW]
02-12 03:11:41.017  1024  1876 I input_focus: [Focus entering 44f8f6d com.oculus.vrshell/com.oculus.vrshell.FocusPlaceholderActivity (server),reason=Window became focusable. Previous reason: NO_WINDOW]
02-12 03:11:41.048  1024  4311 I service_manager_stats: [100,33,49477]
02-12 03:11:41.252  5274  5849 I jank_cuj_events_end_request: [39,1770894701252700000,2624031179203,2624031179307]
02-12 03:11:41.307  5274  5849 I jank_cuj_events_end_request: [39,1770894701307863000,2624086342490,2624086342594]
02-12 03:11:41.446  1595  1595 I sf_frame_dur: [Splash Screen com.oculus.systemux#2270,21,1,0,1,0,0,0]
02-12 03:11:41.501  1595  1595 I sf_frame_dur: [Splash Screen com.oculus.vrshell#2297,23,1,0,0,0,0,0]
02-12 03:11:43.780  1024  1876 I input_interaction: Interaction with: c1d5cb1 com.oculus.android_panel_app.AndroidPanelLayer-com.oculus.vrshell-controlbar13 (server), PointerEventDispatcher118 (server), 
02-12 03:11:44.044  1024  1876 I input_interaction: Interaction with: 8165729 com.oculus.systemux/com.oculus.panelapp.anytimeui.AnytimeUIActivity (server), PointerEventDispatcher0 (server), 
02-12 03:11:44.853  1024  4332 I wm_set_keyguard_occluded: [0,0,0,setOccluded]
02-12 03:11:44.889  1024  1363 I wm_task_created: 1378
02-12 03:11:44.892  1024  1363 I wm_task_moved: [1378,3,0,1,2147483647]
02-12 03:11:44.893  1024  1363 I wm_task_moved: [3,3,0,1,6]
02-12 03:11:44.894  1024  1363 I wm_set_resumed_activity: [0,com.google.android.apps.youtube.vr.oculus/com.google.android.apps.youtube.vr.activities.InternalYouTubeVrActivity,positionChildTaskAt]
02-12 03:11:44.894  1024  1363 I wm_focused_root_task: [0,0,3,1376,reuseOrNewTask]
02-12 03:11:44.894  1024  1363 I wm_create_task: [0,1378,3,0]
02-12 03:11:44.894  1024  1363 I wm_create_activity: [0,188862286,1378,com.projectm.questxr/.QuestNativeActivity,android.intent.action.MAIN,NULL,NULL,268501248]
02-12 03:11:44.894  1024  1363 I wm_task_moved: [3,3,0,1,6]
02-12 03:11:44.894  1024  1363 I wm_task_moved: [1378,3,0,1,2147483647]
02-12 03:11:44.894  1024  1363 I wm_task_to_front: [0,1378,0]
02-12 03:11:44.895  1024  1363 I wm_pause_activity: [0,264341913,com.google.android.apps.youtube.vr.oculus/com.google.android.apps.youtube.vr.activities.InternalYouTubeVrActivity,userLeaving=true,pauseBackTasks]
02-12 03:11:44.897  1024  1366 I input_focus: [Focus request 66f759 com.google.android.apps.youtube.vr.oculus/com.google.android.apps.youtube.vr.activities.InternalYouTubeVrActivity,reason=UpdateInputWindows]
02-12 03:11:44.903  1024  4337 I wm_finish_activity: [0,1380731,1377,com.oculus.vrshell/.FocusPlaceholderActivity,app-request]
02-12 03:11:44.904  1024  4337 I wm_pause_activity: [0,1380731,com.oculus.vrshell/.FocusPlaceholderActivity,userLeaving=false,finish]
02-12 03:11:44.904  1595  1595 I sf_frame_dur: [com.oculus.android_panel_app.AndroidPanelLayer-com.oculus.vrshell-controlbar13#2304,13,0,0,0,0,0,1]
02-12 03:11:44.905  3501  3501 I wm_on_top_resumed_lost_called: [1380731,com.oculus.vrshell.FocusPlaceholderActivity,topStateChangedWhenResumed]
02-12 03:11:44.905  3501  3501 I wm_on_paused_called: [1380731,com.oculus.vrshell.FocusPlaceholderActivity,performPause,0]
02-12 03:11:44.906  1024  1822 I wm_add_to_stopping: [0,1380731,com.oculus.vrshell/.FocusPlaceholderActivity,completeFinishing]
02-12 03:11:44.907  1024  1822 I wm_add_to_stopping: [0,264341913,com.google.android.apps.youtube.vr.oculus/com.google.android.apps.youtube.vr.activities.InternalYouTubeVrActivity,makeInvisible]
02-12 03:11:44.907  1024  1876 I input_focus: [Focus leaving 44f8f6d com.oculus.vrshell/com.oculus.vrshell.FocusPlaceholderActivity (server),reason=setFocusedWindow]
02-12 03:11:44.907  1024  1876 I input_focus: [Focus entering 66f759 com.google.android.apps.youtube.vr.oculus/com.google.android.apps.youtube.vr.activities.InternalYouTubeVrActivity (server),reason=setFocusedWindow]
02-12 03:11:44.908  1024  1362 I sysui_multi_action: [757,803,799,window_time_4,802,4]
02-12 03:11:44.909  1024  3985 I wm_task_moved: [3,3,0,1,6]
02-12 03:11:44.909  1024  3985 I wm_task_moved: [1378,3,0,1,2147483647]
02-12 03:11:44.920  1024  1876 I input_focus: [Focus leaving 66f759 com.google.android.apps.youtube.vr.oculus/com.google.android.apps.youtube.vr.activities.InternalYouTubeVrActivity (server),reason=NO_WINDOW]
02-12 03:11:44.943  1024  1822 I wm_finish_activity: [0,75602814,1375,com.oculus.systemux/com.oculus.panelapp.destinationui.DestinationUiActivity,remove-root-task]
02-12 03:11:44.943  1024  1822 I wm_pause_activity: [0,75602814,com.oculus.systemux/com.oculus.panelapp.destinationui.DestinationUiActivity,userLeaving=false,finish]
02-12 03:11:44.944  5570  5570 I wm_on_paused_called: [75602814,com.oculus.panelapp.destinationui.DestinationUiActivity,performPause,0]
02-12 03:11:44.946  1024  4337 I wm_add_to_stopping: [0,75602814,com.oculus.systemux/com.oculus.panelapp.destinationui.DestinationUiActivity,completeFinishing]
02-12 03:11:44.952  1024  1362 I sysui_multi_action: [757,803,799,window_time_4,802,0]
02-12 03:11:44.952  1024  1362 I sysui_multi_action: [757,803,799,window_time_4,802,0]
02-12 03:11:44.964 20295 20295 I wm_on_paused_called: [264341913,com.google.android.apps.youtube.vr.activities.InternalYouTubeVrActivity,performPause,68]
02-12 03:11:44.965  1024  4311 I wm_restart_activity: [0,188862286,1378,com.projectm.questxr/.QuestNativeActivity]
02-12 03:11:44.965  1024  4311 I wm_set_resumed_activity: [0,com.projectm.questxr/.QuestNativeActivity,minimalResumeActivityLocked - onActivityStateChanged]
02-12 03:11:44.966  1024  1362 I sysui_multi_action: [757,803,799,window_time_4,802,0]
02-12 03:11:44.995 18759 18759 I wm_on_create_called: [188862286,com.projectm.questxr.QuestNativeActivity,performCreate,18]
02-12 03:11:45.000  1024  3985 I wm_finish_activity: [0,264341913,1371,com.google.android.apps.youtube.vr.oculus/com.google.android.apps.youtube.vr.activities.InternalYouTubeVrActivity,app-request]
02-12 03:11:45.482 18759 18759 I wm_on_start_called: [188862286,com.projectm.questxr.QuestNativeActivity,handleStartActivity,487]
02-12 03:11:45.485 18759 18759 I wm_on_resume_called: [188862286,com.projectm.questxr.QuestNativeActivity,RESUME_ACTIVITY,2]
02-12 03:11:45.490 18759 18759 I wm_on_top_resumed_gained_called: [188862286,com.projectm.questxr.QuestNativeActivity,topStateChangedWhenResumed]
02-12 03:11:45.502 18759 18759 I input_focus: [Giving fake focus to com.projectm.questxr,reason=unity bug workaround]
02-12 03:11:45.502 18759 18759 I input_focus: [Removing fake focus from com.projectm.questxr,reason=timeout callback]
02-12 03:11:45.507  1024  1366 I input_focus: [Focus request 8e8bbc5 com.projectm.questxr/com.projectm.questxr.QuestNativeActivity,reason=UpdateInputWindows]
02-12 03:11:45.519  1024  1362 I sysui_multi_action: [319,635,322,633,325,2627,757,761,758,8,759,2,806,com.projectm.questxr,871,com.projectm.questxr.QuestNativeActivity,904,com.oculus.vrshell,905,0,1320,12,1321,1]
02-12 03:11:45.520  1024  1362 I wm_activity_launch_time: [0,188862286,com.projectm.questxr/.QuestNativeActivity,633]
02-12 03:11:45.525  1024  1365 I wm_destroy_activity: [0,1380731,1377,com.oculus.vrshell/.FocusPlaceholderActivity,finish-imm:idle]
02-12 03:11:45.525  1024  1365 I wm_destroy_activity: [0,264341913,1371,com.google.android.apps.youtube.vr.oculus/com.google.android.apps.youtube.vr.activities.InternalYouTubeVrActivity,finish-imm:idle]
02-12 03:11:45.528  1024  1365 I wm_destroy_activity: [0,75602814,1375,com.oculus.systemux/com.oculus.panelapp.destinationui.DestinationUiActivity,finish-imm:idle]
02-12 03:11:45.531  1024  1876 I input_focus: [Focus entering 8e8bbc5 com.projectm.questxr/com.projectm.questxr.QuestNativeActivity (server),reason=Window became focusable. Previous reason: NO_WINDOW]
02-12 03:11:45.536  3501  3501 I wm_on_stop_called: [1380731,com.oculus.vrshell.FocusPlaceholderActivity,LIFECYCLER_STOP_ACTIVITY,0]
02-12 03:11:45.537  3501  3501 I wm_on_destroy_called: [1380731,com.oculus.vrshell.FocusPlaceholderActivity,performDestroy,0]
02-12 03:11:45.542  1024  3996 I wm_task_removed: [1377,1376,0,removeChild, last child = ActivityRecord{15117b u0 com.oculus.vrshell/.FocusPlaceholderActivity t-1 f}} in Task{eda3ff1 #1377 type=standard A=10026:com.oculus.vrshell:-339196040}]
02-12 03:11:45.543  5570  5570 I wm_on_stop_called: [75602814,com.oculus.panelapp.destinationui.DestinationUiActivity,LIFECYCLER_STOP_ACTIVITY,1]
02-12 03:11:45.553  1024  1024 I wm_task_removed: [1376,1376,0,deleteRootTask]
02-12 03:11:45.554  1024  1362 I sysui_multi_action: [757,803,799,window_time_4,802,1]
02-12 03:11:45.557  1595  1595 I sf_frame_dur: [com.oculus.vrshell/com.oculus.vrshell.FocusPlaceholderActivity#2301,1,0,0,0,0,0,1]
02-12 03:11:45.558  5570  5570 I wm_on_destroy_called: [75602814,com.oculus.panelapp.destinationui.DestinationUiActivity,performDestroy,13]
02-12 03:11:45.564  1024  1822 I wm_task_removed: [1375,1374,0,removeChild, last child = ActivityRecord{4819b7e u0 com.oculus.systemux/com.oculus.panelapp.destinationui.DestinationUiActivity t-1 f}} in Task{a03c8df #1375 type=standard A=10005:com.oculus.systemux:-1716353802}]
02-12 03:11:45.568  1024  1822 I wm_task_removed: [1374,1374,0,removeChild, last child = Task{a03c8df #1375 type=standard A=10005:com.oculus.systemux:-1716353802} in Task{39a162a #1374 type=standard}]
02-12 03:11:45.584  1595  1595 I sf_frame_dur: [com.oculus.systemux/com.oculus.panelapp.destinationui.DestinationUiActivity#2286,48,2,3,0,0,2,2]
02-12 03:11:45.600 20295 20295 I wm_on_stop_called: [264341913,com.google.android.apps.youtube.vr.activities.InternalYouTubeVrActivity,LIFECYCLER_STOP_ACTIVITY,50]
02-12 03:11:45.676 20295 20295 I wm_on_destroy_called: [264341913,com.google.android.apps.youtube.vr.activities.InternalYouTubeVrActivity,performDestroy,72]
02-12 03:11:45.679  1024  3996 I wm_task_removed: [1371,3,0,removeChild, last child = ActivityRecord{fc18999 u0 com.google.android.apps.youtube.vr.oculus/com.google.android.apps.youtube.vr.activities.InternalYouTubeVrActivity t-1 f}} in Task{2aa645e #1371 type=standard A=10108:com.google.android.apps.youtube.vr.oculus}]
02-12 03:11:50.185  1024  1877 I sysui_multi_action: [757,803,799,key_oculus_down,802,1]
02-12 03:11:50.186  1024  1876 I input_interaction: Interaction with: 8e8bbc5 com.projectm.questxr/com.projectm.questxr.QuestNativeActivity (server), PointerEventDispatcher0 (server), 
02-12 03:11:50.582  1024  4332 I wm_set_keyguard_occluded: [0,0,0,setOccluded]
02-12 03:11:50.620  1024  1363 I wm_task_created: 1379
02-12 03:11:50.641  1024  1363 I sysui_multi_action: [757,1659,758,4,759,2,1660,119]
02-12 03:11:50.646  1024  1363 I wm_task_created: 1380
02-12 03:11:50.647  1024  1363 I wm_task_moved: [1380,1379,0,1,2147483647]
02-12 03:11:50.648  1024  1363 I wm_task_moved: [1379,1379,0,1,5]
02-12 03:11:50.648  1024  1363 I wm_focused_root_task: [0,0,1379,3,reuseOrNewTask]
02-12 03:11:50.648  1024  1363 I wm_create_task: [0,1380,1379,0]
02-12 03:11:50.648  1024  1363 I wm_create_activity: [0,38693522,1380,com.oculus.vrshell/.intents.AndroidIntentsRelayActivity,com.oculus.vrshell.intent.action.QUIT_TO_HOME,NULL,NULL,276889856]
02-12 03:11:50.648  1024  1363 I wm_task_moved: [1379,1379,0,1,5]
02-12 03:11:50.648  1024  1363 I wm_task_moved: [1380,1379,0,1,2147483647]
02-12 03:11:50.648  1024  1363 I wm_task_to_front: [0,1380,0]
02-12 03:11:50.648 18759 18759 I wm_on_top_resumed_lost_called: [188862286,com.projectm.questxr.QuestNativeActivity,topStateChangedWhenResumed]
02-12 03:11:50.648  1024  1363 I wm_restart_activity: [0,38693522,1380,com.oculus.vrshell/.intents.AndroidIntentsRelayActivity]
02-12 03:11:50.649  1024  1363 I wm_set_resumed_activity: [0,com.oculus.vrshell/.intents.AndroidIntentsRelayActivity,minimalResumeActivityLocked - onActivityStateChanged]
02-12 03:11:50.656  1024  4332 I wm_finish_activity: [0,38693522,1380,com.oculus.vrshell/.intents.AndroidIntentsRelayActivity,app-request]
02-12 03:11:50.656  1024  4332 I wm_task_moved: [3,3,0,1,5]
02-12 03:11:50.657  1024  4332 I wm_set_resumed_activity: [0,com.projectm.questxr/.QuestNativeActivity,positionChildTaskAt]
02-12 03:11:50.657  1024  4332 I wm_task_moved: [1378,3,0,1,2147483647]
02-12 03:11:50.657  1024  4332 I wm_task_to_front: [0,1378,0]
02-12 03:11:50.657  1024  4332 I wm_focused_root_task: [0,0,3,-1,finish-top adjustFocusToNextFocusableTask]
02-12 03:11:50.657  1024  4332 I wm_pause_activity: [0,38693522,com.oculus.vrshell/.intents.AndroidIntentsRelayActivity,userLeaving=false,finish]
02-12 03:11:50.658  3501  3501 I wm_on_create_called: [38693522,com.oculus.vrshell.intents.AndroidIntentsRelayActivity,performCreate,2]
02-12 03:11:50.659  1024  1365 I sysui_multi_action: [757,1144,758,8,806,com.oculus.vrshell,871,com.oculus.vrshell.intents.AndroidIntentsRelayActivity]
02-12 03:11:50.664  1024  1024 I wm_destroy_activity: [0,38693522,1380,com.oculus.vrshell/.intents.AndroidIntentsRelayActivity,finish-imm:deleteRootTask]
02-12 03:11:50.664 18759 18759 I wm_on_top_resumed_gained_called: [188862286,com.projectm.questxr.QuestNativeActivity,topStateChangedWhenResumed]
02-12 03:11:50.665  1024  1362 I sysui_multi_action: [757,803,799,window_time_4,802,5]
02-12 03:11:50.665  1024  3996 I wm_failed_to_pause: [0,38693522,com.oculus.vrshell/.intents.AndroidIntentsRelayActivity,(none)]
02-12 03:11:50.666  3501  3501 I wm_on_destroy_called: [38693522,com.oculus.vrshell.intents.AndroidIntentsRelayActivity,performDestroy,0]
02-12 03:11:50.666  1024  3996 I wm_task_removed: [1380,1379,0,removeChild, last child = ActivityRecord{24e6a92 u0 com.oculus.vrshell/.intents.AndroidIntentsRelayActivity t-1 f}} in Task{ec80c63 #1380 type=standard A=10026:com.oculus.vrshell:1679482699}]
02-12 03:11:50.667  1024  3996 I wm_task_removed: [1379,1379,0,removeChild, last child = Task{ec80c63 #1380 type=standard A=10026:com.oculus.vrshell:1679482699} in Task{4310fce #1379 type=standard}]
02-12 03:11:50.674  1024  4332 I wm_set_keyguard_occluded: [0,0,0,setOccluded]
02-12 03:11:50.716  1024  1363 I wm_task_created: 1381
02-12 03:11:50.730  1024  1363 I sysui_multi_action: [757,1659,758,4,759,2,1660,120]
02-12 03:11:50.737  1024  1363 I wm_task_created: 1382
02-12 03:11:50.739  1024  1363 I wm_task_moved: [1382,1381,0,1,2147483647]
02-12 03:11:50.740  1024  1363 I wm_task_moved: [1381,1381,0,1,5]
02-12 03:11:50.740  1024  1363 I wm_focused_root_task: [0,0,1381,3,reuseOrNewTask]
02-12 03:11:50.740  1024  1363 I wm_create_task: [0,1382,1381,0]
02-12 03:11:50.740  1024  1363 I wm_create_activity: [0,142035421,1382,com.oculus.systemux/com.oculus.panelapp.destinationui.DestinationUiActivity,android.intent.action.MAIN,NULL,NULL,268501248]
02-12 03:11:50.740  1024  1363 I wm_task_moved: [1381,1381,0,1,5]
02-12 03:11:50.740  1024  1363 I wm_task_moved: [1382,1381,0,1,2147483647]
02-12 03:11:50.740  1024  1363 I wm_task_to_front: [0,1382,0]
02-12 03:11:50.740 18759 18759 I wm_on_top_resumed_lost_called: [188862286,com.projectm.questxr.QuestNativeActivity,topStateChangedWhenResumed]
02-12 03:11:50.741  1024  1363 I wm_restart_activity: [0,142035421,1382,com.oculus.systemux/com.oculus.panelapp.destinationui.DestinationUiActivity]
02-12 03:11:50.741  1024  1363 I wm_set_resumed_activity: [0,com.oculus.systemux/com.oculus.panelapp.destinationui.DestinationUiActivity,minimalResumeActivityLocked - onActivityStateChanged]
02-12 03:11:50.771  5570  5570 I wm_on_create_called: [142035421,com.oculus.panelapp.destinationui.DestinationUiActivity,performCreate,24]
02-12 03:11:50.783  1024  4311 I wm_set_resumed_activity: [0,com.oculus.systemux/com.oculus.panelapp.destinationui.DestinationUiActivity,setFocusedTask-alreadyTop]
02-12 03:11:50.794  1024  4332 I wm_set_keyguard_occluded: [0,0,0,setOccluded]
02-12 03:11:50.795  1024  1363 I wm_task_created: 1383
02-12 03:11:50.803  5570  5570 I wm_on_start_called: [142035421,com.oculus.panelapp.destinationui.DestinationUiActivity,handleStartActivity,32]
02-12 03:11:50.804  5570  5570 I wm_on_resume_called: [142035421,com.oculus.panelapp.destinationui.DestinationUiActivity,RESUME_ACTIVITY,0]
02-12 03:11:50.826  1024  1363 I sysui_multi_action: [757,1659,758,4,759,1,1660,121]
02-12 03:11:50.839  5570  5570 I wm_on_top_resumed_gained_called: [142035421,com.oculus.panelapp.destinationui.DestinationUiActivity,topStateChangedWhenResumed]
02-12 03:11:50.841  1024  1363 I wm_task_created: 1384
02-12 03:11:50.843  1024  1363 I wm_task_moved: [1384,1383,0,1,2147483647]
02-12 03:11:50.845  1024  1363 I wm_task_moved: [1383,1383,0,1,6]
02-12 03:11:50.845  1024  1363 I wm_focused_root_task: [0,0,1383,1381,reuseOrNewTask]
02-12 03:11:50.845  1024  1363 I wm_create_task: [0,1384,1383,0]
02-12 03:11:50.845  1024  1363 I wm_create_activity: [0,107936482,1384,com.oculus.vrshell/.FocusPlaceholderActivity,NULL,NULL,NULL,276889856]
02-12 03:11:50.845  1024  1363 I wm_task_moved: [1383,1383,0,1,6]
02-12 03:11:50.845  1024  1363 I wm_task_moved: [1384,1383,0,1,2147483647]
02-12 03:11:50.845  1024  1363 I wm_task_to_front: [0,1384,0]
02-12 03:11:50.846  1024  1363 I wm_restart_activity: [0,107936482,1384,com.oculus.vrshell/.FocusPlaceholderActivity]
02-12 03:11:50.846  1024  1363 I wm_set_resumed_activity: [0,com.oculus.vrshell/.FocusPlaceholderActivity,minimalResumeActivityLocked - onActivityStateChanged]
02-12 03:11:50.859  1024  1366 I input_focus: [Focus request 7e95bd7 com.oculus.systemux/com.oculus.panelapp.destinationui.DestinationUiActivity,reason=UpdateInputWindows]
02-12 03:11:50.878  1024  1876 I input_focus: [Focus leaving 8e8bbc5 com.projectm.questxr/com.projectm.questxr.QuestNativeActivity (server),reason=Waiting for window because NO_WINDOW]
02-12 03:11:50.878  1024  1876 I input_focus: [Focus entering 7e95bd7 com.oculus.systemux/com.oculus.panelapp.destinationui.DestinationUiActivity (server),reason=Window became focusable. Previous reason: NO_WINDOW]
02-12 03:11:50.881  1024  1363 I sysui_multi_action: [757,1659,758,4,759,2,1660,122]
02-12 03:11:50.889  1024  1362 I wm_activity_launch_time: [0,142035421,com.oculus.systemux/com.oculus.panelapp.destinationui.DestinationUiActivity,137]
02-12 03:11:50.889  1024  1876 I input_interaction: Interaction with: 7e95bd7 com.oculus.systemux/com.oculus.panelapp.destinationui.DestinationUiActivity (server), PointerEventDispatcher0 (server), 
02-12 03:11:50.895  3501  3501 I wm_on_create_called: [107936482,com.oculus.vrshell.FocusPlaceholderActivity,performCreate,3]
02-12 03:11:50.898  5274  5849 I jank_cuj_events_begin_request: [39,1770894710898783000,2633677262664,2633677262716,]
02-12 03:11:50.897  3501  3501 I wm_on_start_called: [107936482,com.oculus.vrshell.FocusPlaceholderActivity,handleStartActivity,2]
02-12 03:11:50.900  3501  3501 I wm_on_resume_called: [107936482,com.oculus.vrshell.FocusPlaceholderActivity,RESUME_ACTIVITY,0]
02-12 03:11:50.900  5570  5570 I wm_on_top_resumed_lost_called: [142035421,com.oculus.panelapp.destinationui.DestinationUiActivity,topStateChangedWhenResumed]
02-12 03:11:50.911  1024  1366 I input_focus: [Focus request 88ef47 com.oculus.vrshell/com.oculus.vrshell.FocusPlaceholderActivity,reason=UpdateInputWindows]
02-12 03:11:50.915  1024  1362 I wm_activity_launch_time: [0,107936482,com.oculus.vrshell/.FocusPlaceholderActivity,77]
02-12 03:11:50.920  1024  1876 I input_focus: [Focus leaving 7e95bd7 com.oculus.systemux/com.oculus.panelapp.destinationui.DestinationUiActivity (server),reason=Waiting for window because NO_WINDOW]
02-12 03:11:50.922  1024  1876 I input_focus: [Focus entering 88ef47 com.oculus.vrshell/com.oculus.vrshell.FocusPlaceholderActivity (server),reason=Window became focusable. Previous reason: NO_WINDOW]
02-12 03:11:50.922  3501  3501 I wm_on_top_resumed_gained_called: [107936482,com.oculus.vrshell.FocusPlaceholderActivity,topStateChangedWhenResumed]
02-12 03:11:50.933  5274  5849 I jank_cuj_events_begin_request: [39,1770894710933155000,2633711633813,2633711633918,]
02-12 03:11:51.182  5274  5849 I jank_cuj_events_end_request: [39,1770894711182740000,2633961220192,2633961220244]
02-12 03:11:51.225  5274  5849 I jank_cuj_events_end_request: [39,1770894711225088000,2634003568113,2634003568165]
02-12 03:11:51.376  1595  1595 I sf_frame_dur: [Splash Screen com.oculus.systemux#2344,21,1,0,1,0,0,0]
02-12 03:11:51.418  1595  1595 I sf_frame_dur: [Splash Screen com.oculus.vrshell#2371,23,1,0,0,0,0,0]
02-12 03:11:55.268  1024  1876 I input_interaction: Interaction with: b8f52c4 com.oculus.android_panel_app.AndroidPanelLayer-com.oculus.vrshell-controlbar13 (server), PointerEventDispatcher122 (server), 
02-12 03:11:55.725  1024  1876 I input_interaction: Interaction with: 8165729 com.oculus.systemux/com.oculus.panelapp.anytimeui.AnytimeUIActivity (server), PointerEventDispatcher0 (server), 
02-12 03:11:56.490  1024  3985 I wm_set_keyguard_occluded: [0,0,0,setOccluded]
02-12 03:11:56.521  1024  1363 I wm_task_created: 1385
02-12 03:11:56.523  1024  2265 I service_manager_stats: [100,24,15475]
02-12 03:11:56.538  1024  1363 I sysui_multi_action: [757,1659,758,4,759,2,1660,123]
02-12 03:11:56.546  1024  1363 I wm_task_created: 1386
02-12 03:11:56.547  1024  1363 I wm_task_moved: [1386,1385,0,1,2147483647]
02-12 03:11:56.549  1024  1363 I wm_task_moved: [1385,1385,0,1,7]
02-12 03:11:56.549  1024  1363 I wm_focused_root_task: [0,0,1385,1383,reuseOrNewTask]
02-12 03:11:56.549  1024  1363 I wm_create_task: [0,1386,1385,0]
02-12 03:11:56.549  1024  1363 I wm_create_activity: [0,235684531,1386,com.google.android.apps.youtube.vr.oculus/com.google.android.apps.youtube.vr.activities.YouTubeVrPanel2Activity,android.intent.action.MAIN,NULL,NULL,276889856]
02-12 03:11:56.549  3501  3501 I wm_on_top_resumed_lost_called: [107936482,com.oculus.vrshell.FocusPlaceholderActivity,topStateChangedWhenResumed]
02-12 03:11:56.549  1024  1363 I wm_task_moved: [1385,1385,0,1,7]
02-12 03:11:56.549  1024  1363 I wm_task_moved: [1386,1385,0,1,2147483647]
02-12 03:11:56.549  1024  1363 I wm_task_to_front: [0,1386,0]
02-12 03:11:56.550  1024  1363 I wm_restart_activity: [0,235684531,1386,com.google.android.apps.youtube.vr.oculus/com.google.android.apps.youtube.vr.activities.YouTubeVrPanel2Activity]
02-12 03:11:56.552  1024  1363 I wm_set_resumed_activity: [0,com.google.android.apps.youtube.vr.oculus/com.google.android.apps.youtube.vr.activities.YouTubeVrPanel2Activity,minimalResumeActivityLocked - onActivityStateChanged]
02-12 03:11:56.554  1024  1366 I input_focus: [Requesting to set focus to null window,reason=UpdateInputWindows]
02-12 03:11:56.558  1024  1876 I input_focus: [Focus leaving 88ef47 com.oculus.vrshell/com.oculus.vrshell.FocusPlaceholderActivity (server),reason=Waiting for window because NO_WINDOW]
02-12 03:11:56.659 20295 20295 I wm_on_create_called: [235684531,com.google.android.apps.youtube.vr.activities.YouTubeVrPanel2Activity,performCreate,99]
02-12 03:11:56.702 20295 20295 I wm_on_start_called: [235684531,com.google.android.apps.youtube.vr.activities.YouTubeVrPanel2Activity,handleStartActivity,40]
02-12 03:11:56.748 20295 20295 I wm_on_resume_called: [235684531,com.google.android.apps.youtube.vr.activities.YouTubeVrPanel2Activity,RESUME_ACTIVITY,2]
